
PROGRAM "E:\gsc\2017Project\项目资料\样车代码\meter\bin\Project.abs"

*********************************************************************************************
TARGET SECTION
---------------------------------------------------------------------------------------------
Processor   : Freescale HC12
Memory Model: BANKED
File Format : ELF\DWARF 2.0
Linker      : SmartLinker V-5.0.40 Build 10203, Jul 23 2010

*********************************************************************************************
FILE SECTION
---------------------------------------------------------------------------------------------
mc9s12xhz512.c.o                        Model: BANKED,        Lang: ANSI-C
Start12.c.o                             Model: BANKED,        Lang: ANSI-C
rtshc12.c.o (ansixbi.lib)               Model: BANKED,        Lang: ANSI-C
STDLIB.C.o (ansi_xgi.lib)               Model: Unknown Model, Lang: ANSI-C
rtsxgate.cxgate.o (ansi_xgi.lib)        Model: Unknown Model, Lang: ANSI-C
common.c.o                              Model: BANKED,        Lang: ANSI-C
CpuInit.c.o                             Model: BANKED,        Lang: ANSI-C
Eeprom.c.o                              Model: BANKED,        Lang: ANSI-C
ISR.C.o                                 Model: BANKED,        Lang: ANSI-C
KeyDeal.c.o                             Model: BANKED,        Lang: ANSI-C
load_deal.c.o                           Model: BANKED,        Lang: ANSI-C
M41T00.c.o                              Model: BANKED,        Lang: ANSI-C
main.c.o                                Model: BANKED,        Lang: ANSI-C
message.c.o                             Model: BANKED,        Lang: ANSI-C
StepDeal.c.o                            Model: BANKED,        Lang: ANSI-C
vector.C.o                              Model: BANKED,        Lang: ANSI-C
TftDisplay.c.o                          Model: BANKED,        Lang: ANSI-C
xgate.cxgate.o                          Model: Unknown Model, Lang: ANSI-C
J1939.c.o                               Model: BANKED,        Lang: ANSI-C
TW_SpiOsd.c.o                           Model: BANKED,        Lang: ANSI-C
TW_FontOsd.C.o                          Model: BANKED,        Lang: ANSI-C
SensorDeal.c.o                          Model: BANKED,        Lang: ANSI-C
DistanceDeal.c.o                        Model: BANKED,        Lang: ANSI-C

*********************************************************************************************
STARTUP SECTION
---------------------------------------------------------------------------------------------
Entry point: 0xC100 (_Startup)
_startupData is allocated at 0xC10F and uses 6 Bytes
extern struct _tagStartup {
  unsigned nofZeroOut     2
  _Range   pZeroOut       0x2500     1692
                          0xF81100     3190
  _Copy    *toCopyDownBeg 0xCDAC
} _startupData;

*********************************************************************************************
SECTION-ALLOCATION SECTION
Section Name                    Size  Type     From       To       Segment
---------------------------------------------------------------------------------------------
.init                             15     R     0xC100     0xC10E   ROM_C000
.startData                        46     R     0xC10F     0xC13C   ROM_C000
.text                             60     R     0xC13D     0xC178   ROM_C000
NON_BANKED                      3123     R     0xC179     0xCDAB   ROM_C000
.copy                           3213     R     0xCDAC     0xDA38   ROM_C000
.rodata                         4203     R     0x4000     0x506A   boot_config
ROM_USER_START                     4     R     0xC000     0xC003   ROM_START
USER_ROM                       16286     R   0xFE8000   0xFEBF9D   PAGE_FE
.stack                          1280   R/W     0x2000     0x24FF   RAM
.data                             12   R/W     0x2500     0x250B   RAM
XGATE_VECTORS                    452   R/W   0xF81100   0xF812C3   RAM_F8
XGATE_CONST                       48   R/W   0xF812C4   0xF812F3   RAM_F8
XGATE_CODE                      2690   R/W   0xF812F4   0xF81D75   RAM_F8
.abs_section_8                     1   N/I        0x8        0x8   .absSeg0
.abs_section_9                     1   N/I        0x9        0x9   .absSeg1
.abs_section_a                     1   N/I        0xA        0xA   .absSeg2
.abs_section_b                     1   N/I        0xB        0xB   .absSeg3
.abs_section_c                     1   N/I        0xC        0xC   .absSeg4
.abs_section_d                     1   N/I        0xD        0xD   .absSeg5
.abs_section_e                     1   N/I        0xE        0xE   .absSeg6
.abs_section_f                     1   N/I        0xF        0xF   .absSeg7
.abs_section_10                    1   N/I       0x10       0x10   .absSeg8
.abs_section_11                    1   N/I       0x11       0x11   .absSeg9
.abs_section_13                    1   N/I       0x13       0x13   .absSeg10
.abs_section_16                    1   N/I       0x16       0x16   .absSeg11
.abs_section_17                    1   N/I       0x17       0x17   .absSeg12
.abs_section_1c                    1   N/I       0x1C       0x1C   .absSeg13
.abs_section_1e                    1   N/I       0x1E       0x1E   .absSeg14
.abs_section_1f                    1   N/I       0x1F       0x1F   .absSeg15
.abs_section_20                    1   N/I       0x20       0x20   .absSeg16
.abs_section_21                    1   N/I       0x21       0x21   .absSeg17
.abs_section_22                    1   N/I       0x22       0x22   .absSeg18
.abs_section_23                    1   N/I       0x23       0x23   .absSeg19
.abs_section_26                    1   N/I       0x26       0x26   .absSeg20
.abs_section_27                    1   N/I       0x27       0x27   .absSeg21
.abs_section_28                    1   N/I       0x28       0x28   .absSeg22
.abs_section_29                    1   N/I       0x29       0x29   .absSeg23
.abs_section_2a                    1   N/I       0x2A       0x2A   .absSeg24
.abs_section_2b                    1   N/I       0x2B       0x2B   .absSeg25
.abs_section_2c                    1   N/I       0x2C       0x2C   .absSeg26
.abs_section_2d                    1   N/I       0x2D       0x2D   .absSeg27
.abs_section_2e                    1   N/I       0x2E       0x2E   .absSeg28
.abs_section_2f                    1   N/I       0x2F       0x2F   .absSeg29
.abs_section_30                    1   N/I       0x30       0x30   .absSeg30
.abs_section_32                    1   N/I       0x32       0x32   .absSeg31
.abs_section_33                    1   N/I       0x33       0x33   .absSeg32
.abs_section_34                    1   N/I       0x34       0x34   .absSeg33
.abs_section_35                    1   N/I       0x35       0x35   .absSeg34
.abs_section_37                    1   N/I       0x37       0x37   .absSeg35
.abs_section_38                    1   N/I       0x38       0x38   .absSeg36
.abs_section_39                    1   N/I       0x39       0x39   .absSeg37
.abs_section_3a                    1   N/I       0x3A       0x3A   .absSeg38
.abs_section_3b                    1   N/I       0x3B       0x3B   .absSeg39
.abs_section_3c                    1   N/I       0x3C       0x3C   .absSeg40
.abs_section_3f                    1   N/I       0x3F       0x3F   .absSeg41
.abs_section_40                    1   N/I       0x40       0x40   .absSeg42
.abs_section_41                    1   N/I       0x41       0x41   .absSeg43
.abs_section_42                    1   N/I       0x42       0x42   .absSeg44
.abs_section_43                    1   N/I       0x43       0x43   .absSeg45
.abs_section_46                    1   N/I       0x46       0x46   .absSeg46
.abs_section_47                    1   N/I       0x47       0x47   .absSeg47
.abs_section_48                    1   N/I       0x48       0x48   .absSeg48
.abs_section_49                    1   N/I       0x49       0x49   .absSeg49
.abs_section_4a                    1   N/I       0x4A       0x4A   .absSeg50
.abs_section_4b                    1   N/I       0x4B       0x4B   .absSeg51
.abs_section_4c                    1   N/I       0x4C       0x4C   .absSeg52
.abs_section_4d                    1   N/I       0x4D       0x4D   .absSeg53
.abs_section_4e                    1   N/I       0x4E       0x4E   .absSeg54
.abs_section_4f                    1   N/I       0x4F       0x4F   .absSeg55
.abs_section_60                    1   N/I       0x60       0x60   .absSeg56
.abs_section_61                    1   N/I       0x61       0x61   .absSeg57
.abs_section_66                    1   N/I       0x66       0x66   .absSeg58
.abs_section_67                    1   N/I       0x67       0x67   .absSeg59
.abs_section_68                    1   N/I       0x68       0x68   .absSeg60
.abs_section_69                    1   N/I       0x69       0x69   .absSeg61
.abs_section_6a                    1   N/I       0x6A       0x6A   .absSeg62
.abs_section_6b                    1   N/I       0x6B       0x6B   .absSeg63
.abs_section_6c                    1   N/I       0x6C       0x6C   .absSeg64
.abs_section_6e                    1   N/I       0x6E       0x6E   .absSeg65
.abs_section_6f                    1   N/I       0x6F       0x6F   .absSeg66
.abs_section_70                    1   N/I       0x70       0x70   .absSeg67
.abs_section_71                    1   N/I       0x71       0x71   .absSeg68
.abs_section_86                    1   N/I       0x86       0x86   .absSeg69
.abs_section_89                    1   N/I       0x89       0x89   .absSeg70
.abs_section_8a                    1   N/I       0x8A       0x8A   .absSeg71
.abs_section_8b                    1   N/I       0x8B       0x8B   .absSeg72
.abs_section_b1                    1   N/I       0xB1       0xB1   .absSeg73
.abs_section_b6                    1   N/I       0xB6       0xB6   .absSeg74
.abs_section_b7                    1   N/I       0xB7       0xB7   .absSeg75
.abs_section_b8                    1   N/I       0xB8       0xB8   .absSeg76
.abs_section_b9                    1   N/I       0xB9       0xB9   .absSeg77
.abs_section_ba                    1   N/I       0xBA       0xBA   .absSeg78
.abs_section_bb                    1   N/I       0xBB       0xBB   .absSeg79
.abs_section_bc                    1   N/I       0xBC       0xBC   .absSeg80
.abs_section_bd                    1   N/I       0xBD       0xBD   .absSeg81
.abs_section_be                    1   N/I       0xBE       0xBE   .absSeg82
.abs_section_bf                    1   N/I       0xBF       0xBF   .absSeg83
.abs_section_c0                    1   N/I       0xC0       0xC0   .absSeg84
.abs_section_c1                    1   N/I       0xC1       0xC1   .absSeg85
.abs_section_c2                    1   N/I       0xC2       0xC2   .absSeg86
.abs_section_c3                    1   N/I       0xC3       0xC3   .absSeg87
.abs_section_c4                    1   N/I       0xC4       0xC4   .absSeg88
.abs_section_c5                    1   N/I       0xC5       0xC5   .absSeg89
.abs_section_ca                    1   N/I       0xCA       0xCA   .absSeg90
.abs_section_cb                    1   N/I       0xCB       0xCB   .absSeg91
.abs_section_cc                    1   N/I       0xCC       0xCC   .absSeg92
.abs_section_cd                    1   N/I       0xCD       0xCD   .absSeg93
.abs_section_ce                    1   N/I       0xCE       0xCE   .absSeg94
.abs_section_cf                    1   N/I       0xCF       0xCF   .absSeg95
.abs_section_d2                    1   N/I       0xD2       0xD2   .absSeg96
.abs_section_d3                    1   N/I       0xD3       0xD3   .absSeg97
.abs_section_d4                    1   N/I       0xD4       0xD4   .absSeg98
.abs_section_d5                    1   N/I       0xD5       0xD5   .absSeg99
.abs_section_d6                    1   N/I       0xD6       0xD6   .absSeg100
.abs_section_d7                    1   N/I       0xD7       0xD7   .absSeg101
.abs_section_d8                    1   N/I       0xD8       0xD8   .absSeg102
.abs_section_d9                    1   N/I       0xD9       0xD9   .absSeg103
.abs_section_da                    1   N/I       0xDA       0xDA   .absSeg104
.abs_section_db                    1   N/I       0xDB       0xDB   .absSeg105
.abs_section_dd                    1   N/I       0xDD       0xDD   .absSeg106
.abs_section_100                   1   N/I      0x100      0x100   .absSeg107
.abs_section_101                   1   N/I      0x101      0x101   .absSeg108
.abs_section_102                   1   N/I      0x102      0x102   .absSeg109
.abs_section_103                   1   N/I      0x103      0x103   .absSeg110
.abs_section_104                   1   N/I      0x104      0x104   .absSeg111
.abs_section_105                   1   N/I      0x105      0x105   .absSeg112
.abs_section_106                   1   N/I      0x106      0x106   .absSeg113
.abs_section_107                   1   N/I      0x107      0x107   .absSeg114
.abs_section_110                   1   N/I      0x110      0x110   .absSeg115
.abs_section_113                   1   N/I      0x113      0x113   .absSeg116
.abs_section_114                   1   N/I      0x114      0x114   .absSeg117
.abs_section_115                   1   N/I      0x115      0x115   .absSeg118
.abs_section_116                   1   N/I      0x116      0x116   .absSeg119
.abs_section_11c                   1   N/I      0x11C      0x11C   .absSeg120
.abs_section_11d                   1   N/I      0x11D      0x11D   .absSeg121
.abs_section_11e                   1   N/I      0x11E      0x11E   .absSeg122
.abs_section_11f                   1   N/I      0x11F      0x11F   .absSeg123
.abs_section_120                   1   N/I      0x120      0x120   .absSeg124
.abs_section_121                   1   N/I      0x121      0x121   .absSeg125
.abs_section_122                   1   N/I      0x122      0x122   .absSeg126
.abs_section_123                   1   N/I      0x123      0x123   .absSeg127
.abs_section_124                   1   N/I      0x124      0x124   .absSeg128
.abs_section_125                   1   N/I      0x125      0x125   .absSeg129
.abs_section_128                   1   N/I      0x128      0x128   .absSeg130
.abs_section_129                   1   N/I      0x129      0x129   .absSeg131
.abs_section_12a                   1   N/I      0x12A      0x12A   .absSeg132
.abs_section_12b                   1   N/I      0x12B      0x12B   .absSeg133
.abs_section_12c                   1   N/I      0x12C      0x12C   .absSeg134
.abs_section_12d                   1   N/I      0x12D      0x12D   .absSeg135
.abs_section_12e                   1   N/I      0x12E      0x12E   .absSeg136
.abs_section_12f                   1   N/I      0x12F      0x12F   .absSeg137
.abs_section_130                   1   N/I      0x130      0x130   .absSeg138
.abs_section_131                   1   N/I      0x131      0x131   .absSeg139
.abs_section_132                   1   N/I      0x132      0x132   .absSeg140
.abs_section_133                   1   N/I      0x133      0x133   .absSeg141
.abs_section_134                   1   N/I      0x134      0x134   .absSeg142
.abs_section_135                   1   N/I      0x135      0x135   .absSeg143
.abs_section_136                   1   N/I      0x136      0x136   .absSeg144
.abs_section_137                   1   N/I      0x137      0x137   .absSeg145
.abs_section_138                   1   N/I      0x138      0x138   .absSeg146
.abs_section_139                   1   N/I      0x139      0x139   .absSeg147
.abs_section_13a                   1   N/I      0x13A      0x13A   .absSeg148
.abs_section_13b                   1   N/I      0x13B      0x13B   .absSeg149
.abs_section_13c                   1   N/I      0x13C      0x13C   .absSeg150
.abs_section_13d                   1   N/I      0x13D      0x13D   .absSeg151
.abs_section_140                   1   N/I      0x140      0x140   .absSeg152
.abs_section_141                   1   N/I      0x141      0x141   .absSeg153
.abs_section_142                   1   N/I      0x142      0x142   .absSeg154
.abs_section_143                   1   N/I      0x143      0x143   .absSeg155
.abs_section_144                   1   N/I      0x144      0x144   .absSeg156
.abs_section_145                   1   N/I      0x145      0x145   .absSeg157
.abs_section_146                   1   N/I      0x146      0x146   .absSeg158
.abs_section_147                   1   N/I      0x147      0x147   .absSeg159
.abs_section_148                   1   N/I      0x148      0x148   .absSeg160
.abs_section_149                   1   N/I      0x149      0x149   .absSeg161
.abs_section_14a                   1   N/I      0x14A      0x14A   .absSeg162
.abs_section_14b                   1   N/I      0x14B      0x14B   .absSeg163
.abs_section_14d                   1   N/I      0x14D      0x14D   .absSeg164
.abs_section_14e                   1   N/I      0x14E      0x14E   .absSeg165
.abs_section_14f                   1   N/I      0x14F      0x14F   .absSeg166
.abs_section_150                   1   N/I      0x150      0x150   .absSeg167
.abs_section_151                   1   N/I      0x151      0x151   .absSeg168
.abs_section_152                   1   N/I      0x152      0x152   .absSeg169
.abs_section_153                   1   N/I      0x153      0x153   .absSeg170
.abs_section_154                   1   N/I      0x154      0x154   .absSeg171
.abs_section_155                   1   N/I      0x155      0x155   .absSeg172
.abs_section_156                   1   N/I      0x156      0x156   .absSeg173
.abs_section_157                   1   N/I      0x157      0x157   .absSeg174
.abs_section_158                   1   N/I      0x158      0x158   .absSeg175
.abs_section_159                   1   N/I      0x159      0x159   .absSeg176
.abs_section_15a                   1   N/I      0x15A      0x15A   .absSeg177
.abs_section_15b                   1   N/I      0x15B      0x15B   .absSeg178
.abs_section_15c                   1   N/I      0x15C      0x15C   .absSeg179
.abs_section_15d                   1   N/I      0x15D      0x15D   .absSeg180
.abs_section_15e                   1   N/I      0x15E      0x15E   .absSeg181
.abs_section_15f                   1   N/I      0x15F      0x15F   .absSeg182
.abs_section_160                   1   N/I      0x160      0x160   .absSeg183
.abs_section_161                   1   N/I      0x161      0x161   .absSeg184
.abs_section_162                   1   N/I      0x162      0x162   .absSeg185
.abs_section_163                   1   N/I      0x163      0x163   .absSeg186
.abs_section_164                   1   N/I      0x164      0x164   .absSeg187
.abs_section_165                   1   N/I      0x165      0x165   .absSeg188
.abs_section_166                   1   N/I      0x166      0x166   .absSeg189
.abs_section_167                   1   N/I      0x167      0x167   .absSeg190
.abs_section_168                   1   N/I      0x168      0x168   .absSeg191
.abs_section_169                   1   N/I      0x169      0x169   .absSeg192
.abs_section_16a                   1   N/I      0x16A      0x16A   .absSeg193
.abs_section_16b                   1   N/I      0x16B      0x16B   .absSeg194
.abs_section_16c                   1   N/I      0x16C      0x16C   .absSeg195
.abs_section_170                   1   N/I      0x170      0x170   .absSeg196
.abs_section_171                   1   N/I      0x171      0x171   .absSeg197
.abs_section_172                   1   N/I      0x172      0x172   .absSeg198
.abs_section_173                   1   N/I      0x173      0x173   .absSeg199
.abs_section_174                   1   N/I      0x174      0x174   .absSeg200
.abs_section_175                   1   N/I      0x175      0x175   .absSeg201
.abs_section_176                   1   N/I      0x176      0x176   .absSeg202
.abs_section_177                   1   N/I      0x177      0x177   .absSeg203
.abs_section_178                   1   N/I      0x178      0x178   .absSeg204
.abs_section_179                   1   N/I      0x179      0x179   .absSeg205
.abs_section_17a                   1   N/I      0x17A      0x17A   .absSeg206
.abs_section_17b                   1   N/I      0x17B      0x17B   .absSeg207
.abs_section_17c                   1   N/I      0x17C      0x17C   .absSeg208
.abs_section_17d                   1   N/I      0x17D      0x17D   .absSeg209
.abs_section_180                   1   N/I      0x180      0x180   .absSeg210
.abs_section_181                   1   N/I      0x181      0x181   .absSeg211
.abs_section_182                   1   N/I      0x182      0x182   .absSeg212
.abs_section_183                   1   N/I      0x183      0x183   .absSeg213
.abs_section_184                   1   N/I      0x184      0x184   .absSeg214
.abs_section_185                   1   N/I      0x185      0x185   .absSeg215
.abs_section_186                   1   N/I      0x186      0x186   .absSeg216
.abs_section_187                   1   N/I      0x187      0x187   .absSeg217
.abs_section_188                   1   N/I      0x188      0x188   .absSeg218
.abs_section_189                   1   N/I      0x189      0x189   .absSeg219
.abs_section_18a                   1   N/I      0x18A      0x18A   .absSeg220
.abs_section_18b                   1   N/I      0x18B      0x18B   .absSeg221
.abs_section_18d                   1   N/I      0x18D      0x18D   .absSeg222
.abs_section_18e                   1   N/I      0x18E      0x18E   .absSeg223
.abs_section_18f                   1   N/I      0x18F      0x18F   .absSeg224
.abs_section_190                   1   N/I      0x190      0x190   .absSeg225
.abs_section_191                   1   N/I      0x191      0x191   .absSeg226
.abs_section_192                   1   N/I      0x192      0x192   .absSeg227
.abs_section_193                   1   N/I      0x193      0x193   .absSeg228
.abs_section_194                   1   N/I      0x194      0x194   .absSeg229
.abs_section_195                   1   N/I      0x195      0x195   .absSeg230
.abs_section_196                   1   N/I      0x196      0x196   .absSeg231
.abs_section_197                   1   N/I      0x197      0x197   .absSeg232
.abs_section_198                   1   N/I      0x198      0x198   .absSeg233
.abs_section_199                   1   N/I      0x199      0x199   .absSeg234
.abs_section_19a                   1   N/I      0x19A      0x19A   .absSeg235
.abs_section_19b                   1   N/I      0x19B      0x19B   .absSeg236
.abs_section_19c                   1   N/I      0x19C      0x19C   .absSeg237
.abs_section_19d                   1   N/I      0x19D      0x19D   .absSeg238
.abs_section_19e                   1   N/I      0x19E      0x19E   .absSeg239
.abs_section_19f                   1   N/I      0x19F      0x19F   .absSeg240
.abs_section_1a0                   1   N/I      0x1A0      0x1A0   .absSeg241
.abs_section_1a1                   1   N/I      0x1A1      0x1A1   .absSeg242
.abs_section_1a2                   1   N/I      0x1A2      0x1A2   .absSeg243
.abs_section_1a3                   1   N/I      0x1A3      0x1A3   .absSeg244
.abs_section_1a4                   1   N/I      0x1A4      0x1A4   .absSeg245
.abs_section_1a5                   1   N/I      0x1A5      0x1A5   .absSeg246
.abs_section_1a6                   1   N/I      0x1A6      0x1A6   .absSeg247
.abs_section_1a7                   1   N/I      0x1A7      0x1A7   .absSeg248
.abs_section_1a8                   1   N/I      0x1A8      0x1A8   .absSeg249
.abs_section_1a9                   1   N/I      0x1A9      0x1A9   .absSeg250
.abs_section_1aa                   1   N/I      0x1AA      0x1AA   .absSeg251
.abs_section_1ab                   1   N/I      0x1AB      0x1AB   .absSeg252
.abs_section_1ac                   1   N/I      0x1AC      0x1AC   .absSeg253
.abs_section_1b0                   1   N/I      0x1B0      0x1B0   .absSeg254
.abs_section_1b1                   1   N/I      0x1B1      0x1B1   .absSeg255
.abs_section_1b2                   1   N/I      0x1B2      0x1B2   .absSeg256
.abs_section_1b3                   1   N/I      0x1B3      0x1B3   .absSeg257
.abs_section_1b4                   1   N/I      0x1B4      0x1B4   .absSeg258
.abs_section_1b5                   1   N/I      0x1B5      0x1B5   .absSeg259
.abs_section_1b6                   1   N/I      0x1B6      0x1B6   .absSeg260
.abs_section_1b7                   1   N/I      0x1B7      0x1B7   .absSeg261
.abs_section_1b8                   1   N/I      0x1B8      0x1B8   .absSeg262
.abs_section_1b9                   1   N/I      0x1B9      0x1B9   .absSeg263
.abs_section_1ba                   1   N/I      0x1BA      0x1BA   .absSeg264
.abs_section_1bb                   1   N/I      0x1BB      0x1BB   .absSeg265
.abs_section_1bc                   1   N/I      0x1BC      0x1BC   .absSeg266
.abs_section_1bd                   1   N/I      0x1BD      0x1BD   .absSeg267
.abs_section_1c0                   1   N/I      0x1C0      0x1C0   .absSeg268
.abs_section_1c1                   1   N/I      0x1C1      0x1C1   .absSeg269
.abs_section_1d0                   1   N/I      0x1D0      0x1D0   .absSeg270
.abs_section_1d1                   1   N/I      0x1D1      0x1D1   .absSeg271
.abs_section_1d2                   1   N/I      0x1D2      0x1D2   .absSeg272
.abs_section_1d3                   1   N/I      0x1D3      0x1D3   .absSeg273
.abs_section_1d4                   1   N/I      0x1D4      0x1D4   .absSeg274
.abs_section_1d5                   1   N/I      0x1D5      0x1D5   .absSeg275
.abs_section_1d6                   1   N/I      0x1D6      0x1D6   .absSeg276
.abs_section_1d7                   1   N/I      0x1D7      0x1D7   .absSeg277
.abs_section_1d8                   1   N/I      0x1D8      0x1D8   .absSeg278
.abs_section_1d9                   1   N/I      0x1D9      0x1D9   .absSeg279
.abs_section_1da                   1   N/I      0x1DA      0x1DA   .absSeg280
.abs_section_1db                   1   N/I      0x1DB      0x1DB   .absSeg281
.abs_section_200                   1   N/I      0x200      0x200   .absSeg282
.abs_section_201                   1   N/I      0x201      0x201   .absSeg283
.abs_section_202                   1   N/I      0x202      0x202   .absSeg284
.abs_section_203                   1   N/I      0x203      0x203   .absSeg285
.abs_section_204                   1   N/I      0x204      0x204   .absSeg286
.abs_section_205                   1   N/I      0x205      0x205   .absSeg287
.abs_section_206                   1   N/I      0x206      0x206   .absSeg288
.abs_section_207                   1   N/I      0x207      0x207   .absSeg289
.abs_section_208                   1   N/I      0x208      0x208   .absSeg290
.abs_section_209                   1   N/I      0x209      0x209   .absSeg291
.abs_section_20a                   1   N/I      0x20A      0x20A   .absSeg292
.abs_section_20b                   1   N/I      0x20B      0x20B   .absSeg293
.abs_section_20c                   1   N/I      0x20C      0x20C   .absSeg294
.abs_section_20d                   1   N/I      0x20D      0x20D   .absSeg295
.abs_section_20e                   1   N/I      0x20E      0x20E   .absSeg296
.abs_section_20f                   1   N/I      0x20F      0x20F   .absSeg297
.abs_section_210                   1   N/I      0x210      0x210   .absSeg298
.abs_section_211                   1   N/I      0x211      0x211   .absSeg299
.abs_section_212                   1   N/I      0x212      0x212   .absSeg300
.abs_section_213                   1   N/I      0x213      0x213   .absSeg301
.abs_section_214                   1   N/I      0x214      0x214   .absSeg302
.abs_section_215                   1   N/I      0x215      0x215   .absSeg303
.abs_section_216                   1   N/I      0x216      0x216   .absSeg304
.abs_section_217                   1   N/I      0x217      0x217   .absSeg305
.abs_section_218                   1   N/I      0x218      0x218   .absSeg306
.abs_section_219                   1   N/I      0x219      0x219   .absSeg307
.abs_section_21a                   1   N/I      0x21A      0x21A   .absSeg308
.abs_section_21b                   1   N/I      0x21B      0x21B   .absSeg309
.abs_section_21c                   1   N/I      0x21C      0x21C   .absSeg310
.abs_section_21d                   1   N/I      0x21D      0x21D   .absSeg311
.abs_section_21e                   1   N/I      0x21E      0x21E   .absSeg312
.abs_section_21f                   1   N/I      0x21F      0x21F   .absSeg313
.abs_section_230                   1   N/I      0x230      0x230   .absSeg314
.abs_section_231                   1   N/I      0x231      0x231   .absSeg315
.abs_section_232                   1   N/I      0x232      0x232   .absSeg316
.abs_section_233                   1   N/I      0x233      0x233   .absSeg317
.abs_section_234                   1   N/I      0x234      0x234   .absSeg318
.abs_section_235                   1   N/I      0x235      0x235   .absSeg319
.abs_section_237                   1   N/I      0x237      0x237   .absSeg320
.abs_section_238                   1   N/I      0x238      0x238   .absSeg321
.abs_section_239                   1   N/I      0x239      0x239   .absSeg322
.abs_section_23a                   1   N/I      0x23A      0x23A   .absSeg323
.abs_section_23b                   1   N/I      0x23B      0x23B   .absSeg324
.abs_section_23c                   1   N/I      0x23C      0x23C   .absSeg325
.abs_section_23d                   1   N/I      0x23D      0x23D   .absSeg326
.abs_section_240                   1   N/I      0x240      0x240   .absSeg327
.abs_section_241                   1   N/I      0x241      0x241   .absSeg328
.abs_section_242                   1   N/I      0x242      0x242   .absSeg329
.abs_section_243                   1   N/I      0x243      0x243   .absSeg330
.abs_section_244                   1   N/I      0x244      0x244   .absSeg331
.abs_section_245                   1   N/I      0x245      0x245   .absSeg332
.abs_section_248                   1   N/I      0x248      0x248   .absSeg333
.abs_section_249                   1   N/I      0x249      0x249   .absSeg334
.abs_section_24a                   1   N/I      0x24A      0x24A   .absSeg335
.abs_section_24b                   1   N/I      0x24B      0x24B   .absSeg336
.abs_section_24c                   1   N/I      0x24C      0x24C   .absSeg337
.abs_section_24d                   1   N/I      0x24D      0x24D   .absSeg338
.abs_section_251                   1   N/I      0x251      0x251   .absSeg339
.abs_section_253                   1   N/I      0x253      0x253   .absSeg340
.abs_section_255                   1   N/I      0x255      0x255   .absSeg341
.abs_section_257                   1   N/I      0x257      0x257   .absSeg342
.abs_section_259                   1   N/I      0x259      0x259   .absSeg343
.abs_section_25b                   1   N/I      0x25B      0x25B   .absSeg344
.abs_section_25d                   1   N/I      0x25D      0x25D   .absSeg345
.abs_section_25f                   1   N/I      0x25F      0x25F   .absSeg346
.abs_section_280                   1   N/I      0x280      0x280   .absSeg347
.abs_section_281                   1   N/I      0x281      0x281   .absSeg348
.abs_section_282                   1   N/I      0x282      0x282   .absSeg349
.abs_section_283                   1   N/I      0x283      0x283   .absSeg350
.abs_section_288                   1   N/I      0x288      0x288   .absSeg351
.abs_section_289                   1   N/I      0x289      0x289   .absSeg352
.abs_section_28a                   1   N/I      0x28A      0x28A   .absSeg353
.abs_section_28b                   1   N/I      0x28B      0x28B   .absSeg354
.abs_section_290                   1   N/I      0x290      0x290   .absSeg355
.abs_section_291                   1   N/I      0x291      0x291   .absSeg356
.abs_section_292                   1   N/I      0x292      0x292   .absSeg357
.abs_section_293                   1   N/I      0x293      0x293   .absSeg358
.abs_section_298                   1   N/I      0x298      0x298   .absSeg359
.abs_section_299                   1   N/I      0x299      0x299   .absSeg360
.abs_section_29a                   1   N/I      0x29A      0x29A   .absSeg361
.abs_section_29b                   1   N/I      0x29B      0x29B   .absSeg362
.abs_section_2a0                   1   N/I      0x2A0      0x2A0   .absSeg363
.abs_section_2a1                   1   N/I      0x2A1      0x2A1   .absSeg364
.abs_section_2a2                   1   N/I      0x2A2      0x2A2   .absSeg365
.abs_section_2a3                   1   N/I      0x2A3      0x2A3   .absSeg366
.abs_section_2a8                   1   N/I      0x2A8      0x2A8   .absSeg367
.abs_section_2a9                   1   N/I      0x2A9      0x2A9   .absSeg368
.abs_section_2aa                   1   N/I      0x2AA      0x2AA   .absSeg369
.abs_section_2ab                   1   N/I      0x2AB      0x2AB   .absSeg370
.abs_section_2f1                   1   N/I      0x2F1      0x2F1   .absSeg371
.abs_section_2f2                   1   N/I      0x2F2      0x2F2   .absSeg372
.abs_section_2f3                   1   N/I      0x2F3      0x2F3   .absSeg373
.abs_section_300                   1   N/I      0x300      0x300   .absSeg374
.abs_section_301                   1   N/I      0x301      0x301   .absSeg375
.abs_section_302                   1   N/I      0x302      0x302   .absSeg376
.abs_section_303                   1   N/I      0x303      0x303   .absSeg377
.abs_section_304                   1   N/I      0x304      0x304   .absSeg378
.abs_section_305                   1   N/I      0x305      0x305   .absSeg379
.abs_section_308                   1   N/I      0x308      0x308   .absSeg380
.abs_section_309                   1   N/I      0x309      0x309   .absSeg381
.abs_section_324                   1   N/I      0x324      0x324   .absSeg382
.abs_section_340                   1   N/I      0x340      0x340   .absSeg383
.abs_section_341                   1   N/I      0x341      0x341   .absSeg384
.abs_section_342                   1   N/I      0x342      0x342   .absSeg385
.abs_section_343                   1   N/I      0x343      0x343   .absSeg386
.abs_section_344                   1   N/I      0x344      0x344   .absSeg387
.abs_section_345                   1   N/I      0x345      0x345   .absSeg388
.abs_section_346                   1   N/I      0x346      0x346   .absSeg389
.abs_section_347                   1   N/I      0x347      0x347   .absSeg390
.abs_section_382                   1   N/I      0x382      0x382   .absSeg391
.abs_section_39d                   1   N/I      0x39D      0x39D   .absSeg392
.abs_section_0                     2   N/I        0x0        0x1   .absSeg393
.abs_section_2                     2   N/I        0x2        0x3   .absSeg394
.abs_section_4                     2   N/I        0x4        0x5   .absSeg395
.abs_section_6                     2   N/I        0x6        0x7   .absSeg396
.abs_section_1a                    2   N/I       0x1A       0x1B   .absSeg397
.abs_section_24                    2   N/I       0x24       0x25   .absSeg398
.abs_section_44                    2   N/I       0x44       0x45   .absSeg399
.abs_section_50                    2   N/I       0x50       0x51   .absSeg400
.abs_section_52                    2   N/I       0x52       0x53   .absSeg401
.abs_section_54                    2   N/I       0x54       0x55   .absSeg402
.abs_section_56                    2   N/I       0x56       0x57   .absSeg403
.abs_section_58                    2   N/I       0x58       0x59   .absSeg404
.abs_section_5a                    2   N/I       0x5A       0x5B   .absSeg405
.abs_section_5c                    2   N/I       0x5C       0x5D   .absSeg406
.abs_section_5e                    2   N/I       0x5E       0x5F   .absSeg407
.abs_section_62                    2   N/I       0x62       0x63   .absSeg408
.abs_section_64                    2   N/I       0x64       0x65   .absSeg409
.abs_section_72                    2   N/I       0x72       0x73   .absSeg410
.abs_section_74                    2   N/I       0x74       0x75   .absSeg411
.abs_section_76                    2   N/I       0x76       0x77   .absSeg412
.abs_section_78                    2   N/I       0x78       0x79   .absSeg413
.abs_section_7a                    2   N/I       0x7A       0x7B   .absSeg414
.abs_section_7c                    2   N/I       0x7C       0x7D   .absSeg415
.abs_section_7e                    2   N/I       0x7E       0x7F   .absSeg416
.abs_section_80                    2   N/I       0x80       0x81   .absSeg417
.abs_section_82                    2   N/I       0x82       0x83   .absSeg418
.abs_section_84                    2   N/I       0x84       0x85   .absSeg419
.abs_section_8c                    2   N/I       0x8C       0x8D   .absSeg420
.abs_section_8e                    2   N/I       0x8E       0x8F   .absSeg421
.abs_section_90                    2   N/I       0x90       0x91   .absSeg422
.abs_section_92                    2   N/I       0x92       0x93   .absSeg423
.abs_section_94                    2   N/I       0x94       0x95   .absSeg424
.abs_section_96                    2   N/I       0x96       0x97   .absSeg425
.abs_section_98                    2   N/I       0x98       0x99   .absSeg426
.abs_section_9a                    2   N/I       0x9A       0x9B   .absSeg427
.abs_section_9c                    2   N/I       0x9C       0x9D   .absSeg428
.abs_section_9e                    2   N/I       0x9E       0x9F   .absSeg429
.abs_section_a0                    2   N/I       0xA0       0xA1   .absSeg430
.abs_section_a2                    2   N/I       0xA2       0xA3   .absSeg431
.abs_section_a4                    2   N/I       0xA4       0xA5   .absSeg432
.abs_section_a6                    2   N/I       0xA6       0xA7   .absSeg433
.abs_section_a8                    2   N/I       0xA8       0xA9   .absSeg434
.abs_section_aa                    2   N/I       0xAA       0xAB   .absSeg435
.abs_section_ac                    2   N/I       0xAC       0xAD   .absSeg436
.abs_section_ae                    2   N/I       0xAE       0xAF   .absSeg437
.abs_section_c8                    2   N/I       0xC8       0xC9   .absSeg438
.abs_section_d0                    2   N/I       0xD0       0xD1   .absSeg439
.abs_section_108                   2   N/I      0x108      0x109   .absSeg440
.abs_section_10a                   2   N/I      0x10A      0x10B   .absSeg441
.abs_section_118                   2   N/I      0x118      0x119   .absSeg442
.abs_section_11a                   2   N/I      0x11A      0x11B   .absSeg443
.abs_section_16e                   2   N/I      0x16E      0x16F   .absSeg444
.abs_section_17e                   2   N/I      0x17E      0x17F   .absSeg445
.abs_section_1ae                   2   N/I      0x1AE      0x1AF   .absSeg446
.abs_section_1be                   2   N/I      0x1BE      0x1BF   .absSeg447
.abs_section_1c2                   2   N/I      0x1C2      0x1C3   .absSeg448
.abs_section_1e0                   2   N/I      0x1E0      0x1E1   .absSeg449
.abs_section_1e2                   2   N/I      0x1E2      0x1E3   .absSeg450
.abs_section_1e4                   2   N/I      0x1E4      0x1E5   .absSeg451
.abs_section_1e6                   2   N/I      0x1E6      0x1E7   .absSeg452
.abs_section_1e8                   2   N/I      0x1E8      0x1E9   .absSeg453
.abs_section_1ea                   2   N/I      0x1EA      0x1EB   .absSeg454
.abs_section_1ec                   2   N/I      0x1EC      0x1ED   .absSeg455
.abs_section_1ee                   2   N/I      0x1EE      0x1EF   .absSeg456
.abs_section_1f0                   2   N/I      0x1F0      0x1F1   .absSeg457
.abs_section_1f2                   2   N/I      0x1F2      0x1F3   .absSeg458
.abs_section_1f4                   2   N/I      0x1F4      0x1F5   .absSeg459
.abs_section_1f6                   2   N/I      0x1F6      0x1F7   .absSeg460
.abs_section_284                   2   N/I      0x284      0x285   .absSeg461
.abs_section_286                   2   N/I      0x286      0x287   .absSeg462
.abs_section_28c                   2   N/I      0x28C      0x28D   .absSeg463
.abs_section_28e                   2   N/I      0x28E      0x28F   .absSeg464
.abs_section_294                   2   N/I      0x294      0x295   .absSeg465
.abs_section_296                   2   N/I      0x296      0x297   .absSeg466
.abs_section_29c                   2   N/I      0x29C      0x29D   .absSeg467
.abs_section_29e                   2   N/I      0x29E      0x29F   .absSeg468
.abs_section_2a4                   2   N/I      0x2A4      0x2A5   .absSeg469
.abs_section_2a6                   2   N/I      0x2A6      0x2A7   .absSeg470
.abs_section_2ac                   2   N/I      0x2AC      0x2AD   .absSeg471
.abs_section_2ae                   2   N/I      0x2AE      0x2AF   .absSeg472
.abs_section_2f4                   2   N/I      0x2F4      0x2F5   .absSeg473
.abs_section_30c                   2   N/I      0x30C      0x30D   .absSeg474
.abs_section_30e                   2   N/I      0x30E      0x30F   .absSeg475
.abs_section_310                   2   N/I      0x310      0x311   .absSeg476
.abs_section_312                   2   N/I      0x312      0x313   .absSeg477
.abs_section_314                   2   N/I      0x314      0x315   .absSeg478
.abs_section_316                   2   N/I      0x316      0x317   .absSeg479
.abs_section_318                   2   N/I      0x318      0x319   .absSeg480
.abs_section_31a                   2   N/I      0x31A      0x31B   .absSeg481
.abs_section_31c                   2   N/I      0x31C      0x31D   .absSeg482
.abs_section_31e                   2   N/I      0x31E      0x31F   .absSeg483
.abs_section_320                   2   N/I      0x320      0x321   .absSeg484
.abs_section_322                   2   N/I      0x322      0x323   .absSeg485
.abs_section_348                   2   N/I      0x348      0x349   .absSeg486
.abs_section_34a                   2   N/I      0x34A      0x34B   .absSeg487
.abs_section_34c                   2   N/I      0x34C      0x34D   .absSeg488
.abs_section_34e                   2   N/I      0x34E      0x34F   .absSeg489
.abs_section_350                   2   N/I      0x350      0x351   .absSeg490
.abs_section_352                   2   N/I      0x352      0x353   .absSeg491
.abs_section_354                   2   N/I      0x354      0x355   .absSeg492
.abs_section_356                   2   N/I      0x356      0x357   .absSeg493
.abs_section_380                   2   N/I      0x380      0x381   .absSeg494
.abs_section_386                   2   N/I      0x386      0x387   .absSeg495
.abs_section_388                   2   N/I      0x388      0x389   .absSeg496
.abs_section_38a                   2   N/I      0x38A      0x38B   .absSeg497
.abs_section_38c                   2   N/I      0x38C      0x38D   .absSeg498
.abs_section_38e                   2   N/I      0x38E      0x38F   .absSeg499
.abs_section_390                   2   N/I      0x390      0x391   .absSeg500
.abs_section_392                   2   N/I      0x392      0x393   .absSeg501
.abs_section_394                   2   N/I      0x394      0x395   .absSeg502
.abs_section_396                   2   N/I      0x396      0x397   .absSeg503
.abs_section_398                   2   N/I      0x398      0x399   .absSeg504
.abs_section_39a                   2   N/I      0x39A      0x39B   .absSeg505
.abs_section_39e                   2   N/I      0x39E      0x39F   .absSeg506
.abs_section_3a2                   2   N/I      0x3A2      0x3A3   .absSeg507
.abs_section_3a4                   2   N/I      0x3A4      0x3A5   .absSeg508
.abs_section_3a6                   2   N/I      0x3A6      0x3A7   .absSeg509
.abs_section_3a8                   2   N/I      0x3A8      0x3A9   .absSeg510
.abs_section_3aa                   2   N/I      0x3AA      0x3AB   .absSeg511
.abs_section_3ac                   2   N/I      0x3AC      0x3AD   .absSeg512
.abs_section_3ae                   2   N/I      0x3AE      0x3AF   .absSeg513
.abs_section_7f09                  1     R     0x7F09     0x7F09   .absSeg514
.abs_section_7f0a                  1     R     0x7F0A     0x7F0A   .absSeg515
.abs_section_7f0b                  1     R     0x7F0B     0x7F0B   .absSeg516
.abs_section_7f0c                  1     R     0x7F0C     0x7F0C   .absSeg517
.abs_section_7f0d                  1     R     0x7F0D     0x7F0D   .absSeg518
.abs_section_7f0e                  1     R     0x7F0E     0x7F0E   .absSeg519
.abs_section_7f08                  1     R     0x7F08     0x7F08   .absSeg520
.abs_section_df10                240     R     0xDF10     0xDFFF   .absSeg521
.abs_section_7f03                  1     R     0x7F03     0x7F03   .absSeg522
.abs_section_7f04                  1     R     0x7F04     0x7F04   .absSeg523
.abs_section_7f05                  1     R     0x7F05     0x7F05   .absSeg524
.abs_section_7f06                  1     R     0x7F06     0x7F06   .absSeg525
.abs_section_7f07                  1     R     0x7F07     0x7F07   .absSeg526
.abs_section_7f0f                  1     R     0x7F0F     0x7F0F   .absSeg527
.abs_section_7f00                  1     R     0x7F00     0x7F00   .absSeg528
.abs_section_7f01                  2     R     0x7F01     0x7F02   .absSeg529
.abs_section_7f10                  2     R     0x7F10     0x7F11   .absSeg530
.bss                             238   R/W     0x250C     0x25F9   RAM
.common                         1442   R/W     0x25FA     0x2B9B   RAM
PAGE_FC_531                    16326     R   0xFC8000   0xFCBFC5   PAGE_FC
PAGE_FB_532                    14479     R   0xFB8000   0xFBB88E   PAGE_FB

Summary of section sizes per section type:
READ_ONLY (R):        E29D (dec:    58013)
READ_WRITE (R/W):     1812 (dec:     6162)
NO_INIT (N/I):         27B (dec:      635)

*********************************************************************************************
VECTOR-ALLOCATION SECTION
    Address     InitValue   InitFunction
---------------------------------------------------------------------------------------------

*********************************************************************************************
OBJECT-ALLOCATION SECTION
     Name               Module                 Addr   hSize   dSize     Ref    Section   RLIB
---------------------------------------------------------------------------------------------
MODULE:                 -- mc9s12xhz512.c.o --
- PROCEDURES:
- VARIABLES:
     _PORTE                                       8       1       1       6   .abs_section_8
     _DDRE                                        9       1       1       5   .abs_section_9
     _MMCCTL0                                     A       1       1       0   .abs_section_a
     _MODE                                        B       1       1       0   .abs_section_b
     _PUCR                                        C       1       1       0   .abs_section_c
     _RDRIV                                       D       1       1       1   .abs_section_d
     _EBICTL0                                     E       1       1       0   .abs_section_e
     _EBICTL1                                     F       1       1       0   .abs_section_f
     _GPAGE                                      10       1       1       0   .abs_section_10
     _DIRECT                                     11       1       1       0   .abs_section_11
     _MMCCTL1                                    13       1       1       0   .abs_section_13
     _RPAGE                                      16       1       1       0   .abs_section_16
     _EPAGE                                      17       1       1       0   .abs_section_17
     _ECLKCTL                                    1C       1       1       2   .abs_section_1c
     _IRQCR                                      1E       1       1       1   .abs_section_1e
     _SRCR                                       1F       1       1       0   .abs_section_1f
     _DBGC1                                      20       1       1       0   .abs_section_20
     _DBGSR                                      21       1       1       0   .abs_section_21
     _DBGTCR                                     22       1       1       0   .abs_section_22
     _DBGC2                                      23       1       1       0   .abs_section_23
     _DBGCNT                                     26       1       1       0   .abs_section_26
     _DBGSCRX                                    27       1       1       0   .abs_section_27
     _DBGXCTL                                    28       1       1       0   .abs_section_28
     _DBGXAH                                     29       1       1       0   .abs_section_29
     _DBGXAM                                     2A       1       1       0   .abs_section_2a
     _DBGXAL                                     2B       1       1       0   .abs_section_2b
     _DBGXDH                                     2C       1       1       0   .abs_section_2c
     _DBGXDL                                     2D       1       1       0   .abs_section_2d
     _DBGXDHM                                    2E       1       1       0   .abs_section_2e
     _DBGXDLM                                    2F       1       1       0   .abs_section_2f
     _PPAGE                                      30       1       1       0   .abs_section_30
     _PORTK                                      32       1       1      20   .abs_section_32
     _DDRK                                       33       1       1       8   .abs_section_33
     _SYNR                                       34       1       1       0   .abs_section_34
     _REFDV                                      35       1       1       0   .abs_section_35
     _CRGFLG                                     37       1       1       1   .abs_section_37
     _CRGINT                                     38       1       1       1   .abs_section_38
     _CLKSEL                                     39       1       1       3   .abs_section_39
     _PLLCTL                                     3A       1       1       0   .abs_section_3a
     _RTICTL                                     3B       1       1       1   .abs_section_3b
     _COPCTL                                     3C       1       1       1   .abs_section_3c
     _ARMCOP                                     3F       1       1       0   .abs_section_3f
     _TIOS                                       40       1       1       1   .abs_section_40
     _CFORC                                      41       1       1       0   .abs_section_41
     _OC7M                                       42       1       1       0   .abs_section_42
     _OC7D                                       43       1       1       0   .abs_section_43
     _TSCR1                                      46       1       1       1   .abs_section_46
     _TTOV                                       47       1       1       0   .abs_section_47
     _TCTL1                                      48       1       1       0   .abs_section_48
     _TCTL2                                      49       1       1       0   .abs_section_49
     _TCTL3                                      4A       1       1       1   .abs_section_4a
     _TCTL4                                      4B       1       1       0   .abs_section_4b
     _TIE                                        4C       1       1      23   .abs_section_4c
     _TSCR2                                      4D       1       1       1   .abs_section_4d
     _TFLG1                                      4E       1       1       9   .abs_section_4e
     _TFLG2                                      4F       1       1       0   .abs_section_4f
     _PACTL                                      60       1       1       0   .abs_section_60
     _PAFLG                                      61       1       1       0   .abs_section_61
     _MCCTL                                      66       1       1       0   .abs_section_66
     _MCFLG                                      67       1       1       1   .abs_section_67
     _ICPAR                                      68       1       1       0   .abs_section_68
     _DLYCT                                      69       1       1       0   .abs_section_69
     _ICOVW                                      6A       1       1       0   .abs_section_6a
     _ICSYS                                      6B       1       1       0   .abs_section_6b
     _OCPD                                       6C       1       1       1   .abs_section_6c
     _PTPSR                                      6E       1       1       0   .abs_section_6e
     _PTMCPSR                                    6F       1       1       0   .abs_section_6f
     _PBCTL                                      70       1       1       0   .abs_section_70
     _PBFLG                                      71       1       1       0   .abs_section_71
     _ATDSTAT0                                   86       1       1       1   .abs_section_86
     _ATDTEST1                                   89       1       1       0   .abs_section_89
     _ATDSTAT2                                   8A       1       1       0   .abs_section_8a
     _ATDSTAT1                                   8B       1       1       0   .abs_section_8b
     _IVBR                                       B1       1       1       1   .abs_section_b1
     _INT_XGPRIO                                 B6       1       1       0   .abs_section_b6
     _INT_CFADDR                                 B7       1       1       7   .abs_section_b7
     _INT_CFDATA0                                B8       1       1       7   .abs_section_b8
     _INT_CFDATA1                                B9       1       1       0   .abs_section_b9
     _INT_CFDATA2                                BA       1       1       0   .abs_section_ba
     _INT_CFDATA3                                BB       1       1       0   .abs_section_bb
     _INT_CFDATA4                                BC       1       1       0   .abs_section_bc
     _INT_CFDATA5                                BD       1       1       0   .abs_section_bd
     _INT_CFDATA6                                BE       1       1       0   .abs_section_be
     _INT_CFDATA7                                BF       1       1       0   .abs_section_bf
     _IIC0_IBAD                                  C0       1       1       0   .abs_section_c0
     _IIC0_IBFD                                  C1       1       1       0   .abs_section_c1
     _IIC0_IBCR                                  C2       1       1       0   .abs_section_c2
     _IIC0_IBSR                                  C3       1       1       0   .abs_section_c3
     _IIC0_IBDR                                  C4       1       1       0   .abs_section_c4
     _IIC0_IBCR2                                 C5       1       1       0   .abs_section_c5
     _SCI0ACR2                                   CA       1       1       0   .abs_section_ca
     _SCI0CR2                                    CB       1       1       0   .abs_section_cb
     _SCI0SR1                                    CC       1       1       0   .abs_section_cc
     _SCI0SR2                                    CD       1       1       0   .abs_section_cd
     _SCI0DRH                                    CE       1       1       0   .abs_section_ce
     _SCI0DRL                                    CF       1       1       0   .abs_section_cf
     _SCI1ACR2                                   D2       1       1       0   .abs_section_d2
     _SCI1CR2                                    D3       1       1       0   .abs_section_d3
     _SCI1SR1                                    D4       1       1       0   .abs_section_d4
     _SCI1SR2                                    D5       1       1       0   .abs_section_d5
     _SCI1DRH                                    D6       1       1       0   .abs_section_d6
     _SCI1DRL                                    D7       1       1       0   .abs_section_d7
     _SPICR1                                     D8       1       1       0   .abs_section_d8
     _SPICR2                                     D9       1       1       0   .abs_section_d9
     _SPIBR                                      DA       1       1       0   .abs_section_da
     _SPISR                                      DB       1       1       0   .abs_section_db
     _SPIDR                                      DD       1       1       0   .abs_section_dd
     _FCLKDIV                                   100       1       1       0   .abs_section_100
     _FSEC                                      101       1       1       0   .abs_section_101
     _FTSTMOD                                   102       1       1       0   .abs_section_102
     _FCNFG                                     103       1       1       0   .abs_section_103
     _FPROT                                     104       1       1       0   .abs_section_104
     _FSTAT                                     105       1       1       0   .abs_section_105
     _FCMD                                      106       1       1       0   .abs_section_106
     _FCTL                                      107       1       1       0   .abs_section_107
     _ECLKDIV                                   110       1       1       0   .abs_section_110
     _ECNFG                                     113       1       1       0   .abs_section_113
     _EPROT                                     114       1       1       0   .abs_section_114
     _ESTAT                                     115       1       1       0   .abs_section_115
     _ECMD                                      116       1       1       0   .abs_section_116
     _RAMWPC                                    11C       1       1       0   .abs_section_11c
     _RAMXGU                                    11D       1       1       0   .abs_section_11d
     _RAMSHL                                    11E       1       1       0   .abs_section_11e
     _RAMSHU                                    11F       1       1       0   .abs_section_11f
     _LCDCR0                                    120       1       1       0   .abs_section_120
     _LCDCR1                                    121       1       1       0   .abs_section_121
     _FPENR0                                    122       1       1       0   .abs_section_122
     _FPENR1                                    123       1       1       0   .abs_section_123
     _FPENR2                                    124       1       1       0   .abs_section_124
     _FPENR3                                    125       1       1       0   .abs_section_125
     _LCDRAM0                                   128       1       1       0   .abs_section_128
     _LCDRAM1                                   129       1       1       0   .abs_section_129
     _LCDRAM2                                   12A       1       1       0   .abs_section_12a
     _LCDRAM3                                   12B       1       1       0   .abs_section_12b
     _LCDRAM4                                   12C       1       1       0   .abs_section_12c
     _LCDRAM5                                   12D       1       1       0   .abs_section_12d
     _LCDRAM6                                   12E       1       1       0   .abs_section_12e
     _LCDRAM7                                   12F       1       1       0   .abs_section_12f
     _LCDRAM8                                   130       1       1       0   .abs_section_130
     _LCDRAM9                                   131       1       1       0   .abs_section_131
     _LCDRAM10                                  132       1       1       0   .abs_section_132
     _LCDRAM11                                  133       1       1       0   .abs_section_133
     _LCDRAM12                                  134       1       1       0   .abs_section_134
     _LCDRAM13                                  135       1       1       0   .abs_section_135
     _LCDRAM14                                  136       1       1       0   .abs_section_136
     _LCDRAM15                                  137       1       1       0   .abs_section_137
     _IIC1_IBAD                                 138       1       1       0   .abs_section_138
     _IIC1_IBFD                                 139       1       1       0   .abs_section_139
     _IIC1_IBCR                                 13A       1       1       0   .abs_section_13a
     _IIC1_IBSR                                 13B       1       1       0   .abs_section_13b
     _IIC1_IBDR                                 13C       1       1       0   .abs_section_13c
     _IIC1_IBCR2                                13D       1       1       0   .abs_section_13d
     _CAN0CTL0                                  140       1       1       7   .abs_section_140
     _CAN0CTL1                                  141       1       1       5   .abs_section_141
     _CAN0BTR0                                  142       1       1       1   .abs_section_142
     _CAN0BTR1                                  143       1       1       1   .abs_section_143
     _CAN0RFLG                                  144       1       1       7   .abs_section_144
     _CAN0RIER                                  145       1       1       2   .abs_section_145
     _CAN0TFLG                                  146       1       1       2   .abs_section_146
     _CAN0TIER                                  147       1       1       0   .abs_section_147
     _CAN0TARQ                                  148       1       1       0   .abs_section_148
     _CAN0TAAK                                  149       1       1       0   .abs_section_149
     _CAN0TBSEL                                 14A       1       1       2   .abs_section_14a
     _CAN0IDAC                                  14B       1       1       1   .abs_section_14b
     _CAN0MISC                                  14D       1       1       0   .abs_section_14d
     _CAN0RXERR                                 14E       1       1       0   .abs_section_14e
     _CAN0TXERR                                 14F       1       1       0   .abs_section_14f
     _CAN0IDAR0                                 150       1       1       0   .abs_section_150
     _CAN0IDAR1                                 151       1       1       0   .abs_section_151
     _CAN0IDAR2                                 152       1       1       0   .abs_section_152
     _CAN0IDAR3                                 153       1       1       0   .abs_section_153
     _CAN0IDMR0                                 154       1       1       1   .abs_section_154
     _CAN0IDMR1                                 155       1       1       1   .abs_section_155
     _CAN0IDMR2                                 156       1       1       1   .abs_section_156
     _CAN0IDMR3                                 157       1       1       1   .abs_section_157
     _CAN0IDAR4                                 158       1       1       0   .abs_section_158
     _CAN0IDAR5                                 159       1       1       0   .abs_section_159
     _CAN0IDAR6                                 15A       1       1       0   .abs_section_15a
     _CAN0IDAR7                                 15B       1       1       0   .abs_section_15b
     _CAN0IDMR4                                 15C       1       1       1   .abs_section_15c
     _CAN0IDMR5                                 15D       1       1       1   .abs_section_15d
     _CAN0IDMR6                                 15E       1       1       1   .abs_section_15e
     _CAN0IDMR7                                 15F       1       1       1   .abs_section_15f
     _CAN0RXIDR0                                160       1       1       2   .abs_section_160
     _CAN0RXIDR1                                161       1       1       3   .abs_section_161
     _CAN0RXIDR2                                162       1       1       2   .abs_section_162
     _CAN0RXIDR3                                163       1       1       2   .abs_section_163
     _CAN0RXDSR0                                164       1       1       1   .abs_section_164
     _CAN0RXDSR1                                165       1       1       0   .abs_section_165
     _CAN0RXDSR2                                166       1       1       0   .abs_section_166
     _CAN0RXDSR3                                167       1       1       0   .abs_section_167
     _CAN0RXDSR4                                168       1       1       0   .abs_section_168
     _CAN0RXDSR5                                169       1       1       0   .abs_section_169
     _CAN0RXDSR6                                16A       1       1       0   .abs_section_16a
     _CAN0RXDSR7                                16B       1       1       0   .abs_section_16b
     _CAN0RXDLR                                 16C       1       1       1   .abs_section_16c
     _CAN0TXIDR0                                170       1       1       1   .abs_section_170
     _CAN0TXIDR1                                171       1       1       7   .abs_section_171
     _CAN0TXIDR2                                172       1       1       1   .abs_section_172
     _CAN0TXIDR3                                173       1       1       2   .abs_section_173
     _CAN0TXDSR0                                174       1       1       1   .abs_section_174
     _CAN0TXDSR1                                175       1       1       0   .abs_section_175
     _CAN0TXDSR2                                176       1       1       0   .abs_section_176
     _CAN0TXDSR3                                177       1       1       0   .abs_section_177
     _CAN0TXDSR4                                178       1       1       0   .abs_section_178
     _CAN0TXDSR5                                179       1       1       0   .abs_section_179
     _CAN0TXDSR6                                17A       1       1       0   .abs_section_17a
     _CAN0TXDSR7                                17B       1       1       0   .abs_section_17b
     _CAN0TXDLR                                 17C       1       1       1   .abs_section_17c
     _CAN0TXTBPR                                17D       1       1       1   .abs_section_17d
     _CAN1CTL0                                  180       1       1       3   .abs_section_180
     _CAN1CTL1                                  181       1       1       4   .abs_section_181
     _CAN1BTR0                                  182       1       1       1   .abs_section_182
     _CAN1BTR1                                  183       1       1       1   .abs_section_183
     _CAN1RFLG                                  184       1       1       5   .abs_section_184
     _CAN1RIER                                  185       1       1       1   .abs_section_185
     _CAN1TFLG                                  186       1       1       2   .abs_section_186
     _CAN1TIER                                  187       1       1       0   .abs_section_187
     _CAN1TARQ                                  188       1       1       0   .abs_section_188
     _CAN1TAAK                                  189       1       1       0   .abs_section_189
     _CAN1TBSEL                                 18A       1       1       2   .abs_section_18a
     _CAN1IDAC                                  18B       1       1       2   .abs_section_18b
     _CAN1MISC                                  18D       1       1       0   .abs_section_18d
     _CAN1RXERR                                 18E       1       1       0   .abs_section_18e
     _CAN1TXERR                                 18F       1       1       0   .abs_section_18f
     _CAN1IDAR0                                 190       1       1       0   .abs_section_190
     _CAN1IDAR1                                 191       1       1       0   .abs_section_191
     _CAN1IDAR2                                 192       1       1       0   .abs_section_192
     _CAN1IDAR3                                 193       1       1       0   .abs_section_193
     _CAN1IDMR0                                 194       1       1       1   .abs_section_194
     _CAN1IDMR1                                 195       1       1       1   .abs_section_195
     _CAN1IDMR2                                 196       1       1       1   .abs_section_196
     _CAN1IDMR3                                 197       1       1       1   .abs_section_197
     _CAN1IDAR4                                 198       1       1       0   .abs_section_198
     _CAN1IDAR5                                 199       1       1       0   .abs_section_199
     _CAN1IDAR6                                 19A       1       1       0   .abs_section_19a
     _CAN1IDAR7                                 19B       1       1       0   .abs_section_19b
     _CAN1IDMR4                                 19C       1       1       1   .abs_section_19c
     _CAN1IDMR5                                 19D       1       1       1   .abs_section_19d
     _CAN1IDMR6                                 19E       1       1       1   .abs_section_19e
     _CAN1IDMR7                                 19F       1       1       1   .abs_section_19f
     _CAN1RXIDR0                                1A0       1       1       2   .abs_section_1a0
     _CAN1RXIDR1                                1A1       1       1       3   .abs_section_1a1
     _CAN1RXIDR2                                1A2       1       1       2   .abs_section_1a2
     _CAN1RXIDR3                                1A3       1       1       2   .abs_section_1a3
     _CAN1RXDSR0                                1A4       1       1       1   .abs_section_1a4
     _CAN1RXDSR1                                1A5       1       1       0   .abs_section_1a5
     _CAN1RXDSR2                                1A6       1       1       0   .abs_section_1a6
     _CAN1RXDSR3                                1A7       1       1       0   .abs_section_1a7
     _CAN1RXDSR4                                1A8       1       1       0   .abs_section_1a8
     _CAN1RXDSR5                                1A9       1       1       0   .abs_section_1a9
     _CAN1RXDSR6                                1AA       1       1       0   .abs_section_1aa
     _CAN1RXDSR7                                1AB       1       1       0   .abs_section_1ab
     _CAN1RXDLR                                 1AC       1       1       1   .abs_section_1ac
     _CAN1TXIDR0                                1B0       1       1       1   .abs_section_1b0
     _CAN1TXIDR1                                1B1       1       1       7   .abs_section_1b1
     _CAN1TXIDR2                                1B2       1       1       1   .abs_section_1b2
     _CAN1TXIDR3                                1B3       1       1       2   .abs_section_1b3
     _CAN1TXDSR0                                1B4       1       1       1   .abs_section_1b4
     _CAN1TXDSR1                                1B5       1       1       1   .abs_section_1b5
     _CAN1TXDSR2                                1B6       1       1       1   .abs_section_1b6
     _CAN1TXDSR3                                1B7       1       1       1   .abs_section_1b7
     _CAN1TXDSR4                                1B8       1       1       1   .abs_section_1b8
     _CAN1TXDSR5                                1B9       1       1       1   .abs_section_1b9
     _CAN1TXDSR6                                1BA       1       1       1   .abs_section_1ba
     _CAN1TXDSR7                                1BB       1       1       1   .abs_section_1bb
     _CAN1TXDLR                                 1BC       1       1       1   .abs_section_1bc
     _CAN1TXTBPR                                1BD       1       1       1   .abs_section_1bd
     _MCCTL0                                    1C0       1       1       1   .abs_section_1c0
     _MCCTL1                                    1C1       1       1       9   .abs_section_1c1
     _MCCC0                                     1D0       1       1       1   .abs_section_1d0
     _MCCC1                                     1D1       1       1       0   .abs_section_1d1
     _MCCC2                                     1D2       1       1       0   .abs_section_1d2
     _MCCC3                                     1D3       1       1       0   .abs_section_1d3
     _MCCC4                                     1D4       1       1       0   .abs_section_1d4
     _MCCC5                                     1D5       1       1       0   .abs_section_1d5
     _MCCC6                                     1D6       1       1       0   .abs_section_1d6
     _MCCC7                                     1D7       1       1       0   .abs_section_1d7
     _MCCC8                                     1D8       1       1       0   .abs_section_1d8
     _MCCC9                                     1D9       1       1       0   .abs_section_1d9
     _MCCC10                                    1DA       1       1       0   .abs_section_1da
     _MCCC11                                    1DB       1       1       0   .abs_section_1db
     _PTT                                       200       1       1      22   .abs_section_200
     _PTIT                                      201       1       1       0   .abs_section_201
     _DDRT                                      202       1       1       7   .abs_section_202
     _RDRT                                      203       1       1       0   .abs_section_203
     _PERT                                      204       1       1       0   .abs_section_204
     _PPST                                      205       1       1       1   .abs_section_205
     _WOMT                                      206       1       1       1   .abs_section_206
     _SRRT                                      207       1       1       0   .abs_section_207
     _PTS                                       208       1       1      13   .abs_section_208
     _PTIS                                      209       1       1       0   .abs_section_209
     _DDRS                                      20A       1       1       8   .abs_section_20a
     _RDRS                                      20B       1       1       0   .abs_section_20b
     _PERS                                      20C       1       1       0   .abs_section_20c
     _PPSS                                      20D       1       1       0   .abs_section_20d
     _WOMS                                      20E       1       1       0   .abs_section_20e
     _SRRS                                      20F       1       1       0   .abs_section_20f
     _PTM                                       210       1       1       3   .abs_section_210
     _PTIM                                      211       1       1       0   .abs_section_211
     _DDRM                                      212       1       1       2   .abs_section_212
     _RDRM                                      213       1       1       0   .abs_section_213
     _PERM                                      214       1       1       0   .abs_section_214
     _PPSM                                      215       1       1       0   .abs_section_215
     _WOMM                                      216       1       1       0   .abs_section_216
     _SRRM                                      217       1       1       0   .abs_section_217
     _PTP                                       218       1       1      11   .abs_section_218
     _PTIP                                      219       1       1       0   .abs_section_219
     _DDRP                                      21A       1       1       3   .abs_section_21a
     _RDRP                                      21B       1       1       0   .abs_section_21b
     _PERP                                      21C       1       1       0   .abs_section_21c
     _PPSP                                      21D       1       1       0   .abs_section_21d
     _WOMP                                      21E       1       1       0   .abs_section_21e
     _SRRP                                      21F       1       1       0   .abs_section_21f
     _PTL                                       230       1       1       4   .abs_section_230
     _PTIL                                      231       1       1       0   .abs_section_231
     _DDRL                                      232       1       1       3   .abs_section_232
     _RDRL                                      233       1       1       0   .abs_section_233
     _PERL                                      234       1       1       1   .abs_section_234
     _PPSL                                      235       1       1       0   .abs_section_235
     _SRRL                                      237       1       1       0   .abs_section_237
     _PTU                                       238       1       1       1   .abs_section_238
     _PTIU                                      239       1       1       0   .abs_section_239
     _DDRU                                      23A       1       1       1   .abs_section_23a
     _SRRU                                      23B       1       1       0   .abs_section_23b
     _PERU                                      23C       1       1       0   .abs_section_23c
     _PPSU                                      23D       1       1       0   .abs_section_23d
     _PTV                                       240       1       1       1   .abs_section_240
     _PTIV                                      241       1       1       0   .abs_section_241
     _DDRV                                      242       1       1       1   .abs_section_242
     _SRRV                                      243       1       1       0   .abs_section_243
     _PERV                                      244       1       1       0   .abs_section_244
     _PPSV                                      245       1       1       0   .abs_section_245
     _PTW                                       248       1       1       1   .abs_section_248
     _PTIW                                      249       1       1       0   .abs_section_249
     _DDRW                                      24A       1       1       1   .abs_section_24a
     _SRRW                                      24B       1       1       0   .abs_section_24b
     _PERW                                      24C       1       1       0   .abs_section_24c
     _PPSW                                      24D       1       1       0   .abs_section_24d
     _PTAD                                      251       1       1       1   .abs_section_251
     _PTIAD                                     253       1       1       0   .abs_section_253
     _DDRAD                                     255       1       1       1   .abs_section_255
     _RDRAD                                     257       1       1       0   .abs_section_257
     _PERAD                                     259       1       1       0   .abs_section_259
     _PPSAD                                     25B       1       1       0   .abs_section_25b
     _PIEAD                                     25D       1       1       0   .abs_section_25d
     _PIFAD                                     25F       1       1       0   .abs_section_25f
     _RTZ4CTL                                   280       1       1       0   .abs_section_280
     _MDC4CTL                                   281       1       1       0   .abs_section_281
     _SSD4CTL                                   282       1       1       0   .abs_section_282
     _SSD4FLG                                   283       1       1       0   .abs_section_283
     _RTZ0CTL                                   288       1       1       0   .abs_section_288
     _MDC0CTL                                   289       1       1       0   .abs_section_289
[...]
 |     |  |  |  +- FontOsdWinZoom      
 |     |  |  |  |  | 
 |     |  |  |  |  +- WriteI2C             (see above)
 |     |  |  |  |  |  
 |     |  |  |  |  +- ReadI2C              (see above)
 |     |  |  |  |     
 |     |  |  |  +- FontOsdSetOsdRamAddrAttr
 |     |  |  |  |  | 
 |     |  |  |  |  +- WriteI2C             (see above)
 |     |  |  |  |     
 |     |  |  |  +- WriteColor_StringToAddr
 |     |  |  |     | 
 |     |  |  |     +- WriteI2C             (see above)
 |     |  |  |     |  
 |     |  |  |     +- ReadI2C              (see above)
 |     |  |  |        
 |     |  |  +- MainMenu_VehicleModule_Disp
 |     |  |  |  | 
 |     |  |  |  +- Display_Layer_Graphics (see above)
 |     |  |  |  |  
 |     |  |  |  +- SpiOsdWinPixelAlpha  (see above)
 |     |  |  |  |  
 |     |  |  |  +- SOsdHwBuffWrite_Win 
 |     |  |  |     | 
 |     |  |  |     +- WriteI2C             (see above)
 |     |  |  |     |  
 |     |  |  |     +- WaitVBlank           (see above)
 |     |  |  |     |  
 |     |  |  |     +- ReadI2C              (see above)
 |     |  |  |        
 |     |  |  +- MainMenu_OilPress_Disp
 |     |  |  |  | 
 |     |  |  |  +- FontOsdAplha         (see above)
 |     |  |  |  |  
 |     |  |  |  +- FontOsdWinScreen     (see above)
 |     |  |  |  |  
 |     |  |  |  +- FontOsdWinZoom       (see above)
 |     |  |  |  |  
 |     |  |  |  +- FontOsdSetOsdRamAddrAttr (see above)
 |     |  |  |  |  
 |     |  |  |  +- _BDIVMODU            (see above)
 |     |  |  |  |  
 |     |  |  |  +- Display_Layer_Graphics (see above)
 |     |  |  |  |  
 |     |  |  |  +- SpiOsdWinPixelAlpha  (see above)
 |     |  |  |  |  
 |     |  |  |  +- SOsdHwBuffWrite_Win  (see above)
 |     |  |  |  |  
 |     |  |  |  +- Digit_Data_Conversation_To_Real_Display
 |     |  |  |  |  | 
 |     |  |  |  |  +- _LDIVU               (see above)
 |     |  |  |  |  |  
 |     |  |  |  |  +- _LMODU              
 |     |  |  |  |     | 
 |     |  |  |  |     +- _lDivMod             (see above)
 |     |  |  |  |        
 |     |  |  |  +- WriteColor_StringToAddr (see above)
 |     |  |  |     
 |     |  |  +- MainMenu_SystemVoltage_Disp
 |     |  |  |  | 
 |     |  |  |  +- FontOsdAplha         (see above)
 |     |  |  |  |  
 |     |  |  |  +- FontOsdWinScreen     (see above)
 |     |  |  |  |  
 |     |  |  |  +- FontOsdWinZoom       (see above)
 |     |  |  |  |  
 |     |  |  |  +- FontOsdSetOsdRamAddrAttr (see above)
 |     |  |  |  |  
 |     |  |  |  +- Display_Layer_Graphics (see above)
 |     |  |  |  |  
 |     |  |  |  +- SpiOsdWinPixelAlpha  (see above)
 |     |  |  |  |  
 |     |  |  |  +- Digit_Data_Conversation_To_Real_Display (see above)
 |     |  |  |  |  
 |     |  |  |  +- WriteColor_StringToAddr (see above)
 |     |  |  |     
 |     |  |  +- MainMenu_SmallModuleIndicate_Disp
 |     |  |  |  | 
 |     |  |  |  +- FontOsdAplha         (see above)
 |     |  |  |  |  
 |     |  |  |  +- FontOsdWinScreen     (see above)
 |     |  |  |  |  
 |     |  |  |  +- FontOsdWinZoom       (see above)
 |     |  |  |  |  
 |     |  |  |  +- FontOsdSetOsdRamAddrAttr (see above)
 |     |  |  |  |  
 |     |  |  |  +- _LDIVU               (see above)
 |     |  |  |  |  
 |     |  |  |  +- Digit_Data_Conversation_To_Real_Display (see above)
 |     |  |  |  |  
 |     |  |  |  +- WriteColor_StringToAddr (see above)
 |     |  |  |     
 |     |  |  +- MainMenu_Malfunction_Disp
 |     |  |  |  | 
 |     |  |  |  +- SOsdWinBuffClean    
 |     |  |  |  |    
 |     |  |  |  +- Display_Layer_Graphics (see above)
 |     |  |  |  |  
 |     |  |  |  +- SOsdHwBuffWrite_Win  (see above)
 |     |  |  |  |  
 |     |  |  |  +- SpiOsdWinPixelAlpha  (see above)
 |     |  |  |     
 |     |  |  +- SOsdHwBuffWrite2Hw   (see above)
 |     |  |     
 |     |  +- Display_SubMenu     
 |     |  |  | 
 |     |  |  +- OsdCmd               (see above)
 |     |  |  |  
 |     |  |  +- SpiOsdWinAllOff      (see above)
 |     |  |  |  
 |     |  |  +- FontOsdWinDisplay    (see above)
 |     |  |  |  
 |     |  |  +- Display_Layer_Graphics (see above)
 |     |  |  |  
 |     |  |  +- SpiOsdWinPixelAlpha  (see above)
 |     |  |  |  
 |     |  |  +- FontOsd_Interface_CharacterHeight_Pixels (see above)
 |     |  |  |  
 |     |  |  +- FontOsdAplha         (see above)
 |     |  |  |  
 |     |  |  +- FontOsdSetOsdRamAddrAttr (see above)
 |     |  |  |  
 |     |  |  +- FontOsdWinZoom       (see above)
 |     |  |  |  
 |     |  |  +- _CASE_CHECKED_BYTE   (see above)
 |     |  |  |  
 |     |  |  +- FontOsdWinScreen     (see above)
 |     |  |  |  
 |     |  |  +- WriteColor_StringToAddr (see above)
 |     |  |  |  
 |     |  |  +- SOsdHwBuffWrite2Hw   (see above)
 |     |  |     
 |     |  +- _CASE_CHECKED_BYTE   (see above)
 |     |  |  
 |     |  +- Display_ThirdMenu_Malfunction
 |     |  |  | 
 |     |  |  +- OsdCmd               (see above)
 |     |  |  |  
 |     |  |  +- SpiOsdWinAllOff      (see above)
 |     |  |  |  
 |     |  |  +- FontOsdWinDisplay    (see above)
 |     |  |  |  
 |     |  |  +- Display_Layer_Graphics (see above)
 |     |  |  |  
 |     |  |  +- FontOsd_Interface_CharacterHeight_Pixels (see above)
 |     |  |  |  
 |     |  |  +- FontOsdAplha         (see above)
 |     |  |  |  
 |     |  |  +- FontOsdWinScreen     (see above)
 |     |  |  |  
 |     |  |  +- FontOsdWinZoom       (see above)
 |     |  |  |  
 |     |  |  +- FontOsdSetOsdRamAddrAttr (see above)
 |     |  |  |  
 |     |  |  +- SpiOsdWinHWEnable    (see above)
 |     |  |  |  
 |     |  |  +- _BDIVMODU            (see above)
 |     |  |  |  
 |     |  |  +- SOsdWinBuffClean     (see above)
 |     |  |  |  
 |     |  |  +- SOsdHwBuffWrite2Hw   (see above)
 |     |  |  |  
 |     |  |  +- Digit_Data_Conversation_To_Real_Display (see above)
 |     |  |  |  
 |     |  |  +- WriteColor_StringToAddr (see above)
 |     |  |  |  
 |     |  |  +- SpiOsdWinPixelAlpha  (see above)
 |     |  |     
 |     |  +- Display_ThirdMenu_DiagnoseQuery
 |     |  |  | 
 |     |  |  +- OsdCmd               (see above)
 |     |  |  |  
 |     |  |  +- SpiOsdWinAllOff      (see above)
 |     |  |  |  
 |     |  |  +- FontOsdWinDisplay    (see above)
 |     |  |  |  
 |     |  |  +- Display_Layer_Graphics (see above)
 |     |  |  |  
 |     |  |  +- SpiOsdWinPixelAlpha  (see above)
 |     |  |  |  
 |     |  |  +- FontOsd_Interface_CharacterHeight_Pixels (see above)
 |     |  |  |  
 |     |  |  +- FontOsdAplha         (see above)
 |     |  |  |  
 |     |  |  +- FontOsdWinScreen     (see above)
 |     |  |  |  
 |     |  |  +- FontOsdSetOsdRamAddrAttr (see above)
 |     |  |  |  
 |     |  |  +- FontOsdWinZoom       (see above)
 |     |  |  |  
 |     |  |  +- _CASE_CHECKED_BYTE   (see above)
 |     |  |  |  
 |     |  |  +- Diagnose_Panal_LeftMenu
 |     |  |  |  | 
 |     |  |  |  +- Diagnose_State      
 |     |  |  |     | 
 |     |  |  |     +- _CASE_CHECKED_BYTE   (see above)
 |     |  |  |     |  
 |     |  |  |     +- WriteColor_StringToAddr (see above)
 |     |  |  |        
 |     |  |  +- Diagnose_Panal_RightMenu
 |     |  |  |  | 
 |     |  |  |  +- Diagnose_State       (see above)
 |     |  |  |  |  
 |     |  |  |  +- WriteColor_StringToAddr (see above)
 |     |  |  |     
 |     |  |  +- Diagnose_FrontDriver_LeftMenu
 |     |  |  |  | 
 |     |  |  |  +- Diagnose_State       (see above)
 |     |  |  |  |  
 |     |  |  |  +- _BSHRU               (see above)
 |     |  |  |     
 |     |  |  +- Diagnose_FrontDriver_RightMenu
 |     |  |  |  | 
 |     |  |  |  +- Diagnose_State       (see above)
 |     |  |  |  |  
 |     |  |  |  +- _BSHRU               (see above)
 |     |  |  |     
 |     |  |  +- Diagnose_BackDriver_LeftMenu
 |     |  |  |  | 
 |     |  |  |  +- Diagnose_State       (see above)
 |     |  |  |  |  
 |     |  |  |  +- _BSHRU               (see above)
 |     |  |  |     
 |     |  |  +- Diagnose_BackDriver_RightMenu
 |     |  |  |  | 
 |     |  |  |  +- Diagnose_State       (see above)
 |     |  |  |  |  
 |     |  |  |  +- _BSHRU               (see above)
 |     |  |  |     
 |     |  |  +- Diagnose_Power_LeftMenu
 |     |  |  |  | 
 |     |  |  |  +- Diagnose_State       (see above)
 |     |  |  |  |  
 |     |  |  |  +- _BSHRU               (see above)
 |     |  |  |     
 |     |  |  +- Diagnose_Power_RightMenu
 |     |  |  |  | 
 |     |  |  |  +- Diagnose_State       (see above)
 |     |  |  |  |  
 |     |  |  |  +- _BSHRU               (see above)
 |     |  |  |     
 |     |  |  +- Diagnose_ModuleTemperature
 |     |  |  |  | 
 |     |  |  |  +- WriteColor_StringToAddr (see above)
 |     |  |  |     
 |     |  |  +- WriteColor_StringToAddr (see above)
 |     |  |  |  
 |     |  |  +- SOsdWinBuffWrite2Hw 
 |     |  |  |  | 
 |     |  |  |  +- WriteI2C             (see above)
 |     |  |  |  |  
 |     |  |  |  +- WaitVBlank           (see above)
 |     |  |  |  |  
 |     |  |  |  +- ReadI2C              (see above)
 |     |  |  |     
 |     |  |  +- Diagnose_Module_Clear
 |     |  |     | 
 |     |  |     +- Diagnose_State       (see above)
 |     |  |        
 |     |  +- Display_ThirdMenu_SystemParameter
 |     |  |  | 
 |     |  |  +- OsdCmd               (see above)
 |     |  |  |  
 |     |  |  +- SpiOsdWinAllOff      (see above)
 |     |  |  |  
 |     |  |  +- FontOsdWinDisplay    (see above)
 |     |  |  |  
 |     |  |  +- Display_Layer_Graphics (see above)
 |     |  |  |  
 |     |  |  +- SpiOsdWinPixelAlpha  (see above)
 |     |  |  |  
 |     |  |  +- FontOsd_Interface_CharacterHeight_Pixels (see above)
 |     |  |  |  
 |     |  |  +- FontOsdAplha         (see above)
 |     |  |  |  
 |     |  |  +- FontOsdWinScreen     (see above)
 |     |  |  |  
 |     |  |  +- FontOsdWinZoom       (see above)
 |     |  |  |  
 |     |  |  +- FontOsdSetOsdRamAddrAttr (see above)
 |     |  |  |  
 |     |  |  +- _CASE_CHECKED_BYTE   (see above)
 |     |  |  |  
 |     |  |  +- SpiOsdWinHWEnable    (see above)
 |     |  |  |  
 |     |  |  +- SOsdHwBuffWrite_Win  (see above)
 |     |  |  |  
 |     |  |  +- Digit_Data_Conversation_To_Real_Display (see above)
 |     |  |  |  
 |     |  |  +- WriteColor_StringToAddr (see above)
 |     |  |  |  
 |     |  |  +- SOsdWinBuffWrite2Hw  (see above)
 |     |  |     
 |     |  +- Display_ThirdMenu_DistanceFualConsume
 |     |  |  | 
 |     |  |  +- OsdCmd               (see above)
 |     |  |  |  
 |     |  |  +- SpiOsdWinAllOff      (see above)
 |     |  |  |  
 |     |  |  +- FontOsdWinDisplay    (see above)
 |     |  |  |  
 |     |  |  +- Display_Layer_Graphics (see above)
 |     |  |  |  
 |     |  |  +- SpiOsdWinPixelAlpha  (see above)
 |     |  |  |  
 |     |  |  +- FontOsd_Interface_CharacterHeight_Pixels (see above)
 |     |  |  |  
 |     |  |  +- FontOsdAplha         (see above)
 |     |  |  |  
 |     |  |  +- FontOsdWinZoom       (see above)
 |     |  |  |  
 |     |  |  +- FontOsdSetOsdRamAddrAttr (see above)
 |     |  |  |  
 |     |  |  +- FontOsdWinScreen     (see above)
 |     |  |  |  
 |     |  |  +- SOsdHwBuffWrite_Win  (see above)
 |     |  |  |  
 |     |  |  +- Digit_Data_Conversation_To_Real_Display (see above)
 |     |  |  |  
 |     |  |  +- WriteColor_StringToAddr (see above)
 |     |  |  |  
 |     |  |  +- _LDIVU               (see above)
 |     |  |  |  
 |     |  |  +- SOsdWinBuffWrite2Hw  (see above)
 |     |  |     
 |     |  +- Display_ThirdMenu_PictureAndChannleSet
 |     |  |  | 
 |     |  |  +- OsdCmd               (see above)
 |     |  |  |  
 |     |  |  +- SpiOsdWinAllOff      (see above)
 |     |  |  |  
 |     |  |  +- FontOsdWinDisplay    (see above)
 |     |  |  |  
 |     |  |  +- Display_Layer_Graphics (see above)
 |     |  |  |  
 |     |  |  +- SpiOsdWinPixelAlpha  (see above)
 |     |  |  |  
 |     |  |  +- FontOsdWinZoom       (see above)
 |     |  |  |  
 |     |  |  +- FontOsdSetOsdRamAddrAttr (see above)
 |     |  |  |  
 |     |  |  +- FontOsdWinScreen     (see above)
 |     |  |  |  
 |     |  |  +- _CASE_CHECKED_BYTE   (see above)
 |     |  |  |  
 |     |  |  +- SpiOsdWinHWEnable    (see above)
 |     |  |  |  
 |     |  |  +- SOsdHwBuffWrite_Win  (see above)
 |     |  |  |  
 |     |  |  +- DelayMs              (see above)
 |     |  |  |  
 |     |  |  +- SOsdHwBuffSetAlpha  
 |     |  |  |    
 |     |  |  +- ContrastCmd         
 |     |  |  |  | 
 |     |  |  |  +- _CASE_CHECKED_BYTE   (see above)
 |     |  |  |  |  
 |     |  |  |  +- WriteI2C             (see above)
 |     |  |  |     
 |     |  |  +- BrightnessCmd       
 |     |  |  |  | 
 |     |  |  |  +- _CASE_CHECKED_BYTE   (see above)
 |     |  |  |  |  
 |     |  |  |  +- WriteI2C             (see above)
 |     |  |  |     
 |     |  |  +- HueCmd              
 |     |  |  |  | 
 |     |  |  |  +- _CASE_CHECKED_BYTE   (see above)
 |     |  |  |  |  
 |     |  |  |  +- WriteI2C             (see above)
 |     |  |  |     
 |     |  |  +- SharpnessCmd        
 |     |  |  |  | 
 |     |  |  |  +- _CASE_CHECKED_BYTE   (see above)
 |     |  |  |  |  
 |     |  |  |  +- WriteI2C             (see above)
 |     |  |  |     
 |     |  |  +- WriteColor_StringToAddr (see above)
 |     |  |  |  
 |     |  |  +- SOsdHwBuffWrite2Hw   (see above)
 |     |  |  |  
 |     |  |  +- VideoSignalDetect   
 |     |  |  |  | 
 |     |  |  |  +- WriteI2C             (see above)
 |     |  |  |  |  
 |     |  |  |  +- ReadI2C              (see above)
 |     |  |  |     
 |     |  |  +- FontOsdAplha         (see above)
 |     |  |  |  
 |     |  |  +- FontOsd_Interface_CharacterHeight_Pixels (see above)
 |     |  |     
 |     |  +- Display_ThirdMenu_SystemTimeSet
 |     |  |  | 
 |     |  |  +- OsdCmd               (see above)
 |     |  |  |  
 |     |  |  +- SpiOsdWinAllOff      (see above)
 |     |  |  |  
 |     |  |  +- FontOsdWinDisplay    (see above)
 |     |  |  |  
 |     |  |  +- Display_Layer_Graphics (see above)
 |     |  |  |  
 |     |  |  +- SpiOsdWinPixelAlpha  (see above)
 |     |  |  |  
 |     |  |  +- FontOsd_Interface_CharacterHeight_Pixels (see above)
 |     |  |  |  
 |     |  |  +- FontOsdAplha         (see above)
 |     |  |  |  
 |     |  |  +- FontOsdSetOsdRamAddrAttr (see above)
 |     |  |  |  
 |     |  |  +- FontOsdWinZoom       (see above)
 |     |  |  |  
 |     |  |  +- FontOsdWinScreen     (see above)
 |     |  |  |  
 |     |  |  +- SpiOsdWinHWEnable    (see above)
 |     |  |  |  
 |     |  |  +- SOsdHwBuffWrite_Win  (see above)
 |     |  |  |  
 |     |  |  +- WriteColor_StringToAddr (see above)
 |     |  |  |  
 |     |  |  +- SOsdWinBuffWrite2Hw  (see above)
 |     |  |     
 |     |  +- Display_ThirdMenu_TyrePress
 |     |  |  | 
 |     |  |  +- Display_Layer_Graphics (see above)
 |     |  |  |  
 |     |  |  +- FontOsdSetOsdRamAddrAttr (see above)
 |     |  |  |  
 |     |  |  +- FontOsdWinScreen     (see above)
 |     |  |  |  
 |     |  |  +- Digit_Data_Conversation_To_Real_Display (see above)
 |     |  |  |  
 |     |  |  +- WriteColor_StringToAddr (see above)
 |     |  |  |  
 |     |  |  +- FontOsdWinZoom       (see above)
 |     |  |  |  
 |     |  |  +- SpiOsdWinPixelAlpha  (see above)
 |     |  |  |  
 |     |  |  +- SpiOsdWinHWEnable    (see above)
 |     |  |  |  
 |     |  |  +- SOsdHwBuffWrite_Win  (see above)
 |     |  |  |  
 |     |  |  +- _CASE_CHECKED_BYTE   (see above)
 |     |  |  |  
 |     |  |  +- Digit_Data_Conversation_To_Hex_Display
 |     |  |  |  | 
 |     |  |  |  +- _LSHRU               (see above)
 |     |  |  |     
 |     |  |  +- Eeprom_Write_Fact    (see above)
 |     |  |  |  
 |     |  |  +- FontOsdWinDisplay    (see above)
 |     |  |  |  
 |     |  |  +- OsdCmd               (see above)
 |     |  |  |  
 |     |  |  +- SOsdHwBuffWrite2Hw   (see above)
 |     |  |  |  
 |     |  |  +- FontOsd_Interface_CharacterHeight_Pixels (see above)
 |     |  |  |  
 |     |  |  +- FontOsdAplha         (see above)
 |     |  |  |  
 |     |  |  +- SpiOsdWinAllOff      (see above)
 |     |  |     
 |     |  +- Display_ThirdMenu_HelpInfomation
 |     |  |  | 
 |     |  |  +- OsdCmd               (see above)
 |     |  |  |  
 |     |  |  +- SpiOsdWinAllOff      (see above)
 |     |  |  |  
 |     |  |  +- FontOsdWinDisplay    (see above)
 |     |  |  |  
 |     |  |  +- FontOsd_Interface_CharacterHeight_Pixels (see above)
 |     |  |  |  
 |     |  |  +- FontOsdAplha         (see above)
 |     |  |  |  
 |     |  |  +- FontOsdWinZoom       (see above)
 |     |  |  |  
 |     |  |  +- FontOsdSetOsdRamAddrAttr (see above)
 |     |  |  |  
 |     |  |  +- FontOsdWinScreen     (see above)
 |     |  |  |  
 |     |  |  +- Display_Layer_Graphics (see above)
 |     |  |  |  
 |     |  |  +- SpiOsdWinPixelAlpha  (see above)
 |     |  |  |  
 |     |  |  +- ASC_Data_Conversation_To_Real_Display
 |     |  |  |    
 |     |  |  +- WriteColor_StringToAddr (see above)
 |     |  |  |  
 |     |  |  +- SOsdHwBuffWrite2Hw   (see above)
 |     |  |     
 |     |  +- Display_NoVideoMenu 
 |     |     | 
 |     |     +- DelayMs              (see above)
 |     |     |  
 |     |     +- VideoSignalDetect    (see above)
 |     |     |  
 |     |     +- VideoChannelSelect   (see above)
 |     |     |  
 |     |     +- Osd_Video_Change     (see above)
 |     |     |  
 |     |     +- OsdCmd               (see above)
 |     |     |  
 |     |     +- SpiOsdWinAllOff      (see above)
 |     |     |  
 |     |     +- FontOsdWinDisplay    (see above)
 |     |     |  
 |     |     +- Display_Layer_Graphics (see above)
 |     |     |  
 |     |     +- SpiOsdWinPixelAlpha  (see above)
 |     |     |  
 |     |     +- SOsdHwBuffWrite2Hw   (see above)
 |     |        
 |     +- LcdOffDeal          
 |        | 
 |        +- OsdCmd               (see above)
 |        |  
 |        +- SpiOsdWinAllOff      (see above)
 |        |  
 |        +- FontOsdWinDisplay    (see above)
 |        |  
 |        +- BackLightCmd         (see above)
 |        |  
 |        +- TW88XX_Power         (see above)
 |           
 +- _Startup            
    | 
    +- Init                
    |    
    +- main                 (see above)
       
 _vect               
 | 
 +- UnimplementedISR    
 |    
 +- MSCAN1Rec           
 |  | 
 |  +- _LCMP                (see above)
 |  |  
 |  +- Dll_pdu             
 |  |    
 |  +- _COPY                (see above)
 |  |  
 |  +- Rev_J1939msg        
 |  |  | 
 |  |  +- _CASE_SEARCH        
 |  |  |    
 |  |  +- EngRotation          (see above)
 |  |  |  
 |  |  +- _LMULU16x32          (see above)
 |  |  |  
 |  |  +- CARSPEED             (see above)
 |  |     
 |  +- _LSHL               
 |       
 +- CAN1error_int       
 |    
 +- CAN0rxd_int         
 |  | 
 |  +- SendCan0Message      (see above)
 |  |  
 |  +- _CASE_DIRECT_BYTE   
 |  |    
 |  +- CARSPEED             (see above)
 |  |  
 |  +- EngRotation          (see above)
 |  |  
 |  +- _LCMP                (see above)
 |  |  
 |  +- _LSHL                (see above)
 |     
 +- CAN0error_int       
 |    
 +- Can0WakeUpInterrupt 
 |  | 
 |  +- WakeUpInit           (see above)
 |     
 +- tchanel7_Handler    
 |  | 
 |  +- FlashLampDeal       
 |  |  | 
 |  |  +- _BSHRU               (see above)
 |  |  |  
 |  |  +- _CASE_CHECKED_BYTE   (see above)
 |  |  |  
 |  |  +- SendCan0Message      (see above)
 |  |     
 |  +- buzzer_cancel       
 |  |    
 |  +- buzzer_control      
 |     | 
 |     +- _CASE_CHECKED_BYTE   (see above)
 |        
 +- rti_int             
 |  | 
 |  +- SendCan0Message      (see above)
 |  |  
 |  +- J1939_Speed_Send    
 |     | 
 |     +- Trans_CANpkt         (see above)
 |        
 +- _EntryPoint         
    | 
    +- _Startup             (see above)
       
*********************************************************************************************
STATISTIC SECTION
---------------------------------------------------------------------------------------------

ExeFile:
--------
Number of blocks to be downloaded: 26
Total size of all blocks to be downloaded: 58013

