###############################################################################
#
# IAR ELF Linker V7.50.3.10732/W32 for ARM                23/Feb/2017  13:48:10
# Copyright 2007-2016 IAR Systems AB.
#
#    Output file  =  
#        F:\配置软件相关\223项目\ZB223_0A_bg_20161121\ZB223_01\ZB223BYY0A\Exe\c.out
#    Map file     =  
#        F:\配置软件相关\223项目\ZB223_0A_bg_20161121\ZB223_01\ZB223BYY0A\List\c.map
#    Command line =  
#        F:\配置软件相关\223项目\ZB223_0A_bg_20161121\ZB223_01\ZB223BYY0A\Obj\ap_lpit.o
#        F:\配置软件相关\223项目\ZB223_0A_bg_20161121\ZB223_01\ZB223BYY0A\Obj\ap_S32K1xx_adc.o
#        F:\配置软件相关\223项目\ZB223_0A_bg_20161121\ZB223_01\ZB223BYY0A\Obj\ap_S32K1xx_FlexCAN.o
#        F:\配置软件相关\223项目\ZB223_0A_bg_20161121\ZB223_01\ZB223BYY0A\Obj\ap_S32K1xx_FTM.o
#        F:\配置软件相关\223项目\ZB223_0A_bg_20161121\ZB223_01\ZB223BYY0A\Obj\ap_S32K1xx_lptmr.o
#        F:\配置软件相关\223项目\ZB223_0A_bg_20161121\ZB223_01\ZB223BYY0A\Obj\arm_cm4.o
#        F:\配置软件相关\223项目\ZB223_0A_bg_20161121\ZB223_01\ZB223BYY0A\Obj\BacklightControl.o
#        F:\配置软件相关\223项目\ZB223_0A_bg_20161121\ZB223_01\ZB223BYY0A\Obj\BitMacros.o
#        F:\配置软件相关\223项目\ZB223_0A_bg_20161121\ZB223_01\ZB223BYY0A\Obj\CanMsgOut.o
#        F:\配置软件相关\223项目\ZB223_0A_bg_20161121\ZB223_01\ZB223BYY0A\Obj\common.o
#        F:\配置软件相关\223项目\ZB223_0A_bg_20161121\ZB223_01\ZB223BYY0A\Obj\configFile.o
#        F:\配置软件相关\223项目\ZB223_0A_bg_20161121\ZB223_01\ZB223BYY0A\Obj\crt0.o
#        F:\配置软件相关\223项目\ZB223_0A_bg_20161121\ZB223_01\ZB223BYY0A\Obj\deepSleep.o
#        F:\配置软件相关\223项目\ZB223_0A_bg_20161121\ZB223_01\ZB223BYY0A\Obj\display.o
#        F:\配置软件相关\223项目\ZB223_0A_bg_20161121\ZB223_01\ZB223BYY0A\Obj\DS1302.o
#        F:\配置软件相关\223项目\ZB223_0A_bg_20161121\ZB223_01\ZB223BYY0A\Obj\EngineDiagnose_DM1.o
#        F:\配置软件相关\223项目\ZB223_0A_bg_20161121\ZB223_01\ZB223BYY0A\Obj\infoManage.o
#        F:\配置软件相关\223项目\ZB223_0A_bg_20161121\ZB223_01\ZB223BYY0A\Obj\io.o
#        F:\配置软件相关\223项目\ZB223_0A_bg_20161121\ZB223_01\ZB223BYY0A\Obj\IS31FL3733_I2C.o
#        F:\配置软件相关\223项目\ZB223_0A_bg_20161121\ZB223_01\ZB223BYY0A\Obj\ISR.o
#        F:\配置软件相关\223项目\ZB223_0A_bg_20161121\ZB223_01\ZB223BYY0A\Obj\J1939.o
#        F:\配置软件相关\223项目\ZB223_0A_bg_20161121\ZB223_01\ZB223BYY0A\Obj\KeyDeal.o
#        F:\配置软件相关\223项目\ZB223_0A_bg_20161121\ZB223_01\ZB223BYY0A\Obj\KeyProcess.o
#        F:\配置软件相关\223项目\ZB223_0A_bg_20161121\ZB223_01\ZB223BYY0A\Obj\LcmDisp.o
#        F:\配置软件相关\223项目\ZB223_0A_bg_20161121\ZB223_01\ZB223BYY0A\Obj\Led.o
#        F:\配置软件相关\223项目\ZB223_0A_bg_20161121\ZB223_01\ZB223BYY0A\Obj\load_deal.o
#        F:\配置软件相关\223项目\ZB223_0A_bg_20161121\ZB223_01\ZB223BYY0A\Obj\LoadOutputCondition.o
#        F:\配置软件相关\223项目\ZB223_0A_bg_20161121\ZB223_01\ZB223BYY0A\Obj\M41T00.o
#        F:\配置软件相关\223项目\ZB223_0A_bg_20161121\ZB223_01\ZB223BYY0A\Obj\main.o
#        F:\配置软件相关\223项目\ZB223_0A_bg_20161121\ZB223_01\ZB223BYY0A\Obj\message.o
#        F:\配置软件相关\223项目\ZB223_0A_bg_20161121\ZB223_01\ZB223BYY0A\Obj\motorPatch.o
#        F:\配置软件相关\223项目\ZB223_0A_bg_20161121\ZB223_01\ZB223BYY0A\Obj\physicalq.o
#        F:\配置软件相关\223项目\ZB223_0A_bg_20161121\ZB223_01\ZB223BYY0A\Obj\printf.o
#        F:\配置软件相关\223项目\ZB223_0A_bg_20161121\ZB223_01\ZB223BYY0A\Obj\sensor.o
#        F:\配置软件相关\223项目\ZB223_0A_bg_20161121\ZB223_01\ZB223BYY0A\Obj\sound.o
#        F:\配置软件相关\223项目\ZB223_0A_bg_20161121\ZB223_01\ZB223BYY0A\Obj\start.o
#        F:\配置软件相关\223项目\ZB223_0A_bg_20161121\ZB223_01\ZB223BYY0A\Obj\startup.o
#        F:\配置软件相关\223项目\ZB223_0A_bg_20161121\ZB223_01\ZB223BYY0A\Obj\StepDeal.o
#        F:\配置软件相关\223项目\ZB223_0A_bg_20161121\ZB223_01\ZB223BYY0A\Obj\sysinit.o
#        F:\配置软件相关\223项目\ZB223_0A_bg_20161121\ZB223_01\ZB223BYY0A\Obj\systick.o
#        F:\配置软件相关\223项目\ZB223_0A_bg_20161121\ZB223_01\ZB223BYY0A\Obj\TJA1145.o
#        F:\配置软件相关\223项目\ZB223_0A_bg_20161121\ZB223_01\ZB223BYY0A\Obj\TW_FontOsd.o
#        F:\配置软件相关\223项目\ZB223_0A_bg_20161121\ZB223_01\ZB223BYY0A\Obj\TW_SpiOsd.o
#        F:\配置软件相关\223项目\ZB223_0A_bg_20161121\ZB223_01\ZB223BYY0A\Obj\uart.o
#        F:\配置软件相关\223项目\ZB223_0A_bg_20161121\ZB223_01\ZB223BYY0A\Obj\vectors.o
#        F:\配置软件相关\223项目\ZB223_0A_bg_20161121\ZB223_01\ZB223BYY0A\Obj\WaitTimer.o
#        F:\配置软件相关\223项目\ZB223_0A_bg_20161121\ZB223_01\ZB223BYY0A\Obj\wdog.o
#        F:\配置软件相关\223项目\ZB223_0A_bg_20161121\ZB223_01\ZB223BYY0A\Obj\xgate.o
#        -o
#        F:\配置软件相关\223项目\ZB223_0A_bg_20161121\ZB223_01\ZB223BYY0A\Exe\c.out
#        --redirect _Printf=_PrintfFull --redirect _Scanf=_ScanfFull --map
#        F:\配置软件相关\223项目\ZB223_0A_bg_20161121\ZB223_01\ZB223BYY0A\List\c.map
#        --config
#        F:\配置软件相关\223项目\ZB223_0A_bg_20161121\ZB223_01\config_files\240KB_APP_Pflash_.icf
#        --semihosting --entry __iar_program_start --vfe
#
###############################################################################

*******************************************************************************
*** RUNTIME MODEL ATTRIBUTES
***

CppFlavor       = *
__SystemLibrary = DLib


*******************************************************************************
*** PLACEMENT SUMMARY
***

"A1":  place at 0x00008000 { ro section .intvec };
"A2":  place at 0x00009000 { ro section .noinit };
"A3":  place at 0x00050000 { ro section .__CONFIG_DATA };
"A4":  place at 0x00060000 { ro section .__LCDCONFIG_DATA };
"A5":  place at 0x0004f000 { ro section .__PCADDCONFIG_DATA };
"P1":  place in [from 0x00008000 to 0x0004efff] |
                [from 0x10000000 to 0x1000ffff] { ro };
"P2":  place in [from 0x1fff8410 to 0x1fffffff] |
                [from 0x20000000 to 0x20007fff] { rw, block CSTACK, block HEAP };

  Section              Kind        Address     Size  Object
  -------              ----        -------     ----  ------
"A1":                                         0x410
  .intvec              const    0x00008000    0x410  vectors.o [1]
                              - 0x00008410    0x410

"P1", part 1 of 2:                              0x0
  .rodata              const    0x00008410      0x0  zero_init3.o [5]

"A2":                                          0x3c
  .noinit              ro code  0x00009000     0x3c  crt0.o [1]
                              - 0x0000903c     0x3c

"P1", part 2 of 2:                          0x1eda4
  .text                ro code  0x0000903c   0x898a  display.o [1]
  .text                ro code  0x000119c6      0x2  vectors.o [1]
  .text                ro code  0x000119c8    0xf90  TW_FontOsd.o [1]
  .text                ro code  0x00012958    0xcd0  common.o [1]
  .text                ro code  0x00013628   0x13ca  TW_SpiOsd.o [1]
  .text                ro code  0x000149f4    0xa5c  ap_S32K1xx_FTM.o [1]
  .text                ro code  0x00015450   0x36c0  load_deal.o [1]
  .text                ro code  0x00018b10     0x76  ABImemcpy_unaligned.o [5]
  .text                ro code  0x00018b88    0xce8  StepDeal.o [1]
  .text                ro code  0x00019870    0x160  KeyProcess.o [1]
  .text                ro code  0x000199d0    0x44c  physicalq.o [1]
  .text                ro code  0x00019e1c     0xf8  M41T00.o [1]
  .text                ro code  0x00019f14   0x1018  J1939.o [1]
  .text                ro code  0x0001af2c   0x1404  LoadOutputCondition.o [1]
  .text                ro code  0x0001c330    0x850  Led.o [1]
  .text                ro code  0x0001cb80    0x136  ap_S32K1xx_adc.o [1]
  .text                ro code  0x0001ccb8    0x442  IS31FL3733_I2C.o [1]
  .text                ro code  0x0001d0fc   0x13c8  message.o [1]
  .text                ro code  0x0001e4c4    0x3d8  LcmDisp.o [1]
  .text                ro code  0x0001e89c     0x30  motorPatch.o [1]
  .text                ro code  0x0001e8cc    0x978  DS1302.o [1]
  .text                ro code  0x0001f244    0xf9c  EngineDiagnose_DM1.o [1]
  .text                ro code  0x000201e0    0x5d8  ap_S32K1xx_FlexCAN.o [1]
  .text                ro code  0x000207b8     0x3c  WaitTimer.o [1]
  .text                ro code  0x000207f4    0xcc0  sound.o [1]
  .text                ro code  0x000214b4   0x212c  ISR.o [1]
  .text                ro code  0x000235e0    0x110  arm_cm4.o [1]
  .text                ro code  0x000236f0    0x3d8  xgate.o [1]
  .text                ro code  0x00023ac8      0x8  abs.o [3]
  .text                ro code  0x00023ad0     0x90  ap_S32K1xx_lptmr.o [1]
  .text                ro code  0x00023b60    0x4d0  printf.o [1]
  .text                ro code  0x00024030     0x36  strlen.o [5]
  .text                ro code  0x00024068   0x16a0  KeyDeal.o [1]
  .text                ro code  0x00025708    0x86c  sensor.o [1]
  .text                ro code  0x00025f74     0x54  BacklightControl.o [1]
  .text                ro code  0x00025fc8    0xa1c  CanMsgOut.o [1]
  .text                ro code  0x000269e4    0x7c0  sysinit.o [1]
  .text                ro code  0x000271a4     0xdc  ap_lpit.o [1]
  .text                ro code  0x00027280     0xb0  systick.o [1]
  .rodata              const    0x00027330    0x240  TW_FontOsd.o [1]
  .text                ro code  0x00027570    0x208  main.o [1]
  .text                ro code  0x00027778     0x28  deepSleep.o [1]
  .rodata              const    0x000277a0    0x1e0  display.o [1]
  .text                ro code  0x00027980     0x9c  startup.o [1]
  .data_init                    0x00027a1c     0x80  <Block>
    Initializer bytes  const    0x00027a1c     0x80  <for .data-1>
  .rodata              const    0x00027a9c     0x40  arm_cm4.o [1]
  .rodata              const    0x00027adc     0x40  Led.o [1]
  .text                ro code  0x00027b1c     0x40  zero_init3.o [5]
  .rodata              const    0x00027b5c     0x3c  arm_cm4.o [1]
  .text                ro code  0x00027b98     0x28  data_init.o [5]
  .text                ro code  0x00027bc0     0x22  fpinit_M.o [4]
  .iar.init_table      const    0x00027be4     0x10  - Linker created -
  .text                ro code  0x00027bf4     0x1c  wdog.o [1]
  .text                ro code  0x00027c10     0x1a  cmain.o [5]
  .text                ro code  0x00027c2a      0x4  low_level_init.o [3]
  .text                ro code  0x00027c2e      0x4  exit.o [3]
  .text                ro code  0x00027c34      0xa  cexit.o [5]
  .text                ro code  0x00027c40     0x14  exit.o [6]
  .rodata              const    0x00027c54     0x18  physicalq.o [1]
  .rodata              const    0x00027c6c     0x18  StepDeal.o [1]
  .rodata              const    0x00027c84     0x18  xgate.o [1]
  .rodata              const    0x00027c9c     0x18  xgate.o [1]
  .text                ro code  0x00027cb4     0x14  io.o [1]
  .text                ro code  0x00027cc8      0xc  uart.o [1]
  .rodata              const    0x00027cd4     0x10  common.o [1]
  .rodata              const    0x00027ce4     0x10  TW_SpiOsd.o [1]
  .text                ro code  0x00027cf4     0x10  start.o [1]
  .rodata              const    0x00027d04      0xc  CanMsgOut.o [1]
  .rodata              const    0x00027d10      0xc  display.o [1]
  .rodata              const    0x00027d1c      0xc  display.o [1]
  .rodata              const    0x00027d28      0xc  J1939.o [1]
  .rodata              const    0x00027d34      0xc  message.o [1]
  .rodata              const    0x00027d40      0xc  physicalq.o [1]
  .rodata              const    0x00027d4c      0xc  TW_SpiOsd.o [1]
  .text                ro code  0x00027d58      0xc  cstartup_M.o [5]
  .rodata              const    0x00027d64      0x8  CanMsgOut.o [1]
  .rodata              const    0x00027d6c      0x8  display.o [1]
  .rodata              const    0x00027d74      0x8  display.o [1]
  .rodata              const    0x00027d7c      0x8  display.o [1]
  .rodata              const    0x00027d84      0x8  display.o [1]
  .rodata              const    0x00027d8c      0x8  display.o [1]
  .rodata              const    0x00027d94      0x8  display.o [1]
  .rodata              const    0x00027d9c      0x8  DS1302.o [1]
  .rodata              const    0x00027da4      0x8  KeyDeal.o [1]
  .rodata              const    0x00027dac      0x8  KeyDeal.o [1]
  .rodata              const    0x00027db4      0x8  KeyDeal.o [1]
  .rodata              const    0x00027dbc      0x8  Led.o [1]
  .rodata              const    0x00027dc4      0x8  physicalq.o [1]
  .rodata              const    0x00027dcc      0x4  Led.o [1]
  .rodata              const    0x00027dd0      0x4  load_deal.o [1]
  .rodata              const    0x00027dd4      0x4  load_deal.o [1]
  .rodata              const    0x00027dd8      0x4  load_deal.o [1]
  .rodata              const    0x00027ddc      0x4  TW_FontOsd.o [1]
                              - 0x00027de0  0x1eda4

"A5":                                         0x348
  .__PCADDCONFIG_DATA  const    0x0004f000    0x348  configFile.o [1]
                              - 0x0004f348    0x348

"A3":                                        0xa098
  .__CONFIG_DATA       const    0x00050000     0x74  configFile.o [1]
  .__CONFIG_DATA       const    0x00050074     0x4c  configFile.o [1]
  .__CONFIG_DATA       const    0x000500c0      0x4  configFile.o [1]
  .__CONFIG_DATA       const    0x000500c4     0x94  configFile.o [1]
  .__CONFIG_DATA       const    0x00050158    0x320  configFile.o [1]
  .__CONFIG_DATA       const    0x00050478    0x1b8  configFile.o [1]
  .__CONFIG_DATA       const    0x00050630      0xc  configFile.o [1]
  .__CONFIG_DATA       const    0x0005063c    0x578  configFile.o [1]
  .__CONFIG_DATA       const    0x00050bb4    0x548  configFile.o [1]
  .__CONFIG_DATA       const    0x000510fc   0x3f48  configFile.o [1]
  .__CONFIG_DATA       const    0x00055044    0x280  configFile.o [1]
  .__CONFIG_DATA       const    0x000552c4     0x44  configFile.o [1]
  .__CONFIG_DATA       const    0x00055308    0x110  configFile.o [1]
  .__CONFIG_DATA       const    0x00055418    0x1f0  configFile.o [1]
  .__CONFIG_DATA       const    0x00055608     0xdc  configFile.o [1]
  .__CONFIG_DATA       const    0x000556e4   0x14f0  configFile.o [1]
  .__CONFIG_DATA       const    0x00056bd4   0x2080  configFile.o [1]
  .__CONFIG_DATA       const    0x00058c54    0x650  configFile.o [1]
  .__CONFIG_DATA       const    0x000592a4    0x650  configFile.o [1]
  .__CONFIG_DATA       const    0x000598f4    0x650  configFile.o [1]
  .__CONFIG_DATA       const    0x00059f44     0x28  configFile.o [1]
  .__CONFIG_DATA       const    0x00059f6c    0x12c  configFile.o [1]
                              - 0x0005a098   0xa098

"A4":                                       0x1072c
  .__LCDCONFIG_DATA    const    0x00060000   0x3ee4  display.o [1]
  .__LCDCONFIG_DATA    const    0x00063ee4   0x198c  display.o [1]
  .__LCDCONFIG_DATA    const    0x00065870   0x2ec4  display.o [1]
  .__LCDCONFIG_DATA    const    0x00068734   0x3ffc  display.o [1]
  .__LCDCONFIG_DATA    const    0x0006c730   0x3ffc  display.o [1]
                              - 0x0007072c  0x1072c

"P2", part 1 of 2:                             0x80
  .data                         0x1fff8410     0x80  <Block>
    .data-1                     0x1fff8410     0x7e  <Init block>
      .data            inited   0x1fff8410      0x4  motorPatch.o [1]
      .data            inited   0x1fff8414     0x70  physicalq.o [1]
      .data            inited   0x1fff8484      0x4  systick.o [1]
      .data            inited   0x1fff8488      0x2  ISR.o [1]
      .data            inited   0x1fff848a      0x2  Led.o [1]
      .data            inited   0x1fff848c      0x1  display.o [1]
      .data            inited   0x1fff848d      0x1  load_deal.o [1]
                              - 0x1fff8490     0x80

"P2", part 2 of 2:                           0x2068
  .bss                          0x1fff8490   0x2068  <Block>
    .bss               zero     0x1fff8490      0x4  BacklightControl.o [1]
    .bss               zero     0x1fff8494      0x4  BacklightControl.o [1]
    .bss               zero     0x1fff8498      0x4  BacklightControl.o [1]
    .bss               zero     0x1fff849c      0x4  BitMacros.o [1]
    .bss               zero     0x1fff84a0      0x4  BitMacros.o [1]
    .bss               zero     0x1fff84a4      0x4  BitMacros.o [1]
    .bss               zero     0x1fff84a8      0x4  BitMacros.o [1]
    .bss               zero     0x1fff84ac      0x4  BitMacros.o [1]
    .bss               zero     0x1fff84b0      0x4  BitMacros.o [1]
    .bss               zero     0x1fff84b4      0x4  BitMacros.o [1]
    .bss               zero     0x1fff84b8      0x4  BitMacros.o [1]
    .bss               zero     0x1fff84bc      0x4  BitMacros.o [1]
    .bss               zero     0x1fff84c0      0x4  BitMacros.o [1]
    .bss               zero     0x1fff84c4      0x4  BitMacros.o [1]
    .bss               zero     0x1fff84c8      0x4  BitMacros.o [1]
    .bss               zero     0x1fff84cc      0x8  BitMacros.o [1]
    .bss               zero     0x1fff84d4      0x4  BitMacros.o [1]
    .bss               zero     0x1fff84d8      0x8  BitMacros.o [1]
    .bss               zero     0x1fff84e0    0x140  CanMsgOut.o [1]
    .bss               zero     0x1fff8620     0x10  CanMsgOut.o [1]
    .bss               zero     0x1fff8630      0x4  CanMsgOut.o [1]
    .bss               zero     0x1fff8634     0x18  common.o [1]
    .bss               zero     0x1fff864c     0x18  common.o [1]
    .bss               zero     0x1fff8664     0xd4  configFile.o [1]
    .bss               zero     0x1fff8738     0x20  configFile.o [1]
    .bss               zero     0x1fff8758     0x18  configFile.o [1]
    .bss               zero     0x1fff8770      0x4  deepSleep.o [1]
    .bss               zero     0x1fff8774     0x14  display.o [1]
    .bss               zero     0x1fff8788    0x2d0  display.o [1]
    .bss               zero     0x1fff8a58      0x4  display.o [1]
    .bss               zero     0x1fff8a5c      0x4  display.o [1]
    .bss               zero     0x1fff8a60      0x8  display.o [1]
    .bss               zero     0x1fff8a68      0x8  display.o [1]
    .bss               zero     0x1fff8a70     0x10  display.o [1]
    .bss               zero     0x1fff8a80      0x4  display.o [1]
    .bss               zero     0x1fff8a84     0x14  display.o [1]
    .bss               zero     0x1fff8a98      0x4  display.o [1]
    .bss               zero     0x1fff8a9c      0x8  display.o [1]
    .bss               zero     0x1fff8aa4      0x4  EngineDiagnose_DM1.o [1]
    .bss               zero     0x1fff8aa8      0x4  EngineDiagnose_DM1.o [1]
    .bss               zero     0x1fff8aac      0x4  EngineDiagnose_DM1.o [1]
    .bss               zero     0x1fff8ab0      0x8  EngineDiagnose_DM1.o [1]
    .bss               zero     0x1fff8ab8      0x4  EngineDiagnose_DM1.o [1]
    .bss               zero     0x1fff8abc      0x4  EngineDiagnose_DM1.o [1]
    .bss               zero     0x1fff8ac0      0x4  EngineDiagnose_DM1.o [1]
    .bss               zero     0x1fff8ac4     0x50  EngineDiagnose_DM1.o [1]
    .bss               zero     0x1fff8b14     0x28  EngineDiagnose_DM1.o [1]
    .bss               zero     0x1fff8b3c     0x50  EngineDiagnose_DM1.o [1]
    .bss               zero     0x1fff8b8c     0x28  EngineDiagnose_DM1.o [1]
    .bss               zero     0x1fff8bb4     0x50  EngineDiagnose_DM1.o [1]
    .bss               zero     0x1fff8c04     0x28  EngineDiagnose_DM1.o [1]
    .bss               zero     0x1fff8c2c      0x8  infoManage.o [1]
    .bss               zero     0x1fff8c34      0x4  ISR.o [1]
    .bss               zero     0x1fff8c38      0x4  ISR.o [1]
    .bss               zero     0x1fff8c3c     0x10  ISR.o [1]
    .bss               zero     0x1fff8c4c      0x4  ISR.o [1]
    .bss               zero     0x1fff8c50     0x10  ISR.o [1]
    .bss               zero     0x1fff8c60     0x10  ISR.o [1]
    .bss               zero     0x1fff8c70      0x4  ISR.o [1]
    .bss               zero     0x1fff8c74      0x4  ISR.o [1]
    .bss               zero     0x1fff8c78      0x4  ISR.o [1]
    .bss               zero     0x1fff8c7c      0x4  ISR.o [1]
    .bss               zero     0x1fff8c80    0x6a4  J1939.o [1]
    .bss               zero     0x1fff9324     0xc8  J1939.o [1]
    .bss               zero     0x1fff93ec     0x10  J1939.o [1]
    .bss               zero     0x1fff93fc    0x464  J1939.o [1]
    .bss               zero     0x1fff9860     0x10  J1939.o [1]
    .bss               zero     0x1fff9870     0x14  KeyDeal.o [1]
    .bss               zero     0x1fff9884     0x34  KeyDeal.o [1]
    .bss               zero     0x1fff98b8      0x4  KeyDeal.o [1]
    .bss               zero     0x1fff98bc      0x4  KeyDeal.o [1]
    .bss               zero     0x1fff98c0      0x8  KeyDeal.o [1]
    .bss               zero     0x1fff98c8      0x8  KeyDeal.o [1]
    .bss               zero     0x1fff98d0     0x28  KeyDeal.o [1]
    .bss               zero     0x1fff98f8      0x4  KeyDeal.o [1]
    .bss               zero     0x1fff98fc      0x4  KeyDeal.o [1]
    .bss               zero     0x1fff9900      0x4  KeyDeal.o [1]
    .bss               zero     0x1fff9904      0x4  KeyDeal.o [1]
    .bss               zero     0x1fff9908      0x4  LcmDisp.o [1]
    .bss               zero     0x1fff990c      0x4  LcmDisp.o [1]
    .bss               zero     0x1fff9910      0xc  LcmDisp.o [1]
    .bss               zero     0x1fff991c      0xc  LcmDisp.o [1]
    .bss               zero     0x1fff9928      0x4  LcmDisp.o [1]
    .bss               zero     0x1fff992c      0x4  Led.o [1]
    .bss               zero     0x1fff9930      0x4  Led.o [1]
    .bss               zero     0x1fff9934     0x14  load_deal.o [1]
    .bss               zero     0x1fff9948     0x10  load_deal.o [1]
    .bss               zero     0x1fff9958     0x10  load_deal.o [1]
    .bss               zero     0x1fff9968     0x10  load_deal.o [1]
    .bss               zero     0x1fff9978     0x10  load_deal.o [1]
    .bss               zero     0x1fff9988     0x10  load_deal.o [1]
    .bss               zero     0x1fff9998      0x8  load_deal.o [1]
    .bss               zero     0x1fff99a0     0x14  load_deal.o [1]
    .bss               zero     0x1fff99b4     0x14  load_deal.o [1]
    .bss               zero     0x1fff99c8     0x14  load_deal.o [1]
    .bss               zero     0x1fff99dc      0x8  load_deal.o [1]
    .bss               zero     0x1fff99e4      0x8  load_deal.o [1]
    .bss               zero     0x1fff99ec      0xc  load_deal.o [1]
    .bss               zero     0x1fff99f8      0x8  load_deal.o [1]
    .bss               zero     0x1fff9a00      0x4  load_deal.o [1]
    .bss               zero     0x1fff9a04    0x280  LoadOutputCondition.o [1]
    .bss               zero     0x1fff9c84     0xa0  LoadOutputCondition.o [1]
    .bss               zero     0x1fff9d24      0x8  M41T00.o [1]
    .bss               zero     0x1fff9d2c      0xc  M41T00.o [1]
    .bss               zero     0x1fff9d38    0x120  message.o [1]
    .bss               zero     0x1fff9e58      0x8  message.o [1]
    .bss               zero     0x1fff9e60      0x8  message.o [1]
    .bss               zero     0x1fff9e68      0x8  message.o [1]
    .bss               zero     0x1fff9e70      0x8  message.o [1]
    .bss               zero     0x1fff9e78      0x8  message.o [1]
    .bss               zero     0x1fff9e80      0x8  message.o [1]
    .bss               zero     0x1fff9e88      0x8  message.o [1]
    .bss               zero     0x1fff9e90      0x4  message.o [1]
    .bss               zero     0x1fff9e94      0x4  message.o [1]
    .bss               zero     0x1fff9e98      0x4  motorPatch.o [1]
    .bss               zero     0x1fff9e9c      0x8  physicalq.o [1]
    .bss               zero     0x1fff9ea4    0x140  sensor.o [1]
    .bss               zero     0x1fff9fe4     0x14  sensor.o [1]
    .bss               zero     0x1fff9ff8    0x140  sensor.o [1]
    .bss               zero     0x1fffa138      0xc  sensor.o [1]
    .bss               zero     0x1fffa144      0xc  sensor.o [1]
    .bss               zero     0x1fffa150      0xc  sensor.o [1]
    .bss               zero     0x1fffa15c      0x4  sound.o [1]
    .bss               zero     0x1fffa160      0x4  sound.o [1]
    .bss               zero     0x1fffa164      0x4  sound.o [1]
    .bss               zero     0x1fffa168      0x4  sound.o [1]
    .bss               zero     0x1fffa16c      0x4  sound.o [1]
    .bss               zero     0x1fffa170      0x4  sound.o [1]
    .bss               zero     0x1fffa174      0x4  sound.o [1]
    .bss               zero     0x1fffa178     0x14  sound.o [1]
    .bss               zero     0x1fffa18c     0x14  sound.o [1]
    .bss               zero     0x1fffa1a0     0x14  sound.o [1]
    .bss               zero     0x1fffa1b4     0x14  sound.o [1]
    .bss               zero     0x1fffa1c8     0x14  sound.o [1]
    .bss               zero     0x1fffa1dc     0x14  sound.o [1]
    .bss               zero     0x1fffa1f0     0x14  sound.o [1]
    .bss               zero     0x1fffa204     0x14  sound.o [1]
    .bss               zero     0x1fffa218     0x14  sound.o [1]
    .bss               zero     0x1fffa22c     0x14  sound.o [1]
    .bss               zero     0x1fffa240     0x14  sound.o [1]
    .bss               zero     0x1fffa254     0x14  sound.o [1]
    .bss               zero     0x1fffa268      0x8  sound.o [1]
    .bss               zero     0x1fffa270      0x8  sound.o [1]
    .bss               zero     0x1fffa278      0x8  sound.o [1]
    .bss               zero     0x1fffa280     0x14  sound.o [1]
    .bss               zero     0x1fffa294     0x14  sound.o [1]
    .bss               zero     0x1fffa2a8      0xc  StepDeal.o [1]
    .bss               zero     0x1fffa2b4      0xc  StepDeal.o [1]
    .bss               zero     0x1fffa2c0      0xc  StepDeal.o [1]
    .bss               zero     0x1fffa2cc      0xc  StepDeal.o [1]
    .bss               zero     0x1fffa2d8     0x9c  StepDeal.o [1]
    .bss               zero     0x1fffa374      0x4  sysinit.o [1]
    .bss               zero     0x1fffa378      0x4  systick.o [1]
    .bss               zero     0x1fffa37c      0x4  systick.o [1]
    .bss               zero     0x1fffa380      0x4  TW_FontOsd.o [1]
    .bss               zero     0x1fffa384     0x48  TW_SpiOsd.o [1]
    .bss               zero     0x1fffa3cc     0xa0  TW_SpiOsd.o [1]
    .bss               zero     0x1fffa46c      0x4  WaitTimer.o [1]
    .bss               zero     0x1fffa470      0x2  display.o [1]
    .bss               zero     0x1fffa472      0x2  ISR.o [1]
    .bss               zero     0x1fffa474      0x2  ISR.o [1]
    .bss               zero     0x1fffa476      0x2  J1939.o [1]
    .bss               zero     0x1fffa478      0x2  KeyDeal.o [1]
    .bss               zero     0x1fffa47a      0x2  KeyDeal.o [1]
    .bss               zero     0x1fffa47c      0x2  LcmDisp.o [1]
    .bss               zero     0x1fffa47e      0x2  LcmDisp.o [1]
    .bss               zero     0x1fffa480      0x2  LcmDisp.o [1]
    .bss               zero     0x1fffa482      0x2  Led.o [1]
    .bss               zero     0x1fffa484      0x2  Led.o [1]
    .bss               zero     0x1fffa486      0x2  load_deal.o [1]
    .bss               zero     0x1fffa488      0x2  load_deal.o [1]
    .bss               zero     0x1fffa48a      0x2  message.o [1]
    .bss               zero     0x1fffa48c      0x2  message.o [1]
    .bss               zero     0x1fffa48e      0x2  message.o [1]
    .bss               zero     0x1fffa490      0x2  message.o [1]
    .bss               zero     0x1fffa492      0x2  message.o [1]
    .bss               zero     0x1fffa494      0x2  sensor.o [1]
    .bss               zero     0x1fffa496      0x2  sensor.o [1]
    .bss               zero     0x1fffa498      0x2  sound.o [1]
    .bss               zero     0x1fffa49a      0x2  StepDeal.o [1]
    .bss               zero     0x1fffa49c      0x2  TW_SpiOsd.o [1]
    .bss               zero     0x1fffa49e      0x1  CanMsgOut.o [1]
    .bss               zero     0x1fffa49f      0x1  display.o [1]
    .bss               zero     0x1fffa4a0      0x1  display.o [1]
    .bss               zero     0x1fffa4a1      0x1  display.o [1]
    .bss               zero     0x1fffa4a2      0x1  display.o [1]
    .bss               zero     0x1fffa4a3      0x1  display.o [1]
    .bss               zero     0x1fffa4a4      0x1  display.o [1]
    .bss               zero     0x1fffa4a5      0x1  display.o [1]
    .bss               zero     0x1fffa4a6      0x1  display.o [1]
    .bss               zero     0x1fffa4a7      0x1  display.o [1]
    .bss               zero     0x1fffa4a8      0x1  display.o [1]
    .bss               zero     0x1fffa4a9      0x1  EngineDiagnose_DM1.o [1]
    .bss               zero     0x1fffa4aa      0x1  EngineDiagnose_DM1.o [1]
    .bss               zero     0x1fffa4ab      0x1  EngineDiagnose_DM1.o [1]
    .bss               zero     0x1fffa4ac      0x1  ISR.o [1]
    .bss               zero     0x1fffa4ad      0x1  ISR.o [1]
    .bss               zero     0x1fffa4ae      0x1  ISR.o [1]
    .bss               zero     0x1fffa4af      0x1  ISR.o [1]
    .bss               zero     0x1fffa4b0      0x1  J1939.o [1]
    .bss               zero     0x1fffa4b1      0x1  J1939.o [1]
    .bss               zero     0x1fffa4b2      0x1  J1939.o [1]
    .bss               zero     0x1fffa4b3      0x1  J1939.o [1]
    .bss               zero     0x1fffa4b4      0x1  KeyDeal.o [1]
    .bss               zero     0x1fffa4b5      0x1  KeyDeal.o [1]
    .bss               zero     0x1fffa4b6      0x1  KeyDeal.o [1]
    .bss               zero     0x1fffa4b7      0x1  KeyDeal.o [1]
    .bss               zero     0x1fffa4b8      0x1  KeyDeal.o [1]
    .bss               zero     0x1fffa4b9      0x1  KeyDeal.o [1]
    .bss               zero     0x1fffa4ba      0x1  KeyDeal.o [1]
    .bss               zero     0x1fffa4bb      0x1  KeyDeal.o [1]
    .bss               zero     0x1fffa4bc      0x1  KeyDeal.o [1]
    .bss               zero     0x1fffa4bd      0x1  KeyDeal.o [1]
    .bss               zero     0x1fffa4be      0x1  KeyDeal.o [1]
    .bss               zero     0x1fffa4bf      0x1  KeyDeal.o [1]
    .bss               zero     0x1fffa4c0      0x1  LcmDisp.o [1]
    .bss               zero     0x1fffa4c1      0x1  LcmDisp.o [1]
    .bss               zero     0x1fffa4c2      0x1  Led.o [1]
    .bss               zero     0x1fffa4c3      0x1  Led.o [1]
    .bss               zero     0x1fffa4c4      0x1  load_deal.o [1]
    .bss               zero     0x1fffa4c5      0x1  load_deal.o [1]
    .bss               zero     0x1fffa4c6      0x1  load_deal.o [1]
    .bss               zero     0x1fffa4c7      0x1  load_deal.o [1]
    .bss               zero     0x1fffa4c8      0x1  load_deal.o [1]
    .bss               zero     0x1fffa4c9      0x1  load_deal.o [1]
    .bss               zero     0x1fffa4ca      0x1  load_deal.o [1]
    .bss               zero     0x1fffa4cb      0x1  load_deal.o [1]
    .bss               zero     0x1fffa4cc      0x1  load_deal.o [1]
    .bss               zero     0x1fffa4cd      0x1  M41T00.o [1]
    .bss               zero     0x1fffa4ce      0x1  main.o [1]
    .bss               zero     0x1fffa4cf      0x1  message.o [1]
    .bss               zero     0x1fffa4d0      0x1  message.o [1]
    .bss               zero     0x1fffa4d1      0x1  message.o [1]
    .bss               zero     0x1fffa4d2      0x1  message.o [1]
    .bss               zero     0x1fffa4d3      0x1  sensor.o [1]
    .bss               zero     0x1fffa4d4      0x1  sensor.o [1]
    .bss               zero     0x1fffa4d5      0x1  sound.o [1]
    .bss               zero     0x1fffa4d6      0x1  sound.o [1]
    .bss               zero     0x1fffa4d7      0x1  sound.o [1]
    .bss               zero     0x1fffa4d8      0x1  sound.o [1]
    .bss               zero     0x1fffa4d9      0x1  sound.o [1]
    .bss               zero     0x1fffa4da      0x1  sound.o [1]
    .bss               zero     0x1fffa4db      0x1  StepDeal.o [1]
    .bss               zero     0x1fffa4dc      0x1  StepDeal.o [1]
    .bss               zero     0x1fffa4dd      0x1  StepDeal.o [1]
    .bss               zero     0x1fffa4de      0x1  StepDeal.o [1]
    .bss               zero     0x1fffa4df      0x1  StepDeal.o [1]
    .bss               zero     0x1fffa4e0      0x1  StepDeal.o [1]
    .bss               zero     0x1fffa4e1      0x1  StepDeal.o [1]
    .bss               zero     0x1fffa4e2      0x1  StepDeal.o [1]
    .bss               zero     0x1fffa4e3      0x1  StepDeal.o [1]
    .bss               zero     0x1fffa4e4      0x1  StepDeal.o [1]
    .bss               zero     0x1fffa4e5      0x1  StepDeal.o [1]
    .bss               zero     0x1fffa4e6      0x1  TW_FontOsd.o [1]
    .bss               zero     0x1fffa4e7      0x1  TW_FontOsd.o [1]
    .bss               zero     0x1fffa4e8      0x1  TW_FontOsd.o [1]
    .bss               zero     0x1fffa4e9      0x1  TW_FontOsd.o [1]
    .bss               zero     0x1fffa4ea      0x1  TW_FontOsd.o [1]
    .bss               zero     0x1fffa4eb      0x1  TW_FontOsd.o [1]
    .bss               zero     0x1fffa4ec      0x1  TW_FontOsd.o [1]
    .bss               zero     0x1fffa4ed      0x1  TW_FontOsd.o [1]
    .bss               zero     0x1fffa4ee      0x1  TW_FontOsd.o [1]
    .bss               zero     0x1fffa4ef      0x1  TW_SpiOsd.o [1]
    .bss               zero     0x1fffa4f0      0x1  TW_SpiOsd.o [1]
    .bss               zero     0x1fffa4f1      0x1  TW_SpiOsd.o [1]
    .bss               zero     0x1fffa4f2      0x1  TW_SpiOsd.o [1]
    .bss               zero     0x1fffa4f3      0x1  TW_SpiOsd.o [1]
    .bss               zero     0x1fffa4f4      0x1  WaitTimer.o [1]
                              - 0x1fffa4f8   0x2068


*******************************************************************************
*** INIT TABLE
***

          Address     Size
          -------     ----
Zero (__iar_zero_init3)
    1 destination range, total size 0x2065:
          0x1fff8490  0x2065



*******************************************************************************
*** MODULE SUMMARY
***

    Module                 ro code  ro data  rw data
    ------                 -------  -------  -------
F:\配置软件相关\223项目\ZB223_0A_bg_20161121\ZB223_01\ZB223BYY0A\Obj: [1]
    BacklightControl.o          84                12
    BitMacros.o                                   68
    CanMsgOut.o              2 588       20      341
    DS1302.o                 2 424        8
    EngineDiagnose_DM1.o     3 996               395
    IS31FL3733_I2C.o         1 090
    ISR.o                    8 492        2       86
    J1939.o                  4 120       12    3 062
    KeyDeal.o                5 792       24      168
    KeyProcess.o               352
    LcmDisp.o                  984                44
    Led.o                    2 128       78       16
    LoadOutputCondition.o    5 124               800
    M41T00.o                   248                21
    StepDeal.o               3 304       24      217
    TW_FontOsd.o             3 984      580       13
    TW_SpiOsd.o              5 066       28      239
    WaitTimer.o                 60                 5
    ap_S32K1xx_FTM.o         2 652
    ap_S32K1xx_FlexCAN.o     1 496
    ap_S32K1xx_adc.o           310
    ap_S32K1xx_lptmr.o         144
    ap_lpit.o                  220
    arm_cm4.o                  272      124
    common.o                 3 280       16       48
    configFile.o                     41 952      268
    crt0.o                      60
    deepSleep.o                 40                 4
    display.o               35 210   67 925      829
    infoManage.o                                   8
    io.o                        20
    load_deal.o             14 016       13      222
    main.o                     520                 1
    message.o                5 064       12      366
    motorPatch.o                48        4        8
    physicalq.o              1 100      156      120
    printf.o                 1 232
    sensor.o                 2 156               702
    sound.o                  3 264               340
    start.o                     16
    startup.o                  156
    sysinit.o                1 984                 4
    systick.o                  176        4       12
    uart.o                      12
    vectors.o                    2    1 040
    wdog.o                      28
    xgate.o                    984       48
    ------------------------------------------------
    Total:                 124 298  112 070    8 419

command line: [2]
    ------------------------------------------------
    Total:

dl7M_tln.a: [3]
    abs.o                        8
    exit.o                       4
    low_level_init.o             4
    ------------------------------------------------
    Total:                      16

m7M_tls.a: [4]
    fpinit_M.o                  34
    ------------------------------------------------
    Total:                      34

rt7M_tl.a: [5]
    ABImemcpy_unaligned.o      118
    cexit.o                     10
    cmain.o                     26
    cstartup_M.o                12
    data_init.o                 40
    strlen.o                    54
    zero_init3.o                64
    ------------------------------------------------
    Total:                     324

shb_l.a: [6]
    exit.o                      20
    ------------------------------------------------
    Total:                      20

    Gaps                        14        2
    Linker created                       18
----------------------------------------------------
    Grand Total:           124 706  112 090    8 419


*******************************************************************************
*** ENTRY LIST
***

Entry                      Address    Size  Type      Object
-----                      -------    ----  ----      ------
.bss$$Base              0x1fff8490           --   Gb  - Linker created -
.bss$$Limit             0x1fffa4f8           --   Gb  - Linker created -
.data$$Base             0x1fff8410           --   Gb  - Linker created -
.data$$Limit            0x1fff8490           --   Gb  - Linker created -
.data_init$$Base        0x00027a1c           --   Gb  - Linker created -
.data_init$$Limit       0x00027a9c           --   Gb  - Linker created -
.iar.init_table$$Base   0x00027be4           --   Gb  - Linker created -
.iar.init_table$$Limit  0x00027bf4           --   Gb  - Linker created -
?main                   0x00027c11          Code  Gb  cmain.o [5]
AD_Trans                0x0001cc25    0x92  Code  Gb  ap_S32K1xx_adc.o [1]
AdcResultChangetoRealy  0x00024527    0x82  Code  Gb  KeyDeal.o [1]
AdcValue                0x1fff9884    0x34  Data  Gb  KeyDeal.o [1]
AdcValueChangeToSwitchState
                        0x0002463d   0x414  Code  Gb  KeyDeal.o [1]
AdcValueExtract         0x00025265   0x13e  Code  Gb  KeyDeal.o [1]
AllLogicOutPut          0x1fff99b4    0x14  Data  Gb  load_deal.o [1]
BackDriveLoadsSound     0x1fffa160     0x4  Data  Gb  sound.o [1]
BackDriverDiagnose      0x1fff9958    0x10  Data  Gb  load_deal.o [1]
BackDriverStatus        0x00016d41   0x64e  Code  Gb  load_deal.o [1]
BackLightCmd            0x00011e85    0x2c  Code  Gb  TW_FontOsd.o [1]
BatteryDataIndex        0x1fffa4d3     0x1  Data  Gb  sensor.o [1]
BatteryDataRoundBuf     0x1fffa138     0xc  Data  Gb  sensor.o [1]
BoardTemperatureAdValue
                        0x1fffa4b4     0x1  Data  Gb  KeyDeal.o [1]
BrightnessCmd           0x0001201f    0x6c  Code  Gb  TW_FontOsd.o [1]
Bts724St                0x1fff99e4     0x8  Data  Gb  load_deal.o [1]
Bubble_Sort             0x00018d8f    0x4a  Code  Gb  StepDeal.o [1]
BuzzerOut               0x00021315    0xe8  Code  Gb  sound.o [1]
CAN0_send               0x0001ac7d    0x14  Code  Gb  J1939.o [1]
CAN0rxd_int             0x00021e2d  0x1620  Code  Gb  ISR.o [1]
CANClearFlag            0x000204fd    0x24  Code  Gb  ap_S32K1xx_FlexCAN.o [1]
CANEnableRXBuff         0x00020485    0x3e  Code  Gb  ap_S32K1xx_FlexCAN.o [1]
CANOutAssemblyData      0x00026137   0x136  Code  Gb  CanMsgOut.o [1]
CANRecData              0x00020661    0xd8  Code  Gb  ap_S32K1xx_FlexCAN.o [1]
CANSendData             0x00020521   0x140  Code  Gb  ap_S32K1xx_FlexCAN.o [1]
CanInputData            0x1fff8630     0x4  Data  Gb  CanMsgOut.o [1]
CanLoseDataCnt          0x1fff84cc     0x8  Data  Gb  BitMacros.o [1]
CanLoseDataFlag         0x1fff84c8     0x4  Data  Gb  BitMacros.o [1]
CanLoseErrorFlag        0x1fff84c4     0x4  Data  Gb  BitMacros.o [1]
CanMsgOutInit           0x00025fc9   0x16e  Code  Gb  CanMsgOut.o [1]
CanSendDeal             0x0001de03    0x44  Code  Gb  message.o [1]
CapturePwm0             0x1fff8c50    0x10  Data  Gb  ISR.o [1]
CapturePwm1             0x1fff8c60    0x10  Data  Gb  ISR.o [1]
CaptureSpeed            0x000234c5    0x2c  Code  Gb  ISR.o [1]
CaptureTimeIsr          0x00023451    0x6e  Code  Gb  ISR.o [1]
CarEngSpeedFromDashboard
                        0x1fffa47e     0x2  Data  Gb  LcmDisp.o [1]
CarMaintain             0x00013537    0xb8  Code  Gb  common.o [1]
CarSpeedFromDashboard   0x1fffa480     0x2  Data  Gb  LcmDisp.o [1]
CheckVoltageCnt         0x1fff98f8     0x4  Data  Gb  KeyDeal.o [1]
CheckVoltageValue       0x1fff98bc     0x4  Data  Gb  KeyDeal.o [1]
ClearVersion            0x000199d1    0x26  Code  Gb  physicalq.o [1]
Clear_External_WatchDog
                        0x00012869    0x90  Code  Gb  TW_FontOsd.o [1]
ClrSleepCnt             0x1fffa4d0     0x1  Data  Gb  message.o [1]
CodeRelocate$$Base      0x00000000           --   Gb  - Linker created -
CodeRelocate$$Limit     0x00000000           --   Gb  - Linker created -
CodeRelocateRam$$Base   0x00000000           --   Gb  - Linker created -
ComGear1Warn            0x1fffa1a0    0x14  Data  Gb  sound.o [1]
ComGear2Warn            0x1fffa1dc    0x14  Data  Gb  sound.o [1]
ComGear3Warn            0x1fffa218    0x14  Data  Gb  sound.o [1]
ComGear4Warn            0x1fffa254    0x14  Data  Gb  sound.o [1]
ComModuleErrorFlagWarn  0x1fffa4d7     0x1  Data  Gb  sound.o [1]
ComSensorFaultSound     0x1fffa278     0x8  Data  Gb  sound.o [1]
CompareData             0x00019abd    0x30  Code  Gb  physicalq.o [1]
ContrastCmd             0x00011fb7    0x68  Code  Gb  TW_FontOsd.o [1]
CopyData                0x0001de71    0x1c  Code  Gb  message.o [1]
CopyDataSound           0x00020fd7    0x1c  Code  Gb  sound.o [1]
CosTbl                  0x00027c84    0x18  Data  Gb  xgate.o [1]
CountDistanceSave       0x1fff9928     0x4  Data  Gb  LcmDisp.o [1]
CountHundredKilometerFuelConsume
                        0x0001e583   0x11e  Code  Gb  LcmDisp.o [1]
CycleCaptureNumTemp     0x1fffa4c0     0x1  Data  Gb  LcmDisp.o [1]
DCDC_On                 0x00013d87    0x78  Code  Gb  TW_SpiOsd.o [1]
DCDC_StartUP            0x00013e71    0x4e  Code  Gb  TW_SpiOsd.o [1]
DMAMODE_RW_FIX_REG      0x1fffa4e6     0x1  Data  Gb  TW_FontOsd.o [1]
DMAMODE_RW_INC_REG      0x1fffa4e7     0x1  Data  Gb  TW_FontOsd.o [1]
DMAMODE_R_XDATA         0x1fffa4e8     0x1  Data  Gb  TW_FontOsd.o [1]
DMAMODE_W_XDATA         0x1fffa4e9     0x1  Data  Gb  TW_FontOsd.o [1]
DS1302BurstRead         0x0001eff5    0xdc  Code  Gb  DS1302.o [1]
DS1302BurstWrite        0x0001ef19    0xdc  Code  Gb  DS1302.o [1]
DS1302ByteRead          0x0001ea65   0x256  Code  Gb  DS1302.o [1]
DS1302ByteWrite         0x0001e8cd   0x198  Code  Gb  DS1302.o [1]
DS1302SingleRead        0x0001ed99   0x180  Code  Gb  DS1302.o [1]
DS1302SingleWrite       0x0001ecbd    0xda  Code  Gb  DS1302.o [1]
DashBoardTempIndex      0x1fffa4d4     0x1  Data  Gb  sensor.o [1]
DashBoardTempRoundBuf   0x1fffa150     0xc  Data  Gb  sensor.o [1]
DashboardDiagnose       0x1fff9934    0x14  Data  Gb  load_deal.o [1]
DashboardLoadsSound     0x1fffa498     0x2  Data  Gb  sound.o [1]
DashboardLoadsStatus    0x1fffa4c9     0x1  Data  Gb  load_deal.o [1]
DataWithoutMaxAndMin    0x00018d35    0x5a  Code  Gb  StepDeal.o [1]
DelAsciiInvalidZero     0x00012d5b    0x3e  Code  Gb  common.o [1]
DelAsciiInvalidZeroEx   0x00012d99    0xb0  Code  Gb  common.o [1]
DelayMs                 0x00012959    0x1c  Code  Gb  common.o [1]
DiagnosePicIndx         0x1fff8b14    0x28  Data  Gb  EngineDiagnose_DM1.o [1]
DiagnosePicIndx1        0x1fff8b8c    0x28  Data  Gb  EngineDiagnose_DM1.o [1]
DiagnosePicIndx2        0x1fff8c04    0x28  Data  Gb  EngineDiagnose_DM1.o [1]
Diagnose_State          0x0000c181   0x5a4  Code  Gb  display.o [1]
DisColumnWarn           0x000092f3   0x10c  Code  Gb  display.o [1]
DisLoadWarnShow         0x0001df2d   0x1d4  Code  Gb  message.o [1]
DisTimeFlag             0x1fff8c34     0x4  Data  Gb  ISR.o [1]
Disp2ToAscii            0x00012b87    0x30  Code  Gb  common.o [1]
DispHexToAscii          0x00012b33    0x54  Code  Gb  common.o [1]
DisplaySystemTimeSet    0x0000d78f   0x1c6  Code  Gb  display.o [1]
DownloadFontByDMA       0x0001265d   0x188  Code  Gb  TW_FontOsd.o [1]
Eeprom_IICreceivebyte   0x00013461    0x64  Code  Gb  common.o [1]
Eeprom_IICsendack       0x000134c5    0x24  Code  Gb  common.o [1]
Eeprom_IICsendbyte      0x00013387    0x4a  Code  Gb  common.o [1]
Eeprom_IICsendnotack    0x000134e9    0x24  Code  Gb  common.o [1]
Eeprom_IICstart         0x00013349    0x3e  Code  Gb  common.o [1]
Eeprom_IICstop          0x0001342f    0x30  Code  Gb  common.o [1]
Eeprom_IICwaitack       0x000133d1    0x5e  Code  Gb  common.o [1]
Eeprom_IO_MACROS        0x00012ea5    0x48  Code  Gb  common.o [1]
Eeprom_Page_Write       0x00012fcd    0xac  Code  Gb  common.o [1]
Eeprom_Read_Fact_Ex     0x00012e7b    0x2a  Code  Gb  common.o [1]
Eeprom_SCL_delay        0x00013511    0x12  Code  Gb  common.o [1]
Eeprom_Write_Fact_Ex    0x00013079    0x2a  Code  Gb  common.o [1]
Eeprom_register_read    0x00012eed    0x7a  Code  Gb  common.o [1]
Eeprom_register_write   0x00012f67    0x66  Code  Gb  common.o [1]
EnableCANInterrupt      0x000204c3    0x3a  Code  Gb  ap_S32K1xx_FlexCAN.o [1]
EngSpeedBuf             0x1fff991c     0xc  Data  Gb  LcmDisp.o [1]
EngineDiagnoseCfg       0x00058c54   0x650  Data  Gb  configFile.o [1]
EngineDiagnoseCfg1      0x000592a4   0x650  Data  Gb  configFile.o [1]
EngineDiagnoseCfg2      0x000598f4   0x650  Data  Gb  configFile.o [1]
EngineDiagnoseCnt       0x1fff8ac0     0x4  Data  Gb  EngineDiagnose_DM1.o [1]
EngineDiagnoseLost      0x0001f245    0xc2  Code  Gb  EngineDiagnose_DM1.o [1]
EngineDiagnosePackageCount
                        0x1fff8ab8     0x4  Data  Gb  EngineDiagnose_DM1.o [1]
EngineDiagnosePackageData
                        0x1fff8ac4    0x50  Data  Gb  EngineDiagnose_DM1.o [1]
EngineDiagnosePackageData1
                        0x1fff8b3c    0x50  Data  Gb  EngineDiagnose_DM1.o [1]
EngineDiagnosePackageData2
                        0x1fff8bb4    0x50  Data  Gb  EngineDiagnose_DM1.o [1]
EngineStatus            0x1fff8aa4     0x4  Data  Gb  EngineDiagnose_DM1.o [1]
EvenKey                 0x1fffa4b8     0x1  Data  Gb  KeyDeal.o [1]
EvenKeyValue            0x1fffa4ba     0x1  Data  Gb  KeyDeal.o [1]
ExLoadStatusWarnToStack
                        0x0001d811   0x26c  Code  Gb  message.o [1]
ExSensorFault           0x0001da7d    0xbe  Code  Gb  message.o [1]
ExitMenuNum             0x1fffa4a3     0x1  Data  Gb  display.o [1]
FPBiasOnOff             0x00013dff    0x72  Code  Gb  TW_SpiOsd.o [1]
FPPWC_OnOff             0x00013cd9    0x6c  Code  Gb  TW_SpiOsd.o [1]
FP_GpioDefault          0x00013cad    0x2c  Code  Gb  TW_SpiOsd.o [1]
FTM3_IRQHandler         0x000234f9    0x70  Code  Gb  ISR.o [1]
FTM_PWM_Duty            0x000151a5    0x5a  Code  Gb  ap_S32K1xx_FTM.o [1]
FTM_PWM_init            0x000149f5   0x7b0  Code  Gb  ap_S32K1xx_FTM.o [1]
FindEngineDiagnose      0x0001ffb9   0x1ea  Code  Gb  EngineDiagnose_DM1.o [1]
FirstTotalFuelConsume   0x1fff9908     0x4  Data  Gb  LcmDisp.o [1]
FontOsdAplha            0x000125db    0x34  Code  Gb  TW_FontOsd.o [1]
FontOsdSetOsdRamAddrAttr
                        0x00012373    0x46  Code  Gb  TW_FontOsd.o [1]
FontOsdWinBase          0x00027ddc     0x4  Data  Gb  TW_FontOsd.o [1]
FontOsdWinDisplay       0x000122f7    0x7c  Code  Gb  TW_FontOsd.o [1]
FontOsdWinEnable        0x000122af    0x48  Code  Gb  TW_FontOsd.o [1]
FontOsdWinScreen        0x0001256b    0x70  Code  Gb  TW_FontOsd.o [1]
FontOsdWinZoom          0x0001260f    0x3e  Code  Gb  TW_FontOsd.o [1]
FontOsd_Interface_CharacterHeight_Pixels
                        0x00012541    0x2a  Code  Gb  TW_FontOsd.o [1]
FrontDriveLoadsSound    0x1fffa15c     0x4  Data  Gb  sound.o [1]
FrontDriverDiagnose     0x1fff9948    0x10  Data  Gb  load_deal.o [1]
FrontDriverStatus       0x000166bd   0x670  Code  Gb  load_deal.o [1]
Fual_Require_Time       0x1fffa4b2     0x1  Data  Gb  J1939.o [1]
Gas_Fired_Req           0x0001ae09    0x44  Code  Gb  J1939.o [1]
Gear1Warn               0x1fffa178    0x14  Data  Gb  sound.o [1]
Gear2SondCnt            0x1fffa4d8     0x1  Data  Gb  sound.o [1]
Gear2Warn               0x1fffa1b4    0x14  Data  Gb  sound.o [1]
Gear3SondCnt            0x1fffa4d9     0x1  Data  Gb  sound.o [1]
Gear3Warn               0x1fffa1f0    0x14  Data  Gb  sound.o [1]
Gear4SondCnt            0x1fffa4da     0x1  Data  Gb  sound.o [1]
Gear4Warn               0x1fffa22c    0x14  Data  Gb  sound.o [1]
GetBufferMedianVal      0x00018dd9    0x10  Code  Gb  StepDeal.o [1]
GetIsProcess            0x000158ef    0x8c  Code  Gb  load_deal.o [1]
GetLoadMaskStatus       0x00015af5    0xce  Code  Gb  load_deal.o [1]
Hc4051_ChannelSelect    0x00025431   0x1cc  Code  Gb  KeyDeal.o [1]
HexToAscii              0x00027cd4    0x10  Data  Gb  common.o [1]
HueCmd                  0x0001208b    0x68  Code  Gb  TW_FontOsd.o [1]
HundredKilometerDistanceNumber
                        0x1fff990c     0x4  Data  Gb  LcmDisp.o [1]
I2CReadData             0x00011d19    0xb2  Code  Gb  TW_FontOsd.o [1]
I2CStart                0x000119db    0x5c  Code  Gb  TW_FontOsd.o [1]
I2CStop                 0x00011a37    0x64  Code  Gb  TW_FontOsd.o [1]
I2CWriteData            0x00011a9b   0x27e  Code  Gb  TW_FontOsd.o [1]
I2Cdelay                0x000119c9     0x4  Code  Gb  TW_FontOsd.o [1]
I2Cdelay2               0x000119cd     0xe  Code  Gb  TW_FontOsd.o [1]
IDNum                   0x1fffa49e     0x1  Data  Gb  CanMsgOut.o [1]
IS31FL3738_SetLedPWM    0x0001cfa9    0x5a  Code  Gb  IS31FL3733_I2C.o [1]
IS31FL_IICsendbyte      0x0001ce01    0x4a  Code  Gb  IS31FL3733_I2C.o [1]
IS31FL_IICstart         0x0001cd31    0x3e  Code  Gb  IS31FL3733_I2C.o [1]
IS31FL_IICstop          0x0001cd6f    0x30  Code  Gb  IS31FL3733_I2C.o [1]
IS31FL_IICwaitack       0x0001cda1    0x60  Code  Gb  IS31FL3733_I2C.o [1]
IS31FL_IO_MACROS        0x0001ccb9    0x68  Code  Gb  IS31FL3733_I2C.o [1]
IS31FL_SCL_delay        0x0001cd21    0x10  Code  Gb  IS31FL3733_I2C.o [1]
IS31fL_SetLeftLeds      0x0001d003    0x7e  Code  Gb  IS31FL3733_I2C.o [1]
IS31fL_SetRightLeds     0x0001d081    0x7a  Code  Gb  IS31FL3733_I2C.o [1]
IS_IIC_WriteByte        0x0001ce79    0x50  Code  Gb  IS31FL3733_I2C.o [1]
IcoWarnConfig           0x00055418   0x1f0  Data  Gb  configFile.o [1]
IndicatorLed            0x1fffa280    0x14  Data  Gb  sound.o [1]
IndicatorOldLed         0x1fffa294    0x14  Data  Gb  sound.o [1]
InformationCONST        0x00059f6c   0x12c  Data  Gb  configFile.o [1]
InitCPU                 0x0001376d    0x74  Code  Gb  TW_SpiOsd.o [1]
InitCore                0x00013c81    0x2c  Code  Gb  TW_SpiOsd.o [1]
InitDS1302              0x0001f13d    0xda  Code  Gb  DS1302.o [1]
InitFontRam             0x000127e5    0x82  Code  Gb  TW_FontOsd.o [1]
InitSystem              0x00013f13    0x26  Code  Gb  TW_SpiOsd.o [1]
Init_3738               0x0001cec9    0xe0  Code  Gb  IS31FL3733_I2C.o [1]
Inside16BitAttrConfig   0x000500c4    0x94  Data  Gb  configFile.o [1]
InsideAscii             0x1fff8414    0x70  Data  Gb  physicalq.o [1]
InsideData              0x1fff9ea4   0x140  Data  Gb  sensor.o [1]
InsidePhysStatus        0x1fff9e9c     0x8  Data  Gb  physicalq.o [1]
Interface               0x000277a0   0x1e0  Data  Gb  display.o [1]
InterfaceInfo           0x00063ee4  0x198c  Data  Gb  display.o [1]
InterfaceSwitchKey      0x000251f5    0x68  Code  Gb  KeyDeal.o [1]
IsConditionTrue         0x0001b25f    0xe4  Code  Gb  LoadOutputCondition.o [1]
J1939CompareData        0x00019fc9    0xda  Code  Gb  J1939.o [1]
J1939DetectCnt          0x1fff9324    0xc8  Data  Gb  J1939.o [1]
J1939EngSpeedIndex      0x1fffa476     0x2  Data  Gb  J1939.o [1]
J1939FindIndexConfig    0x0005063c   0x578  Data  Gb  configFile.o [1]
J1939ID_OverTime        0x0001ac91    0xaa  Code  Gb  J1939.o [1]
J1939IdNum              0x1fffa4b1     0x1  Data  Gb  J1939.o [1]
J1939IdStartRx          0x0001a389    0x24  Code  Gb  J1939.o [1]
J1939IndexConfig        0x00050bb4   0x548  Data  Gb  configFile.o [1]
J1939Msg                0x1fff93fc   0x464  Data  Gb  J1939.o [1]
J1939RequestIndex       0x1fffa4b0     0x1  Data  Gb  J1939.o [1]
J1939SendFrame          0x1fff8620    0x10  Data  Gb  CanMsgOut.o [1]
J1939WordDataConfig     0x000510fc  0x3f48  Data  Gb  configFile.o [1]
J1939ZFDataConfig       0x000556e4  0x14f0  Data  Gb  configFile.o [1]
J1939ZFFindIndexConfig  0x00055608    0xdc  Data  Gb  configFile.o [1]
J1939_CanMsgOut2_Send   0x0001ad69    0x20  Code  Gb  J1939.o [1]
J1939_CanMsgOut_Send    0x0001ad3b    0x20  Code  Gb  J1939.o [1]
J1939_Number_Config     0x00050630     0xc  Data  Gb  configFile.o [1]
J1939_Speed_Send        0x0001adbd    0x46  Code  Gb  J1939.o [1]
KeyADValueTemp          0x1fff98d0    0x28  Data  Gb  KeyDeal.o [1]
KeyDeal                 0x000244c7    0x60  Code  Gb  KeyDeal.o [1]
KeyFlag2                0x1fff98b8     0x4  Data  Gb  KeyDeal.o [1]
Key_IndexToValue        0x00019871   0x160  Code  Gb  KeyProcess.o [1]
LPLD_FTM_IC_Enable      0x000153d9    0x78  Code  Gb  ap_S32K1xx_FTM.o [1]
LPLD_FTM_IC_Init        0x000151ff    0x86  Code  Gb  ap_S32K1xx_FTM.o [1]
LPLD_SYSTICK_Init       0x00027281    0x64  Code  Gb  systick.o [1]
LPTMR_Isr               0x00023569    0x22  Code  Gb  ISR.o [1]
LcdMsg                  0x1fff9870    0x14  Data  Gb  KeyDeal.o [1]
LedDutyCONST            0x00027dd8     0x4  Data  Gb  load_deal.o [1]
LeftRightLoadLogic      0x1fffa488     0x2  Data  Gb  load_deal.o [1]
LeftTurnSignalWarn      0x1fffa4c2     0x1  Data  Gb  Led.o [1]
LoadDealInfo            0x1fff99ec     0xc  Data  Gb  load_deal.o [1]
LoadLogicResult         0x1fff99c8    0x14  Data  Gb  load_deal.o [1]
LoadOutputConditions    0x00056bd4  0x2080  Data  Gb  configFile.o [1]
LoadSleepCnt            0x1fffa4c5     0x1  Data  Gb  load_deal.o [1]
LoadStatusCheck         0x0001597b   0x17a  Code  Gb  load_deal.o [1]
LoadStatusCopy          0x0001de8d    0x4c  Code  Gb  message.o [1]
LoadWarnCnt             0x1fffa492     0x2  Data  Gb  message.o [1]
LoadsAbnormal           0x1fffa4c6     0x1  Data  Gb  load_deal.o [1]
LoadsCnt                0x1fff99f8     0x8  Data  Gb  load_deal.o [1]
LoadsInput              0x1fffa4cb     0x1  Data  Gb  load_deal.o [1]
LoadsLedPost            0x00015c33    0x8c  Code  Gb  load_deal.o [1]
LoadsSt                 0x1fffa4ca     0x1  Data  Gb  load_deal.o [1]
LogicOutPut             0x1fff99a0    0x14  Data  Gb  load_deal.o [1]
MSCAN1Rec               0x0001ab99    0xd6  Code  Gb  J1939.o [1]
McuSpiClkRestore        0x00013677    0x34  Code  Gb  TW_SpiOsd.o [1]
McuSpiClkSet            0x00013ebf    0x54  Code  Gb  TW_SpiOsd.o [1]
McuSpiClkToPclk         0x00013629    0x4e  Code  Gb  TW_SpiOsd.o [1]
MenuConfig              0x1fff8a70    0x10  Data  Gb  display.o [1]
MesseageDeal            0x0001dc39    0x24  Code  Gb  message.o [1]
MeterKeyNew             0x1fff98c0     0x8  Data  Gb  KeyDeal.o [1]
MeterKeyOld             0x1fff98c8     0x8  Data  Gb  KeyDeal.o [1]
MiddleDriveLoadsSound   0x1fffa164     0x4  Data  Gb  sound.o [1]
MiddleDriverDiagnose    0x1fff9968    0x10  Data  Gb  load_deal.o [1]
MiddleDriverStatus      0x0001739d   0x67e  Code  Gb  load_deal.o [1]
ModeChange              0x0002626d    0xac  Code  Gb  CanMsgOut.o [1]
ModuleConfigTemp        0x1fffa48c     0x2  Data  Gb  message.o [1]
ModuleDetect            0x0001db4d    0xec  Code  Gb  message.o [1]
ModuleDetectCnt         0x1fff84d8     0x8  Data  Gb  BitMacros.o [1]
ModuleDetectFlag        0x1fff84d4     0x4  Data  Gb  BitMacros.o [1]
ModuleDiagnose          0x00055308   0x110  Data  Gb  configFile.o [1]
ModuleErrorFlag         0x1fff84bc     0x4  Data  Gb  BitMacros.o [1]
ModuleErrorFlagWarn     0x1fffa4d5     0x1  Data  Gb  sound.o [1]
ModuleErrorOldFlag      0x1fff84c0     0x4  Data  Gb  BitMacros.o [1]
ModuleFault             0x0001d6d9   0x138  Code  Gb  message.o [1]
MotorCurStep            0x1fffa2b4     0xc  Data  Gb  StepDeal.o [1]
MotorFinalStep          0x1fffa2a8     0xc  Data  Gb  StepDeal.o [1]
MotorMaxStep            0x1fffa2c0     0xc  Data  Gb  StepDeal.o [1]
MotorMinStep            0x1fffa2cc     0xc  Data  Gb  StepDeal.o [1]
MotorStepPrm            0x000552c4    0x44  Data  Gb  configFile.o [1]
MultiPgckageErrorStatus
                        0x1fff8aa8     0x4  Data  Gb  EngineDiagnose_DM1.o [1]
MultiPgckage_AvailableByte_Num
                        0x1fff8ab0     0x8  Data  Gb  EngineDiagnose_DM1.o [1]
MultiPgckage_TotalPackage_Num
                        0x1fff8aac     0x4  Data  Gb  EngineDiagnose_DM1.o [1]
NewDisplayStatus        0x1fffa49f     0x1  Data  Gb  display.o [1]
NewLoadsStatus          0x1fffa4c7     0x1  Data  Gb  load_deal.o [1]
OddKey                  0x1fffa4b5     0x1  Data  Gb  KeyDeal.o [1]
OddKeyValue             0x1fffa4b7     0x1  Data  Gb  KeyDeal.o [1]
OldBackLoadStatusData   0x1fff9e60     0x8  Data  Gb  message.o [1]
OldDashboardLoadStatusData
                        0x1fffa48e     0x2  Data  Gb  message.o [1]
OldDisplayStatus        0x1fffa4a0     0x1  Data  Gb  display.o [1]
OldEvenKey              0x1fffa4b9     0x1  Data  Gb  KeyDeal.o [1]
OldFrontLoadStatusData  0x1fff9e58     0x8  Data  Gb  message.o [1]
OldGear1Warn            0x1fffa18c    0x14  Data  Gb  sound.o [1]
OldGear2Warn            0x1fffa1c8    0x14  Data  Gb  sound.o [1]
OldGear3Warn            0x1fffa204    0x14  Data  Gb  sound.o [1]
OldGear4Warn            0x1fffa240    0x14  Data  Gb  sound.o [1]
OldInsideData           0x1fff9fe4    0x14  Data  Gb  sensor.o [1]
OldLoadsStatus          0x1fffa4c8     0x1  Data  Gb  load_deal.o [1]
OldMiddleLoadStatusData
                        0x1fff9e68     0x8  Data  Gb  message.o [1]
OldModuleErrorFlagWarn  0x1fffa4d6     0x1  Data  Gb  sound.o [1]
OldOddKey               0x1fffa4b6     0x1  Data  Gb  KeyDeal.o [1]
OldPictureConfig        0x1fff8a98     0x4  Data  Gb  display.o [1]
OldPowerContorolLoadState
                        0x1fff9e88     0x8  Data  Gb  message.o [1]
OldPowerFuseStatusData  0x1fff9e80     0x8  Data  Gb  message.o [1]
OldPowerStatusData      0x1fff9e78     0x8  Data  Gb  message.o [1]
OldSecond               0x1fffa4cd     0x1  Data  Gb  M41T00.o [1]
OldSensorData           0x1fff9ff8   0x140  Data  Gb  sensor.o [1]
OldSensorFaultSound     0x1fffa270     0x8  Data  Gb  sound.o [1]
OldTopLoadStatusData    0x1fff9e70     0x8  Data  Gb  message.o [1]
OldledShow              0x1fff9930     0x4  Data  Gb  Led.o [1]
OpenShortMask           0x000500c0     0x4  Data  Gb  configFile.o [1]
OsdCmd                  0x00011ee3    0x78  Code  Gb  TW_FontOsd.o [1]
OsdDataTemp             0x1fff8788   0x2d0  Data  Lc  display.o [1]
OsdLedStatus            0x1fff8a5c     0x4  Data  Lc  display.o [1]
OsdLeddisBuf            0x1fff8a58     0x4  Data  Lc  display.o [1]
OsdLoicgInfo            0x00068734  0x3ffc  Data  Gb  display.o [1]
OsdLoicgInfo1           0x0006c730  0x3ffc  Data  Gb  display.o [1]
Osd_Video_Change        0x00011eb1    0x32  Code  Gb  TW_FontOsd.o [1]
Out595                  0x0001c3d1   0x102  Code  Gb  Led.o [1]
OutPutState             0x1fff9c84    0xa0  Data  Gb  LoadOutputCondition.o [1]
OutPutTimer             0x1fff9a04   0x280  Data  Gb  LoadOutputCondition.o [1]
PWM_Gama16              0x00027adc    0x40  Data  Gb  Led.o [1]
PWM_OUT_frq             0x1fff9e94     0x4  Data  Gb  message.o [1]
PackageIndex            0x1fff8abc     0x4  Data  Gb  EngineDiagnose_DM1.o [1]
PcConfigAddress         0x0004f000   0x348  Data  Gb  configFile.o [1]
PcFromMileage           0x1fff8c4c     0x4  Data  Gb  ISR.o [1]
PicAddrBuffer           0x1fff8774    0x14  Data  Lc  display.o [1]
PicInfo                 0x00060000  0x3ee4  Data  Gb  display.o [1]
PicLogicInfo            0x00065870  0x2ec4  Data  Gb  display.o [1]
Power205Status          0x00018069   0x2c2  Code  Gb  load_deal.o [1]
PowerContorolDiagnose   0x1fff9998     0x8  Data  Gb  load_deal.o [1]
PowerContorolLoadSound  0x1fffa174     0x4  Data  Gb  sound.o [1]
PowerContorolStatus     0x00015cbf   0x2c8  Code  Gb  load_deal.o [1]
PowerDeal               0x0001dc81   0x13c  Code  Gb  message.o [1]
PowerDiagnose           0x1fff9988    0x10  Data  Gb  load_deal.o [1]
PowerLoadsFuse          0x1fffa170     0x4  Data  Gb  sound.o [1]
PowerLoadsSound         0x1fffa16c     0x4  Data  Gb  sound.o [1]
PowerOffSave            0x00012991   0x162  Code  Gb  common.o [1]
PowerOffSaveRead        0x00012af3    0x40  Code  Gb  common.o [1]
PowerStatus             0x00018331   0x4c2  Code  Gb  load_deal.o [1]
Power_Current_Valve     0x1fff8c3c    0x10  Data  Gb  ISR.o [1]
Power_Current_Valve_St  0x1fffa470     0x2  Data  Gb  display.o [1]
ProcessLoadOutput       0x0001b36d   0xfa8  Code  Gb  LoadOutputCondition.o [1]
PwmAdcValue             0x1fffa494     0x2  Data  Gb  sensor.o [1]
PwmLoadLogic            0x00015537   0x2e8  Code  Gb  load_deal.o [1]
PwmLoadOutType          0x1fffa4cf     0x1  Data  Gb  message.o [1]
PwmLoadShortCnt         0x1fffa486     0x2  Data  Gb  load_deal.o [1]
PwmShortCheck           0x000240f5   0x12c  Code  Gb  KeyDeal.o [1]
PwmShortSt              0x1fff9904     0x4  Data  Gb  KeyDeal.o [1]
PwmShortStNew           0x1fff98fc     0x4  Data  Gb  KeyDeal.o [1]
PwmShortStOld           0x1fff9900     0x4  Data  Gb  KeyDeal.o [1]
PwmboardLoad            0x1fff9a00     0x4  Data  Gb  load_deal.o [1]
RX_Multi_PGN            0x1fffa4b3     0x1  Data  Gb  J1939.o [1]
RamInit                 0x000269e5   0x1f2  Code  Gb  sysinit.o [1]
ReWrite_Delay           0x00013525    0x12  Code  Gb  common.o [1]
ReadI2C                 0x00011df5    0x38  Code  Gb  TW_FontOsd.o [1]
RealCarSpeed            0x1fffa496     0x2  Data  Gb  sensor.o [1]
RealTimeCnt             0x1fff9d24     0x8  Data  Gb  M41T00.o [1]
RefreshCnt_100ms        0x1fffa4a6     0x1  Data  Gb  display.o [1]
Region$$Table$$Base     0x00027be4           --   Gb  - Linker created -
Region$$Table$$Limit    0x00027bf4           --   Gb  - Linker created -
RightTurnSignalWarn     0x1fffa4c3     0x1  Data  Gb  Led.o [1]
SCG_Init                0x00026bd7    0x6e  Code  Gb  sysinit.o [1]
SCG_Init80M             0x00026c87    0x42  Code  Gb  sysinit.o [1]
SCG_Init8M              0x00026c45    0x42  Code  Gb  sysinit.o [1]
SENSOR_DATA_CONFIG      0x00050158   0x320  Data  Gb  configFile.o [1]
SENSOR_VIRTUAL_KEY_CONFIG
                        0x00050478   0x1b8  Data  Gb  configFile.o [1]
SOsdHwBuffClean         0x0001401b    0x50  Code  Gb  TW_SpiOsd.o [1]
SOsdHwBuffSetLut        0x000142fd    0x78  Code  Gb  TW_SpiOsd.o [1]
SOsdHwBuffSetRle        0x000142e3    0x14  Code  Gb  TW_SpiOsd.o [1]
SOsdHwBuffWrite2Hw      0x00014381   0x2aa  Code  Gb  TW_SpiOsd.o [1]
SOsdHwBuffWrite_Win     0x00014649   0x286  Code  Gb  TW_SpiOsd.o [1]
SOsdHwBuff_alpha        0x1fffa49c     0x2  Data  Lc  TW_SpiOsd.o [1]
SOsdHwBuff_rle_bpp      0x1fffa4f0     0x1  Data  Lc  TW_SpiOsd.o [1]
SOsdHwBuff_rle_count    0x1fffa4f1     0x1  Data  Lc  TW_SpiOsd.o [1]
SOsdHwBuff_rle_win      0x1fffa4ef     0x1  Data  Lc  TW_SpiOsd.o [1]
SOsdHwBuff_win          0x1fffa384    0x48  Data  Lc  TW_SpiOsd.o [1]
SOsdWinBuffAllClean     0x00013fc3    0x2e  Code  Gb  TW_SpiOsd.o [1]
SOsdWinBuffClean        0x00013ff1    0x2a  Code  Gb  TW_SpiOsd.o [1]
SPICMD_BYTES            0x1fffa4ec     0x1  Data  Gb  TW_FontOsd.o [1]
SPICMD_PROGRAM          0x1fffa4eb     0x1  Data  Gb  TW_FontOsd.o [1]
SPICMD_READ             0x1fffa4ea     0x1  Data  Gb  TW_FontOsd.o [1]
SPI_Init                0x00013c65    0x1c  Code  Gb  TW_SpiOsd.o [1]
SPI_QUADInit            0x000137e1   0x2f6  Code  Gb  TW_SpiOsd.o [1]
SPI_SetModeByRegister   0x00013ad7   0x18e  Code  Gb  TW_SpiOsd.o [1]
SSPLL_PowerUp           0x00013d45    0x42  Code  Gb  TW_SpiOsd.o [1]
SYSTICK_ISR             0x1fffa378     0x4  Data  Gb  systick.o [1]
ScanKey                 0x00024cb9    0xaa  Code  Gb  KeyDeal.o [1]
SendCan0Message         0x0001e179   0x2aa  Code  Gb  message.o [1]
SensorAdcValue          0x1fffa144     0xc  Data  Gb  sensor.o [1]
SensorDataToRoundBuf    0x00018d19    0x1c  Code  Gb  StepDeal.o [1]
SensorFaultSound        0x1fffa268     0x8  Data  Gb  sound.o [1]
SetCANBand              0x00020375   0x110  Code  Gb  ap_S32K1xx_FlexCAN.o [1]
SetDashboardVersion     0x000199f7    0xc6  Code  Gb  physicalq.o [1]
SetLedLeftState         0x1fffa4e0     0x1  Data  Gb  StepDeal.o [1]
SetLedRightState        0x1fffa4e1     0x1  Data  Gb  StepDeal.o [1]
SetPictureInfo          0x000148fd    0xa2  Code  Gb  TW_SpiOsd.o [1]
SharpnessCmd            0x000120f3    0x68  Code  Gb  TW_FontOsd.o [1]
ShowCnt                 0x1fffa472     0x2  Data  Gb  ISR.o [1]
ShowDir                 0x1fff8488     0x2  Data  Gb  ISR.o [1]
SinTbl                  0x00027c9c    0x18  Data  Gb  xgate.o [1]
SleepDelayCnt           0x1fffa490     0x2  Data  Gb  message.o [1]
SpeedBuf                0x1fff9910     0xc  Data  Gb  LcmDisp.o [1]
SpeedPwmOut             0x0001d255   0x106  Code  Gb  message.o [1]
SpeedRateTemp           0x1fffa47c     0x2  Data  Gb  LcmDisp.o [1]
SpiOsdEnableRLC         0x00013f39    0x42  Code  Gb  TW_SpiOsd.o [1]
SpiOsdResetRLC          0x0001406b    0x42  Code  Gb  TW_SpiOsd.o [1]
SpiOsdWinAllOff         0x0001499f    0x54  Code  Gb  TW_SpiOsd.o [1]
SpiOsdWinBase           0x00027d4c     0xc  Data  Gb  TW_SpiOsd.o [1]
SpiOsdWinBuffEnable     0x000142b7    0x2c  Code  Gb  TW_SpiOsd.o [1]
SpiOsdWinFillColor      0x000140f7    0x76  Code  Gb  TW_SpiOsd.o [1]
SpiOsdWinHWEnable       0x00013f7b    0x48  Code  Gb  TW_SpiOsd.o [1]
SpiOsdWinImageLoc       0x0001416d    0x26  Code  Gb  TW_SpiOsd.o [1]
SpiOsdWinImageLocBit    0x000140ad    0x26  Code  Gb  TW_SpiOsd.o [1]
SpiOsdWinImageSizeW     0x00014193    0x28  Code  Gb  TW_SpiOsd.o [1]
SpiOsdWinImageSizeWH    0x000141bb    0x36  Code  Gb  TW_SpiOsd.o [1]
SpiOsdWinLutOffset      0x000140d3    0x24  Code  Gb  TW_SpiOsd.o [1]
SpiOsdWinPixelAlpha     0x00014245    0x38  Code  Gb  TW_SpiOsd.o [1]
SpiOsdWinPixelWidth     0x0001427d    0x3a  Code  Gb  TW_SpiOsd.o [1]
SpiOsdWinScreen         0x000141f1    0x54  Code  Gb  TW_SpiOsd.o [1]
SpiWinBuff              0x1fffa3cc    0xa0  Data  Lc  TW_SpiOsd.o [1]
StLable                 0x00027d64     0x8  Data  Gb  CanMsgOut.o [1]
StartLogoDelay          0x1fffa4a2     0x1  Data  Gb  display.o [1]
StartStatus             0x1fffa4c4     0x1  Data  Gb  load_deal.o [1]
StatusPrara             0x00055044   0x280  Data  Gb  configFile.o [1]
StepDataBuf             0x1fffa2d8    0x9c  Data  Gb  StepDeal.o [1]
StepDeal                0x00019345    0xd0  Code  Gb  StepDeal.o [1]
Stop_Time_Cnt           0x1fffa4f4     0x1  Data  Gb  WaitTimer.o [1]
StorageBuffer           0x1fff8c80   0x6a4  Data  Gb  J1939.o [1]
StorageManagerCONST     0x00059f44    0x28  Data  Gb  configFile.o [1]
SysConfigData           0x00050000    0x74  Data  Gb  configFile.o [1]
SysTick_Handler         0x000272f9    0x12  Code  Gb  systick.o [1]
SysTick_Init            0x000272e5    0x12  Code  Gb  systick.o [1]
TPMS_PassWorld          0x1fff8a9c     0x8  Data  Gb  display.o [1]
TVPowerStability_Flag   0x1fffa4ed     0x1  Data  Gb  TW_FontOsd.o [1]
TW8835_I2C_delay        0x1fffa380     0x4  Data  Gb  TW_FontOsd.o [1]
TW88XX_Power            0x0001215b   0x154  Code  Gb  TW_FontOsd.o [1]
TW88XX_WatchDog_Flag    0x1fffa4ee     0x1  Data  Gb  TW_FontOsd.o [1]
TXWaitRelay             0x00019f15    0x5a  Code  Gb  J1939.o [1]
TX_TPMS_LearnEnd        0x00019f6f    0x5a  Code  Gb  J1939.o [1]
TftDutyCONST            0x00027dd4     0x4  Data  Gb  load_deal.o [1]
Time                    0x1fff84e0   0x140  Data  Gb  CanMsgOut.o [1]
TimeElement             0x1fff9d2c     0xc  Data  Gb  M41T00.o [1]
TimeFlag                0x1fff8c38     0x4  Data  Gb  ISR.o [1]
TimeMax                 0x00027d1c     0xc  Data  Gb  display.o [1]
TimeSet                 0x00019e1d    0xa6  Code  Gb  M41T00.o [1]
TopDriveLoadsSound      0x1fffa168     0x4  Data  Gb  sound.o [1]
TopDriverDiagnose       0x1fff9978    0x10  Data  Gb  load_deal.o [1]
TopDriverStatus         0x00017a21   0x63a  Code  Gb  load_deal.o [1]
TotalConsume            0x1fff9e90     0x4  Data  Gb  message.o [1]
TotalDistanceTimes      0x1fffa37c     0x4  Data  Gb  systick.o [1]
TpmsStudyStatus         0x1fff8a60     0x8  Data  Gb  display.o [1]
TpmsTimeCnt             0x1fff8a68     0x8  Data  Gb  display.o [1]
Trans_CANpkt            0x0001ad8d    0x24  Code  Gb  J1939.o [1]
Tw8835_Innolux_Pannal_Init_Data
                        0x00027330   0x240  Data  Gb  TW_FontOsd.o [1]
Tw_Pannal_Parameter_Init
                        0x00011e2d    0x58  Code  Gb  TW_FontOsd.o [1]
U32WaitTimerTicks       0x1fffa46c     0x4  Data  Lc  WaitTimer.o [1]
USR_LOAD_OV             0x1fff8738    0x20  Data  Gb  configFile.o [1]
USR_s_DeviceConfigData  0x1fff8758    0x18  Data  Gb  configFile.o [1]
USR_s_OV                0x1fff8664    0xd4  Data  Gb  configFile.o [1]
UpDownData              0x00027571    0x22  Code  Gb  main.o [1]
UserKeyConfig           0x00050074    0x4c  Data  Gb  configFile.o [1]
User_TimerInterrupt     0x000207d7    0x14  Code  Gb  WaitTimer.o [1]
V12_PowerDeal           0x0002441d    0xaa  Code  Gb  KeyDeal.o [1]
Version                 0x00027d34     0xc  Data  Gb  message.o [1]
VersionClear            0x00027d40     0xc  Data  Gb  physicalq.o [1]
VideoChannelSelect      0x00011f7b    0x3c  Code  Gb  TW_FontOsd.o [1]
VideoSignalDetect       0x00011f5b    0x20  Code  Gb  TW_FontOsd.o [1]
Video_Choose            0x1fffa4a1     0x1  Data  Gb  display.o [1]
Video_cnt               0x1fffa4a5     0x1  Data  Gb  display.o [1]
VirtualLoad             0x1fff99dc     0x8  Data  Gb  load_deal.o [1]
WORD_16_26_NEW          0x00027ce4    0x10  Data  Gb  TW_SpiOsd.o [1]
WaitTW8825SystemStability
                        0x000136ab    0x64  Code  Gb  TW_SpiOsd.o [1]
WaitTimerCheckOver      0x000207b9    0x14  Code  Gb  WaitTimer.o [1]
WaitTimerStart          0x000207cd     0xa  Code  Gb  WaitTimer.o [1]
WaitVBlank              0x00013711    0x5c  Code  Gb  TW_SpiOsd.o [1]
WakeUpInit              0x0001ddc1    0x2c  Code  Gb  message.o [1]
WaterTempFlahTime       0x1fffa4cc     0x1  Data  Gb  load_deal.o [1]
WriteClearStringToAddr  0x00012487    0xba  Code  Gb  TW_FontOsd.o [1]
WriteColor_StringToAddr
                        0x000123b9    0xce  Code  Gb  TW_FontOsd.o [1]
WriteI2C                0x00011dcb    0x2a  Code  Gb  TW_FontOsd.o [1]
_100msCnt               0x1fffa4ae     0x1  Data  Gb  ISR.o [1]
_10msCnt                0x1fffa4ac     0x1  Data  Gb  ISR.o [1]
_50msCnt                0x1fffa4ad     0x1  Data  Gb  ISR.o [1]
_BitMacros0             0x1fff849c     0x4  Data  Gb  BitMacros.o [1]
_BitMacros1             0x1fff84a0     0x4  Data  Gb  BitMacros.o [1]
_BitMacros12            0x1fff84b0     0x4  Data  Gb  BitMacros.o [1]
_BitMacros13            0x1fff84b4     0x4  Data  Gb  BitMacros.o [1]
_BitMacros20            0x1fff84b8     0x4  Data  Gb  BitMacros.o [1]
_BitMacros3             0x1fff84a4     0x4  Data  Gb  BitMacros.o [1]
_BitMacros4             0x1fff84a8     0x4  Data  Gb  BitMacros.o [1]
_BitMacros5             0x1fff84ac     0x4  Data  Gb  BitMacros.o [1]
__BOOT_STACK_ADDRESS {Abs}
                        0x20007ff8           --   Gb  command line/config [2]
__VECTOR_RAM {Abs}      0x1fff8000           --   Gb  command line/config [2]
__VECTOR_TABLE {Abs}    0x00008000           --   Gb  command line/config [2]
__cmain                 0x00027c11          Code  Gb  cmain.o [5]
__exit                  0x00027c41    0x14  Code  Gb  exit.o [6]
__iar_data_init3        0x00027b99    0x28  Code  Gb  data_init.o [5]
__iar_init_vfp          0x00027bc1          Code  Gb  fpinit_M.o [4]
__iar_program_start     0x00027d59          Code  Gb  cstartup_M.o [5]
__iar_unaligned___aeabi_memcpy
                        0x00018b11          Code  Gb  ABImemcpy_unaligned.o [5]
__iar_unaligned___aeabi_memcpy4
                        0x00018b31          Code  Gb  ABImemcpy_unaligned.o [5]
__iar_unaligned___aeabi_memcpy8
                        0x00018b31          Code  Gb  ABImemcpy_unaligned.o [5]
__iar_zero_init3        0x00027b1d    0x40  Code  Gb  zero_init3.o [5]
__low_level_init        0x00027c2b     0x4  Code  Gb  low_level_init.o [3]
__startup               0x00009001          Code  Gb  crt0.o [1]
__vector_table          0x00008000   0x410  Data  Gb  vectors.o [1]
_call_main              0x00027c1d          Code  Gb  cmain.o [5]
_exit                   0x00027c35          Code  Gb  cexit.o [5]
_main                   0x00027c27          Code  Gb  cmain.o [5]
abs                     0x00023ac9     0x8  Code  Gb  abs.o [3]
adToRes                 0x00025c6b    0x22  Code  Gb  sensor.o [1]
adToVoltage             0x00025c8d    0x14  Code  Gb  sensor.o [1]
adTophysical            0x00025a6d   0x120  Code  Gb  sensor.o [1]
adcValueToSwitch        0x000245a9    0x94  Code  Gb  KeyDeal.o [1]
adjustNewData           0x00018c9b    0x7e  Code  Gb  StepDeal.o [1]
arrangeDispBuffer       0x00012c49   0x112  Code  Gb  common.o [1]
average                 0x00018c75    0x26  Code  Gb  StepDeal.o [1]
averageUINT16DataWithoutMaxAndMin
                        0x00025be7    0x5a  Code  Gb  sensor.o [1]
back0_motor             0x00019561    0x8c  Code  Gb  StepDeal.o [1]
back0_motor_max         0x0001963d    0x44  Code  Gb  StepDeal.o [1]
back0_motor_min         0x00019681    0x40  Code  Gb  StepDeal.o [1]
back0_motor_off         0x000195ed    0x50  Code  Gb  StepDeal.o [1]
backDriveLost           0x0001d40f    0x5a  Code  Gb  message.o [1]
battery_req             0x0001ae51    0x42  Code  Gb  J1939.o [1]
bit16HexToAscii         0x00012bb7    0x2e  Code  Gb  common.o [1]
bit32HexToAscii         0x00012be5    0x2a  Code  Gb  common.o [1]
builtLcdText            0x0000c755   0x53a  Code  Gb  display.o [1]
bus_clk_khz             0x1fffa374     0x4  Data  Gb  sysinit.o [1]
calcDistance            0x0001e6a1    0x90  Code  Gb  LcmDisp.o [1]
calcPhysicalDirectRatioRes
                        0x00025ca1    0x5c  Code  Gb  sensor.o [1]
calcSpeed               0x0001e731    0x1e  Code  Gb  LcmDisp.o [1]
calcVolatage            0x00025c41    0x2a  Code  Gb  sensor.o [1]
can0Recieve_isr         0x00021de1    0x1a  Code  Gb  ISR.o [1]
can1Recieve_isr         0x00021dfb    0x1a  Code  Gb  ISR.o [1]
can2Recieve_isr         0x00021e15    0x18  Code  Gb  ISR.o [1]
canInit                 0x000201e1   0x194  Code  Gb  ap_S32K1xx_FlexCAN.o [1]
changeFrq               0x00027593    0x80  Code  Gb  main.o [1]
check_pos               0x00019415    0x8c  Code  Gb  StepDeal.o [1]
clearData               0x0001d38b    0x16  Code  Gb  message.o [1]
clearIntData            0x0001d3a1    0x16  Code  Gb  message.o [1]
closeConsumePin         0x00025641    0x2e  Code  Gb  KeyDeal.o [1]
common_startup          0x00027981    0x9c  Code  Gb  startup.o [1]
construct0              0x0000cca1    0xb8  Code  Gb  display.o [1]
construct1              0x0000cf8d    0x70  Code  Gb  display.o [1]
construct10             0x0000e84f    0x52  Code  Gb  display.o [1]
construct11             0x0000e971    0x64  Code  Gb  display.o [1]
construct12             0x0000ead3    0x64  Code  Gb  display.o [1]
construct13             0x0000ec3b    0x64  Code  Gb  display.o [1]
construct14             0x0000ed9d    0x64  Code  Gb  display.o [1]
construct15             0x0000eeff    0x64  Code  Gb  display.o [1]
construct16             0x0000f065    0x52  Code  Gb  display.o [1]
construct17             0x0000f1b1    0x46  Code  Gb  display.o [1]
construct18             0x0000f2c7    0x42  Code  Gb  display.o [1]
construct19             0x0000f3db    0x92  Code  Gb  display.o [1]
construct2              0x0000d1ed    0x64  Code  Gb  display.o [1]
construct20             0x0000f9c9    0xce  Code  Gb  display.o [1]
construct21             0x0000fdd9    0x8e  Code  Gb  display.o [1]
construct22             0x0000ff23    0x3a  Code  Gb  display.o [1]
construct23             0x0000ffe5    0x3a  Code  Gb  display.o [1]
construct24             0x000100d9    0x3a  Code  Gb  display.o [1]
construct25             0x000101d7    0x3a  Code  Gb  display.o [1]
construct26             0x000102d3    0x2e  Code  Gb  display.o [1]
construct27             0x000103bd    0x2e  Code  Gb  display.o [1]
construct28             0x000104a7    0x2e  Code  Gb  display.o [1]
construct29             0x00010591    0x3e  Code  Gb  display.o [1]
construct3              0x0000d449    0x3c  Code  Gb  display.o [1]
construct30             0x000107d1    0x4e  Code  Gb  display.o [1]
construct31             0x00010a0f    0x4c  Code  Gb  display.o [1]
construct32             0x00010c41    0xb2  Code  Gb  display.o [1]
construct33             0x00011269    0x42  Code  Gb  display.o [1]
construct34             0x00011371    0x5a  Code  Gb  display.o [1]
construct35             0x0001149f    0x68  Code  Gb  display.o [1]
construct36             0x000115d3    0x42  Code  Gb  display.o [1]
construct37             0x000116cd    0x34  Code  Gb  display.o [1]
construct38             0x000117b5    0x34  Code  Gb  display.o [1]
construct39             0x0001189d    0x34  Code  Gb  display.o [1]
construct4              0x0000d553    0x4e  Code  Gb  display.o [1]
construct5              0x0000d965    0xe8  Code  Gb  display.o [1]
construct6              0x0000de85    0x92  Code  Gb  display.o [1]
construct7              0x0000e41d    0x3c  Code  Gb  display.o [1]
construct8              0x0000e639    0x3a  Code  Gb  display.o [1]
construct9              0x0000e743    0x3a  Code  Gb  display.o [1]
count_speed             0x1fffa4c1     0x1  Data  Gb  LcmDisp.o [1]
dashboardStatus         0x00015fed   0x6a4  Code  Gb  load_deal.o [1]
dataCopy                0x00012e49    0x1c  Code  Gb  common.o [1]
dataCopyUint            0x00018bef    0x1c  Code  Gb  StepDeal.o [1]
deconstruct0            0x0000cf7b    0x12  Code  Gb  display.o [1]
deconstruct1            0x0000d1eb     0x2  Code  Gb  display.o [1]
deconstruct10           0x0000e96f     0x2  Code  Gb  display.o [1]
deconstruct11           0x0000eabf    0x14  Code  Gb  display.o [1]
deconstruct12           0x0000ec27    0x14  Code  Gb  display.o [1]
deconstruct13           0x0000ed89    0x14  Code  Gb  display.o [1]
deconstruct14           0x0000eeeb    0x14  Code  Gb  display.o [1]
deconstruct15           0x0000f04d    0x14  Code  Gb  display.o [1]
deconstruct16           0x0000f19f    0x12  Code  Gb  display.o [1]
deconstruct17           0x0000f2c5     0x2  Code  Gb  display.o [1]
deconstruct18           0x0000f3d9     0x2  Code  Gb  display.o [1]
deconstruct19           0x0000f9b1    0x18  Code  Gb  display.o [1]
deconstruct2            0x0000d447     0x2  Code  Gb  display.o [1]
deconstruct20           0x0000fdc1    0x18  Code  Gb  display.o [1]
deconstruct21           0x0000ff21     0x2  Code  Gb  display.o [1]
deconstruct22           0x0000ffe3     0x2  Code  Gb  display.o [1]
deconstruct23           0x000100d7     0x2  Code  Gb  display.o [1]
deconstruct24           0x000101d5     0x2  Code  Gb  display.o [1]
deconstruct25           0x000102d1     0x2  Code  Gb  display.o [1]
deconstruct26           0x000103bb     0x2  Code  Gb  display.o [1]
deconstruct27           0x000104a5     0x2  Code  Gb  display.o [1]
deconstruct28           0x0001058f     0x2  Code  Gb  display.o [1]
deconstruct29           0x000107cf     0x2  Code  Gb  display.o [1]
deconstruct3            0x0000d551     0x2  Code  Gb  display.o [1]
deconstruct30           0x00010a0d     0x2  Code  Gb  display.o [1]
deconstruct31           0x00010c3f     0x2  Code  Gb  display.o [1]
deconstruct32           0x00011267     0x2  Code  Gb  display.o [1]
deconstruct33           0x0001136f     0x2  Code  Gb  display.o [1]
deconstruct34           0x0001149d     0x2  Code  Gb  display.o [1]
deconstruct35           0x000115c1    0x12  Code  Gb  display.o [1]
deconstruct36           0x000116cb     0x2  Code  Gb  display.o [1]
deconstruct37           0x000117b3     0x2  Code  Gb  display.o [1]
deconstruct38           0x0001189b     0x2  Code  Gb  display.o [1]
deconstruct39           0x000119c5     0x2  Code  Gb  display.o [1]
deconstruct4            0x0000d78d     0x2  Code  Gb  display.o [1]
deconstruct5            0x0000de83     0x2  Code  Gb  display.o [1]
deconstruct6            0x0000e405    0x18  Code  Gb  display.o [1]
deconstruct7            0x0000e637     0x2  Code  Gb  display.o [1]
deconstruct8            0x0000e741     0x2  Code  Gb  display.o [1]
deconstruct9            0x0000e84d     0x2  Code  Gb  display.o [1]
default_isr             0x000119c7     0x2  Code  Gb  vectors.o [1]
delay1s                 0x1fffa49a     0x2  Data  Gb  StepDeal.o [1]
delay_us                0x00012975    0x1a  Code  Gb  common.o [1]
disInterfacePic         0x00009419   0x2c8  Code  Gb  display.o [1]
disLed                  0x0000924d    0xa6  Code  Gb  display.o [1]
disLogicCalculatePic    0x0000990d   0x8ca  Code  Gb  display.o [1]
disOsdLogicResult       0x0000a49d   0xcda  Code  Gb  display.o [1]
disSysDistance          0x0000a415    0x88  Code  Gb  display.o [1]
dis_content             0x1fff9d38   0x120  Data  Gb  message.o [1]
dis_count               0x1fffa48a     0x2  Data  Gb  message.o [1]
dispLeavingsTime        0x0000a2eb    0xb4  Code  Gb  display.o [1]
dispSysDay              0x0000a39f    0x76  Code  Gb  display.o [1]
dispSysTime             0x0000a279    0x72  Code  Gb  display.o [1]
displayMain             0x0000906b   0x1e2  Code  Gb  display.o [1]
do1GearSound            0x00020ff3    0x9c  Code  Gb  sound.o [1]
do2GearSound            0x0002108f    0xe6  Code  Gb  sound.o [1]
do3GearSound            0x00021175    0xc0  Code  Gb  sound.o [1]
do4GearSound            0x00021235    0xc0  Code  Gb  sound.o [1]
doAccOff                0x00018859    0xda  Code  Gb  load_deal.o [1]
doCfgPgckageEngineDiagnose
                        0x0001f3c5   0x1b0  Code  Gb  EngineDiagnose_DM1.o [1]
doDashBoardTemp         0x00025b8d    0x2e  Code  Gb  sensor.o [1]
doDiagnose              0x0000c065   0x10a  Code  Gb  display.o [1]
doDiagnoseStatus        0x000187f3    0x60  Code  Gb  load_deal.o [1]
doDistance              0x0001e4c5    0xbe  Code  Gb  LcmDisp.o [1]
doFaultWarning          0x0001d0fd    0x18  Code  Gb  message.o [1]
doGetRealTimeCompatible
                        0x0001f0d1    0x1a  Code  Gb  DS1302.o [1]
doInterfaceOsdlogic     0x0000b241   0xe14  Code  Gb  display.o [1]
doInterfacePiclogic     0x000096e1   0x1ce  Code  Gb  display.o [1]
doJ1939Data             0x0001a2d9    0xb0  Code  Gb  J1939.o [1]
doJ1939Msg              0x0001a0a3   0x1ba  Code  Gb  J1939.o [1]
doJ1939Translate        0x00026319   0x62e  Code  Gb  CanMsgOut.o [1]
doLCDBKLight            0x00018a1b    0x6a  Code  Gb  load_deal.o [1]
doLoads                 0x00015bc3    0x70  Code  Gb  load_deal.o [1]
doModuleErrorToStack    0x0001d115    0x8c  Code  Gb  message.o [1]
doMotor                 0x0001912d   0x218  Code  Gb  StepDeal.o [1]
doMultiPgckageEngineDiagnose
                        0x0001f589   0xa04  Code  Gb  EngineDiagnose_DM1.o [1]
doOnOff                 0x000189a5    0x76  Code  Gb  load_deal.o [1]
doSensor                0x00025709   0x364  Code  Gb  sensor.o [1]
doSignelPackageEngineDiagnose
                        0x0001f307    0xbe  Code  Gb  EngineDiagnose_DM1.o [1]
doVirtualKey            0x00024411     0xc  Code  Gb  KeyDeal.o [1]
dodeepSleep             0x00027779    0x28  Code  Gb  deepSleep.o [1]
driverLoads             0x0001552f     0x8  Code  Gb  load_deal.o [1]
enable_irq              0x000235e7    0xb6  Code  Gb  arm_cm4.o [1]
enginediagFlag1         0x1fffa4a9     0x1  Data  Gb  EngineDiagnose_DM1.o [1]
enginediagFlag2         0x1fffa4aa     0x1  Data  Gb  EngineDiagnose_DM1.o [1]
enginediagFlag3         0x1fffa4ab     0x1  Data  Gb  EngineDiagnose_DM1.o [1]
exit                    0x00027c2f     0x4  Code  Gb  exit.o [3]
filter                  0x0001e7a3    0xae  Code  Gb  LcmDisp.o [1]
filterGear3             0x00018b89    0x66  Code  Gb  StepDeal.o [1]
filterMedian            0x00018e05    0x24  Code  Gb  StepDeal.o [1]
filterMedianAverage     0x00018de9    0x1c  Code  Gb  StepDeal.o [1]
freeButtonvoltage       0x1fffa4bd     0x1  Data  Gb  KeyDeal.o [1]
freePort                0x00026cc9   0x222  Code  Gb  sysinit.o [1]
frontDoorOpenKey        0x00025181    0x6e  Code  Gb  KeyDeal.o [1]
frontDriveLost          0x0001d3b7    0x58  Code  Gb  message.o [1]
fual_value_require      0x0001ab6b    0x28  Code  Gb  J1939.o [1]
g_core_clock            0x1fff8484     0x4  Data  Gb  systick.o [1]
gear1WarnKey            0x00024221   0x1b2  Code  Gb  KeyDeal.o [1]
gear2WarnKey            0x000243d3    0x3e  Code  Gb  KeyDeal.o [1]
getButtonNum            0x00024d99   0x254  Code  Gb  KeyDeal.o [1]
getCarEngSpeedChannel   0x00019c91   0x12e  Code  Gb  physicalq.o [1]
getCarSpeedChannel      0x00019b2b   0x166  Code  Gb  physicalq.o [1]
getCarSpeedTimes        0x0001e89d    0x30  Code  Gb  motorPatch.o [1]
getDisParameter         0x00018e29   0x292  Code  Gb  StepDeal.o [1]
getDriverLoadImage      0x00015451    0xde  Code  Gb  load_deal.o [1]
getEngineSpeed          0x0001a25d    0x20  Code  Gb  J1939.o [1]
getIcoWarn              0x000207f5   0x1e8  Code  Gb  sound.o [1]
getInsideVirtualKey     0x00025cfd   0x230  Code  Gb  sensor.o [1]
getJ1939Data            0x0001a3ad   0x3d2  Code  Gb  J1939.o [1]
getJ1939MsgFromRd       0x0001a2a5    0x34  Code  Gb  J1939.o [1]
getJ1939VirtualKey      0x0001a781   0x3ea  Code  Gb  J1939.o [1]
getTotalConsume         0x0001a27d    0x28  Code  Gb  J1939.o [1]
getValueOPTO            0x00025f75    0x46  Code  Gb  BacklightControl.o [1]
have_key                0x1fffa4bb     0x1  Data  Gb  KeyDeal.o [1]
hc595_init              0x0001c331    0x9e  Code  Gb  Led.o [1]
highonlykey             0x00024b01    0x90  Code  Gb  KeyDeal.o [1]
hw_adc_init             0x0001cb81    0x2e  Code  Gb  ap_S32K1xx_adc.o [1]
hw_adc_once             0x0001cbaf    0x64  Code  Gb  ap_S32K1xx_adc.o [1]
initDS1302pin           0x0001f0eb    0x52  Code  Gb  DS1302.o [1]
initDashboardLoadOutputPin
                        0x0001588f    0x60  Code  Gb  load_deal.o [1]
initDisParameter        0x0000903d    0x2e  Code  Gb  display.o [1]
initEepromData          0x000130a3   0x2a4  Code  Gb  common.o [1]
initHc4051              0x000253a9    0x7e  Code  Gb  KeyDeal.o [1]
initKeyPort             0x00024c61    0x3e  Code  Gb  KeyDeal.o [1]
initKeyVariable         0x00024081    0x74  Code  Gb  KeyDeal.o [1]
initLoadsParameter      0x00018933    0x72  Code  Gb  load_deal.o [1]
initModuleDetectParameter
                        0x0001d663    0x76  Code  Gb  message.o [1]
initSensorData          0x0001e423    0x22  Code  Gb  message.o [1]
initSpeedBuf            0x0001e74f    0x54  Code  Gb  LcmDisp.o [1]
init_motor              0x00023abd     0xc  Code  Gb  xgate.o [1]
init_motor_data         0x000239b7    0x54  Code  Gb  xgate.o [1]
init_motor_io           0x00023a49    0x74  Code  Gb  xgate.o [1]
insertDot               0x00012c0f    0x3a  Code  Gb  common.o [1]
insidePhysStatus        0x00019aed    0x3e  Code  Gb  physicalq.o [1]
j1939Lost               0x0001d5b3    0xb0  Code  Gb  message.o [1]
j1939MsgTemp            0x1fff9860    0x10  Data  Gb  J1939.o [1]
keyDeal_dataInit        0x00024069    0x18  Code  Gb  KeyDeal.o [1]
lastLedLeftState        0x1fffa4dc     0x1  Data  Gb  StepDeal.o [1]
lastLedRightState       0x1fffa4dd     0x1  Data  Gb  StepDeal.o [1]
ledInit                 0x0001c4d3    0x2c  Code  Gb  Led.o [1]
ledInterface            0x0001c4ff   0x5e6  Code  Gb  Led.o [1]
ledShow                 0x1fff992c     0x4  Data  Gb  Led.o [1]
lednumBuf               0x00027dbc     0x8  Data  Gb  Led.o [1]
listen_mode_flag        0x1fffa4af     0x1  Data  Gb  ISR.o [1]
loadOpenOrShortSoundWarn
                        0x00020a63    0x7c  Code  Gb  sound.o [1]
loadTovirtualKey        0x0001af2d   0x332  Code  Gb  LoadOutputCondition.o [1]
lowHighKey              0x00024b91    0xd0  Code  Gb  KeyDeal.o [1]
lowOnlyKey              0x00024a51    0xb0  Code  Gb  KeyDeal.o [1]
lpit0Init               0x000271a5    0xdc  Code  Gb  ap_lpit.o [1]
lpit0_ch0_isr           0x000214f1   0x2be  Code  Gb  ISR.o [1]
lpit0_ch1_isr           0x000217af   0x21c  Code  Gb  ISR.o [1]
lpit0_ch2_isr           0x000219cb    0x92  Code  Gb  ISR.o [1]
lpit0_ch3_isr           0x00021a5d   0x292  Code  Gb  ISR.o [1]
lpit0_isr               0x000214b5    0x3c  Code  Gb  ISR.o [1]
lptmr_init              0x00023ad1    0x3e  Code  Gb  ap_S32K1xx_lptmr.o [1]
lptmr_set_hz            0x00023b0f    0x3a  Code  Gb  ap_S32K1xx_lptmr.o [1]
lpuart_putchar          0x00027cc9     0xc  Code  Gb  uart.o [1]
main                    0x00027613   0x124  Code  Gb  main.o [1]
middleDoorKey           0x00025091    0x68  Code  Gb  KeyDeal.o [1]
middleDoorOpenKey       0x00025109    0x6a  Code  Gb  KeyDeal.o [1]
middleDriveLost         0x0001d469    0x5a  Code  Gb  message.o [1]
moduleLost              0x0001d35b    0x30  Code  Gb  message.o [1]
motorPost               0x000196c1   0x12e  Code  Gb  StepDeal.o [1]
motorStep               0x1fffa4e5     0x1  Data  Gb  StepDeal.o [1]
motor_micro_update      0x00023881   0x136  Code  Gb  xgate.o [1]
motor_move              0x000194a1    0xc0  Code  Gb  StepDeal.o [1]
motor_update            0x000236f1   0x190  Code  Gb  xgate.o [1]
moveBackAData           0x00018c0b    0x20  Code  Gb  StepDeal.o [1]
msgProc0                0x0000cd81   0x1fa  Code  Gb  display.o [1]
msgProc1                0x0000d001   0x1ea  Code  Gb  display.o [1]
msgProc10               0x0000e8a5    0xca  Code  Gb  display.o [1]
msgProc11               0x0000e9d5    0xea  Code  Gb  display.o [1]
msgProc12               0x0000eb41    0xe6  Code  Gb  display.o [1]
msgProc13               0x0000ec9f    0xea  Code  Gb  display.o [1]
msgProc14               0x0000ee01    0xea  Code  Gb  display.o [1]
msgProc15               0x0000ef63    0xea  Code  Gb  display.o [1]
msgProc16               0x0000f0bd    0xe2  Code  Gb  display.o [1]
msgProc17               0x0000f1f7    0xca  Code  Gb  display.o [1]
msgProc18               0x0000f309    0xca  Code  Gb  display.o [1]
msgProc19               0x0000f475   0x53c  Code  Gb  display.o [1]
msgProc2                0x0000d255   0x1f2  Code  Gb  display.o [1]
msgProc20               0x0000fa97   0x32a  Code  Gb  display.o [1]
msgProc21               0x0000fe67    0xb2  Code  Gb  display.o [1]
msgProc22               0x0000ff5d    0x86  Code  Gb  display.o [1]
msgProc23               0x00010025    0xb2  Code  Gb  display.o [1]
msgProc24               0x00010121    0xb4  Code  Gb  display.o [1]
msgProc25               0x00010215    0xbc  Code  Gb  display.o [1]
msgProc26               0x00010301    0xba  Code  Gb  display.o [1]
msgProc27               0x000103eb    0xba  Code  Gb  display.o [1]
msgProc28               0x000104d5    0xba  Code  Gb  display.o [1]
msgProc29               0x000105e1   0x1ee  Code  Gb  display.o [1]
msgProc3                0x0000d485    0xcc  Code  Gb  display.o [1]
msgProc30               0x0001081f   0x1e8  Code  Gb  display.o [1]
msgProc31               0x00010a69   0x1d6  Code  Gb  display.o [1]
msgProc32               0x00010cfd   0x56a  Code  Gb  display.o [1]
msgProc33               0x000112b5    0xba  Code  Gb  display.o [1]
msgProc34               0x000113cb    0xd2  Code  Gb  display.o [1]
msgProc35               0x00011507    0xba  Code  Gb  display.o [1]
msgProc36               0x00011615    0xb6  Code  Gb  display.o [1]
msgProc37               0x00011701    0xb2  Code  Gb  display.o [1]
msgProc38               0x000117e9    0xb2  Code  Gb  display.o [1]
msgProc39               0x000118e1    0xb2  Code  Gb  display.o [1]
msgProc4                0x0000d5a5   0x1dc  Code  Gb  display.o [1]
msgProc5                0x0000da79   0x40a  Code  Gb  display.o [1]
msgProc6                0x0000df17   0x4ee  Code  Gb  display.o [1]
msgProc7                0x0000e465   0x1d2  Code  Gb  display.o [1]
msgProc8                0x0000e679    0xc2  Code  Gb  display.o [1]
msgProc9                0x0000e785    0xc4  Code  Gb  display.o [1]
oldDiagnoseContent      0x1fff8a84    0x14  Data  Gb  display.o [1]
oldLedLeftState         0x1fffa4de     0x1  Data  Gb  StepDeal.o [1]
oldLedRightState        0x1fffa4df     0x1  Data  Gb  StepDeal.o [1]
out_char                0x00027cb5     0xe  Code  Gb  io.o [1]
pU8StatusData           0x1fff8a80     0x4  Data  Gb  display.o [1]
physicalToStep          0x000190bb    0x72  Code  Gb  StepDeal.o [1]
pop_dis                 0x0001d1df    0x76  Code  Gb  message.o [1]
powerContorolDriveLost  0x0001d563    0x50  Code  Gb  message.o [1]
powerDriveLost          0x0001d51d    0x46  Code  Gb  message.o [1]
printf                  0x0002400f    0x1e  Code  Gb  printf.o [1]
printk                  0x00023c39   0x3d6  Code  Gb  printf.o [1]
printk_mknumstr         0x00023b8d    0x70  Code  Lc  printf.o [1]
printk_pad_space        0x00023c1b    0x1e  Code  Lc  printf.o [1]
printk_pad_zero         0x00023bfd    0x1e  Code  Lc  printf.o [1]
printk_putc             0x00023b61    0x2c  Code  Lc  printf.o [1]
push_dis                0x0001d1a1    0x3e  Code  Gb  message.o [1]
rGearKey                0x00025025    0x64  Code  Gb  KeyDeal.o [1]
read_data               0x1fff864c    0x18  Data  Gb  common.o [1]
recordingStTime         0x1fff8c2c     0x8  Data  Gb  infoManage.o [1]
renewSound              0x00020dd1   0x198  Code  Gb  sound.o [1]
resetback0              0x1fffa4db     0x1  Data  Gb  StepDeal.o [1]
saveUINT16DataToRoundBuf
                        0x00025bcb    0x1c  Code  Gb  sensor.o [1]
scanKey                 0x00024ff9    0x2c  Code  Gb  KeyDeal.o [1]
send_can_packet         0x1fff93ec    0x10  Data  Gb  J1939.o [1]
sensorFaultSound        0x00020adf   0x2f2  Code  Gb  sound.o [1]
set_irq_priority        0x0002369d    0x28  Code  Gb  arm_cm4.o [1]
shadow_r4e0             0x1fffa4f2     0x1  Data  Gb  TW_SpiOsd.o [1]
shadow_r4e1             0x1fffa4f3     0x1  Data  Gb  TW_SpiOsd.o [1]
showWord                0x00009405    0x14  Code  Gb  display.o [1]
sign32Bit               0x00012e65    0x16  Code  Gb  common.o [1]
sleep_mode              0x0001de01     0x2  Code  Gb  message.o [1]
sort                    0x00018c2b    0x4a  Code  Gb  StepDeal.o [1]
sound                   0x000209dd    0x86  Code  Gb  sound.o [1]
sound_byte_compare      0x00020f69    0x6e  Code  Gb  sound.o [1]
speedBase               0x1fff8c74     0x4  Data  Gb  ISR.o [1]
speedBios               0x1fff8c78     0x4  Data  Gb  ISR.o [1]
speedDealFlag           0x1fff8c7c     0x4  Data  Gb  ISR.o [1]
speedStepRefreshCnt     0x1fff8410     0x4  Data  Gb  motorPatch.o [1]
start                   0x00027cf5    0x10  Code  Gb  start.o [1]
startStatus             0x0001581f    0x70  Code  Gb  load_deal.o [1]
strlen                  0x00024031          Code  Gb  strlen.o [5]
sysFrq                  0x1fffa4ce     0x1  Data  Gb  main.o [1]
sysInit                 0x00026eed   0x13a  Code  Gb  sysinit.o [1]
temperatureScaleChange  0x00025bbb    0x10  Code  Gb  sensor.o [1]
testJ1939IdNum          0x0001ae99    0x36  Code  Gb  J1939.o [1]
topDriveLost            0x0001d4c3    0x5a  Code  Gb  message.o [1]
turnOnConsumePin        0x000255fd    0x44  Code  Gb  KeyDeal.o [1]
updataRealTime          0x00019ec3    0x3e  Code  Gb  M41T00.o [1]
wait_key                0x1fffa4bc     0x1  Data  Gb  KeyDeal.o [1]
wdog_disable            0x00027bf5    0x14  Code  Gb  wdog.o [1]
wheel_key               0x1fffa478     0x2  Data  Gb  KeyDeal.o [1]
write_data              0x1fff8634    0x18  Data  Gb  common.o [1]
write_vtor              0x000235e1     0x6  Code  Gb  arm_cm4.o [1]


[1] = F:\配置软件相关\223项目\ZB223_0A_bg_20161121\ZB223_01\ZB223BYY0A\Obj
[2] = command line
[3] = dl7M_tln.a
[4] = m7M_tls.a
[5] = rt7M_tl.a
[6] = shb_l.a

  124 706 bytes of readonly  code memory
  112 090 bytes of readonly  data memory
    8 419 bytes of readwrite data memory

Errors: none
Warnings: none
